=== Converting 58 cached objects ===
       15 EXPLORER 6                         8 TLEs (from local cache)
      170 EXPLORER 12                        3 TLEs (from local cache)
      675 ERS 12                             7 TLEs (from local cache)
      838 ERS 13                             6 TLEs (from local cache)
     1621 MOLNIYA 1-2                       12 TLEs (from local cache)
     2501 MOLNIYA 1-4                       42 TLEs (from local cache)
     3145 ATLAS AGENA D R/B                662 TLEs (from local cache)
     3619 COSMOS 260                       190 TLEs (from local cache)
     5689 SL-6 R/B(2)                      134 TLEs (from local cache)
     5814 HEOS 2                             2 TLEs (from local cache)
     5878 ATLAS CENTAUR R/B(1)              24 TLEs (from local cache)
     5988 DELTA 1 DEB *                    445 TLEs (from local cache)
     6034 SL-6 R/B(2)                      229 TLEs (from local cache)
     6364 PROGNOZ 3                         12 TLEs (from local cache)
     6426 ATLAS CENTAUR R/B(1)              19 TLEs (from local cache)
     6741 SL-6 R/B(2)                      169 TLEs (from local cache)
     6815 SL-6 R/B(2)                      187 TLEs (from local cache)
     7096 SKYNET 2A                          5 TLEs (from local cache)
     9888 COSMOS 862 DEB                    33 TLEs (from local cache)
     9892 COSMOS 862 DEB                  5990 TLEs (from local cache)
     9893 COSMOS 862 DEB                     7 TLEs (from local cache)
     9894 COSMOS 862 DEB                    10 TLEs (from local cache)
    10422 ISEE 1                           498 TLEs (from local cache)
    10423 ISEE 2                           433 TLEs (from local cache)
    14095 EXOSAT                           136 TLEs (from local cache)
    14301 COSMOS 1456 DEB                   66 TLEs (from local cache)
    14306 COSMOS 1456 DEB                   38 TLEs (from local cache)
    15201 UKS 1 (AMPTE)                     21 TLEs (from local cache)
    18954 ARIANE 3 DEB (SYLDA)              27 TLEs (from local cache)
    20352 GRANAT                           333 TLEs (from local cache)
    23658 ATLAS 2AS CENTAUR R/B             10 TLEs (from local cache)
    23780 ATLAS 2AS CENTAUR R/B              5 TLEs (from local cache)
    23804 DELTA 2 R/B(2)                    43 TLEs (from local cache)
    24210 ARIANE 44L+3 R/B                  21 TLEs (from local cache)
    24835 CZ-3A R/B                         27 TLEs (from local cache)
    24881 ATLAS 2AS CENTAUR R/B              3 TLEs (from local cache)
    24933 ARIANE 44LP R/B                   27 TLEs (from local cache)
    25355 CZ-3B R/B                         10 TLEs (from local cache)
    25631 ATLAS 2AS CENTAUR R/B              4 TLEs (from local cache)
    26412 FREGAT R/B                         2 TLEs (from local cache)
    26465 FREGAT R/B                         3 TLEs (from local cache)
    26667 ARIANE 44P R/B                     2 TLEs (from local cache)
    27900 COSMOS 1217 DEB                   77 TLEs (from local cache)
    29641 CZ-3A R/B                          7 TLEs (from local cache)
    32039 BREEZE-M DEB                      30 TLEs (from local cache)
    35813 CZ-3B R/B                         11 TLEs (from local cache)
    38587 BREEZE-M DEB                     130 TLEs (from local cache)
    40598 DELTA 4 DEB                        2 TLEs (from local cache)
    41553 FALCON 9 R/B                     456 TLEs (from local cache)
    42979 SL-12 DEB                        883 TLEs (from local cache)
    42985 FALCON 9 R/B                     426 TLEs (from local cache)
    44187 FALCON 9 R/B                      94 TLEs (from local cache)
    45464 TDO 2 SPACECRAFT                  79 TLEs (from local cache)
    45497 SL-12 DEB                        534 TLEs (from local cache)
    56758 FALCON 9 R/B                     277 TLEs (from local cache)
    60607 CZ-7A R/B                         21 TLEs (from local cache)
    64785 FALCON 9 R/B                       5 TLEs (from local cache)
    68538 ARTEMIS 2 (INTEGRITY)             13 TLEs (from local cache)

=== Fetching 122 new objects in batches of 40 ===

fetching gp_history for 40 objects (1-40 of 122)...
       17 THOR ABLE R/B                      1 TLEs (fetched)
      432 EXPLORER 14 (SERB 53A)             2 TLEs (fetched)
      889 EXPLORER 21 (IMP-2)                8 TLEs (fetched)
     1460 ERS 17                             2 TLEs (fetched)
     2817 EXPLORER 34 (IMP-4)                8 TLEs (fetched)
     2822 MOLNIYA 1-5                      219 TLEs (fetched)
     3429 ERS 28 (OV5-2)                    18 TLEs (fetched)
     3993 DELTA 1 R/B                        0 TLEs -- no gp_history data returned
     4336 MOLNIYA 1-13                     729 TLEs (fetched)
     4779 MOLNIYA 1-16                     516 TLEs (fetched)
     4829 MOLNIYA 1-17                     257 TLEs (fetched)
     5043 EXPLORER 43 (IMP-6)                4 TLEs (fetched)
     5367 MOLNIYA 1-18                     554 TLEs (fetched)
     5620 MOLNIYA 2-1                      222 TLEs (fetched)
     5941 PROGNOZ 1                         13 TLEs (fetched)
     6031 MOLNIYA 2-2                      230 TLEs (fetched)
     6068 PROGNOZ 2                          1 TLEs (fetched)
     6208 MOLNIYA 2-3                      423 TLEs (fetched)
     6231 MOLNIYA 1-21                     408 TLEs (fetched)
     6294 MOLNIYA 1-22                     219 TLEs (fetched)
     6308 MOLNIYA 2-4                      120 TLEs (fetched)
     6356 MOLNIYA 1-23                     274 TLEs (fetched)
     6418 MOLNIYA 2-5                      325 TLEs (fetched)
     6805 MOLNIYA 1-24                     277 TLEs (fetched)
     6877 MOLNIYA 2-7                      887 TLEs (fetched)
     6932 MOLNIYA 1-25                     264 TLEs (fetched)
     7248 SL-12 R/B(AUX MOTOR)              99 TLEs (fetched)
     7249 SL-12 R/B(AUX MOTOR)             109 TLEs (fetched)
     7325 EXPLORER 52 (HAWKEYE)             25 TLEs (fetched)
     7568 TITAN 3E CENTAUR R/B(1)            0 TLEs -- no gp_history data returned
     8414 SL-12 R/B(AUX MOTOR)              93 TLEs (fetched)
     8415 SL-12 R/B(AUX MOTOR)             117 TLEs (fetched)
     9540 SL-12 R/B(AUX MOTOR)              25 TLEs (fetched)
    10276 SL-12 R/B(AUX MOTOR)              22 TLEs (fetched)
    10277 SL-12 R/B(AUX MOTOR)               5 TLEs (fetched)
    10370 PROGNOZ 6                       1776 TLEs (fetched)
    10408 SL-12 R/B(AUX MOTOR)               7 TLEs (fetched)
    10425 DELTA 1 R/B(2)                     0 TLEs -- no gp_history data returned
    10484 SL-12 R/B(AUX MOTOR)               7 TLEs (fetched)
    11700 COSMOS 1164                        1 TLEs (fetched)

fetching gp_history for 40 objects (41-80 of 122)...
    11801 SL-12 R/B(AUX MOTOR)              22 TLEs (fetched)
    11802 SL-12 R/B(AUX MOTOR)              98 TLEs (fetched)
    11859 SL-12 R/B(AUX MOTOR)              45 TLEs (fetched)
    11860 SL-12 R/B(AUX MOTOR)              76 TLEs (fetched)
    11914 SL-12 R/B(AUX MOTOR)              65 TLEs (fetched)
    11923 SL-12 R/B(AUX MOTOR)              59 TLEs (fetched)
    12012 SL-12 R/B(AUX MOTOR)              47 TLEs (fetched)
    12013 SL-12 R/B(AUX MOTOR)              54 TLEs (fetched)
    12116 PROGNOZ 8                          5 TLEs (fetched)
    12396 SL-12 R/B(AUX MOTOR)              18 TLEs (fetched)
    12603 SL-12 R/B(AUX MOTOR)               6 TLEs (fetched)
    12633 SL-12 R/B(AUX MOTOR)              34 TLEs (fetched)
    12634 SL-12 R/B(AUX MOTOR)              10 TLEs (fetched)
    12902 SL-12 R/B(AUX MOTOR)              45 TLEs (fetched)
    13099 SL-12 R/B(AUX MOTOR)              25 TLEs (fetched)
    13218 SL-12 R/B(AUX MOTOR)              42 TLEs (fetched)
    13584 SL-12 R/B(AUX MOTOR)               3 TLEs (fetched)
    13644 SL-12 R/B(AUX MOTOR)              27 TLEs (fetched)
    13675 SL-12 R/B(AUX MOTOR)              10 TLEs (fetched)
    13676 SL-12 R/B(AUX MOTOR)              63 TLEs (fetched)
    13885 SL-12 R/B(AUX MOTOR)             183 TLEs (fetched)
    13913 SL-12 R/B(AUX MOTOR)            2270 TLEs (fetched)
    13980 SL-12 R/B(AUX MOTOR)              43 TLEs (fetched)
    14166 SL-12 R/B(AUX MOTOR)              62 TLEs (fetched)
    14789 SL-12 R/B(AUX MOTOR)              32 TLEs (fetched)
    14828 SL-12 R/B(AUX MOTOR)             170 TLEs (fetched)
    14829 SL-12 R/B(AUX MOTOR)             191 TLEs (fetched)
    14945 SL-12 R/B(AUX MOTOR)              42 TLEs (fetched)
    15160 SL-12 R/B(AUX MOTOR)             150 TLEs (fetched)
    15577 SL-12 R/B(AUX MOTOR)              25 TLEs (fetched)
    15632 SL-12 R/B(AUX MOTOR)              23 TLEs (fetched)
    15633 SL-12 R/B(AUX MOTOR)              19 TLEs (fetched)
    15664 SL-6 R/B(2)                        5 TLEs (fetched)
    16670 SL-12 R/B(AUX MOTOR)              23 TLEs (fetched)
    16733 SL-12 R/B(AUX MOTOR)              54 TLEs (fetched)
    17149 SL-12 R/B(AUX MOTOR)               8 TLEs (fetched)
    17709 SL-12 R/B(AUX MOTOR)              13 TLEs (fetched)
    17710 SL-12 R/B(AUX MOTOR)              50 TLEs (fetched)
    17909 SL-12 R/B(AUX MOTOR)              10 TLEs (fetched)
    18111 SL-12 R/B(AUX MOTOR)             383 TLEs (fetched)

fetching gp_history for 40 objects (81-120 of 122)...
    18447 SL-12 R/B(AUX MOTOR)             110 TLEs (fetched)
    18448 SL-12 R/B(AUX MOTOR)              96 TLEs (fetched)
    18528 SL-12 R/B(AUX MOTOR)             147 TLEs (fetched)
    18635 SL-12 R/B(AUX MOTOR)              69 TLEs (fetched)
    18636 SL-12 R/B(AUX MOTOR)              89 TLEs (fetched)
    19036 SL-12 R/B(AUX MOTOR)              31 TLEs (fetched)
    19037 SL-12 R/B(AUX MOTOR)              20 TLEs (fetched)
    19082 SL-12 R/B(AUX MOTOR)              19 TLEs (fetched)
    19083 SL-12 R/B(AUX MOTOR)              11 TLEs (fetched)
    19093 SL-12 R/B(AUX MOTOR)              20 TLEs (fetched)
    20354 SL-12 R/B                        237 TLEs (fetched)
    20372 SL-12 R/B(AUX MOTOR)             103 TLEs (fetched)
    21024 SL-12 R/B(AUX MOTOR)              85 TLEs (fetched)
    21739 SL-12 R/B(AUX MOTOR)              17 TLEs (fetched)
    21740 SL-12 R/B(AUX MOTOR)              51 TLEs (fetched)
    21764 SL-12 R/B(AUX MOTOR)              72 TLEs (fetched)
    23635 SL-6 R/B(2)                        8 TLEs (fetched)
    25517 ARIANE 42L R/B                     0 TLEs -- no gp_history data returned
    26558 DELTA 1 R/B                        0 TLEs -- no gp_history data returned
    27542 SL-12 R/B(2)                    1059 TLEs (fetched)
    27963 SL-12 DEB                        319 TLEs (fetched)
    27967 SL-12 DEB                        237 TLEs (fetched)
    28001 SL-12 DEB                          4 TLEs (fetched)
    28014 SL-12 DEB                          1 TLEs (fetched)
    28015 SL-12 DEB                          2 TLEs (fetched)
    28037 SL-12 DEB                          2 TLEs (fetched)
    28219 ATLAS 2AS CENTAUR R/B              0 TLEs -- no gp_history data returned
    28260 SL-12 DEB                        444 TLEs (fetched)
    28680 SL-12 DEB                         44 TLEs (fetched)
    28681 SL-12 DEB                          3 TLEs (fetched)
    28927 STARDUST SRC                       0 TLEs -- no gp_history data returned
    29025 SL-12 DEB                          4 TLEs (fetched)
    29462 SL-12 DEB                        145 TLEs (fetched)
    29473 SL-12 DEB                         94 TLEs (fetched)
    31801 CZ-3B R/B                          1 TLEs (fetched)
    32259 ATLAS 5 CENTAUR R/B                0 TLEs -- no gp_history data returned
    34201 SL-12 DEB                        165 TLEs (fetched)
    39461 FALCON 9 R/B                      60 TLEs (fetched)
    39501 FALCON 9 R/B                      76 TLEs (fetched)
    40006 DELTA 4 DEB                        1 TLEs (fetched)

fetching gp_history for 2 objects (121-122 of 122)...
    68539 TACHELES                           1 TLEs (fetched)
    68541 K-RADCUBE                          1 TLEs (fetched)

180 total: 156 with >=3 TLEs (usable), 8 empty (no data returned -- likely too-old catalog objects not in Space-Track's history for this NORAD range)
Written: scratch_rpe/new_candidates_fetch_log.csv
