[SW] epoch-resolved density: ENABLED

 ===== 42928 PSLV-C39          
  [INFO] G2 BN floor estimate=   77.89 -> bn_lo=   38.94
  Z 1: exit= 1 pts=  7340 BN=   86.38
  Z 2: exit= 1 pts=  5333 BN=  120.84
  Z 3: exit= 1 pts=  5031 BN=   80.07
  Z 4: exit= 1 pts=  7016 BN=   90.96
  [WARN] Z 5: GA optimum at search boundary -- true value may lie outside the search range
  Z 5: exit= 1 pts=  6182 BN=  117.09
  Z 6: exit= 1 pts=  4269 BN=  110.43
  Z 7: exit= 1 pts=  1657 BN=   80.33
  [WARN] Z 8: GA optimum at search boundary -- true value may lie outside the search range
  Z 8: exit= 1 pts=   203 BN=  124.14
  Z1: e=  0.3208 BN=  86.38 RPE=   21.65%  zstat= 0
  Z2: e=  0.2946 BN= 120.84 RPE=   -0.02%  zstat= 0
  Z3: e=  0.2869 BN=  80.07 RPE=   -0.62%  zstat= 0
  Z4: e=  0.2797 BN=  90.96 RPE=   42.16%  zstat= 0
  Z5: e=  0.2739 BN= 117.09 RPE=   31.34%  zstat= 2
  Z6: e=  0.2258 BN= 110.43 RPE=   26.68%  zstat= 0
  Z7: e=  0.1387 BN=  80.33 RPE=   18.26%  zstat= 0
  Z8: e=  0.0813 BN= 124.14 RPE=  -19.22%  zstat= 2
  ensemble (8 of 8 zones): mean JD=  2458589.160 std=   70.2 d
  ENSEMBLE RPE =     8.30%
 [PROGRESS]  14% ( 1 of  7 objects done)

 ===== 35497 Ariane 5 ESC-A    
  [INFO] G2 BN floor estimate=   98.39 -> bn_lo=   49.20
  [WARN] Z 1: GA optimum at search boundary -- true value may lie outside the search range
  Z 1: exit= 0 pts=  7382 BN=   50.35
  Z 2: exit= 0 pts=  7492 BN=  141.50
  Z 3: exit= 0 pts=  7516 BN=  121.98
  Z 4: exit= 0 pts=  7652 BN=   81.89
  Z 5: exit= 1 pts=  6762 BN=   93.08
  [WARN] Z 6: GA optimum at search boundary -- true value may lie outside the search range
  Z 6: exit= 1 pts=  2237 BN=  159.97
  [WARN] Z 7: GA optimum at search boundary -- true value may lie outside the search range
  Z 7: exit= 1 pts=   468 BN=  159.92
  [WARN] Z 8: RSM envelope does not bound  42 of  47 observations -- proceeding anyway
  [WARN] Z 8: GA optimum at search boundary -- true value may lie outside the search range
  Z 8: exit= 1 pts=    40 BN=  158.51
  Z1: e=  0.6049 BN=  50.35 (no re-entry)  zstat= 2
  Z2: e=  0.6024 BN= 141.50 (no re-entry)  zstat= 0
  Z3: e=  0.6020 BN= 121.98 (no re-entry)  zstat= 0
  Z4: e=  0.5979 BN=  81.89 (no re-entry)  zstat= 0
  Z5: e=  0.5810 BN=  93.08 RPE=  383.32%  zstat= 0
  Z6: e=  0.5545 BN= 159.97 RPE=  109.41%  zstat= 2
  Z7: e=  0.4680 BN= 159.92 RPE=  -13.23%  zstat= 2
  Z8: e=  0.3581 BN= 158.51 RPE=  -75.75%  zstat= 2
  ensemble (4 of 8 zones): mean JD=  2457754.827 std=  372.9 d
  ENSEMBLE RPE =    14.65%
 [PROGRESS]  28% ( 2 of  7 objects done)

 ===== 37151 Long March 3B     
  [INFO] G2 BN floor estimate=   64.91 -> bn_lo=   32.46
  Z 1: exit= 0 pts=  8795 BN=   79.23
  Z 2: exit= 0 pts=  9680 BN=   58.22
  Z 3: exit= 1 pts=  4656 BN=   78.26
  Z 4: exit= 1 pts=  3611 BN=   94.02
  Z 5: exit= 1 pts=  3683 BN=   67.42
  Z 6: exit= 1 pts= 11515 BN=   73.24
  Z 7: exit= 1 pts=  2418 BN=   90.52
  [WARN] Z 8: RSM envelope does not bound   4 of   9 observations -- proceeding anyway
  [WARN] Z 8: GA optimum at search boundary -- true value may lie outside the search range
  Z 8: exit= 1 pts=    27 BN=  124.45
  Z1: e=  0.5577 BN=  79.23 (no re-entry)  zstat= 0
  Z2: e=  0.5299 BN=  58.22 (no re-entry)  zstat= 0
  Z3: e=  0.5160 BN=  78.26 RPE=    3.93%  zstat= 0
  Z4: e=  0.5095 BN=  94.02 RPE=  -13.91%  zstat= 0
  Z5: e=  0.4810 BN=  67.42 RPE=   -0.99%  zstat= 0
  Z6: e=  0.4162 BN=  73.24 RPE=  262.38%  zstat= 0
  Z7: e=  0.3681 BN=  90.52 RPE=    6.28%  zstat= 0
  Z8: e=  0.0704 BN= 124.45 RPE=    4.90%  zstat= 2
  ensemble (6 of 8 zones): mean JD=  2457365.974 std=  334.8 d
  ENSEMBLE RPE =     0.86%
 [PROGRESS]  42% ( 3 of  7 objects done)

 ===== 39615 Proton-M Briz-M   
  [INFO] G2 BN floor estimate=   60.55 -> bn_lo=   30.28
  [INFO] Z 1: G3 BSTAR prior narrows BN to [  32.69, 160.00]
  Z 1: exit= 1 pts=  1625 BN=   83.94
  Z 2: exit= 0 pts=  9860 BN=   59.78
  Z 3: exit= 0 pts= 10866 BN=   71.92
  Z 4: exit= 0 pts= 11179 BN=   85.45
  Z 5: exit= 1 pts=  3130 BN=   79.65
  [WARN] Z 6: GA optimum at search boundary -- true value may lie outside the search range
  Z 6: exit= 1 pts=  3829 BN=   53.08
  Z 7: exit= 1 pts=  1836 BN=   65.49
  Z 8: exit= 1 pts=   261 BN=   59.70
  Z1: e=  0.5535 BN=  83.94 RPE=  -64.68%  zstat= 0
  Z2: e=  0.5260 BN=  59.78 (no re-entry)  zstat= 0
  Z3: e=  0.4937 BN=  71.92 (no re-entry)  zstat= 0
  Z4: e=  0.4838 BN=  85.45 (no re-entry)  zstat= 0
  Z5: e=  0.4436 BN=  79.65 RPE=  -15.64%  zstat= 0
  Z6: e=  0.3364 BN=  53.08 RPE=   64.50%  zstat= 2
  Z7: e=  0.3012 BN=  65.49 RPE=   -1.65%  zstat= 0
  Z8: e=  0.1130 BN=  59.70 RPE=   32.14%  zstat= 0
  ensemble (5 of 8 zones): mean JD=  2458008.910 std=  207.7 d
  ENSEMBLE RPE =    -0.43%
 [PROGRESS]  57% ( 4 of  7 objects done)

 ===== 27526 Ariane 5 R/B      
  [INFO] G2 BN floor estimate=   56.37 -> bn_lo=   28.19
  Z 1: exit= 0 pts=  8441 BN=   70.23
  Z 2: exit= 1 pts=  8851 BN=   79.30
  Z 3: exit= 1 pts=  2615 BN=   89.47
  Z 4: exit= 1 pts=  3027 BN=   95.00
  Z 5: exit= 1 pts=  1896 BN=   85.43
  Z 6: exit= 1 pts=  1622 BN=   71.97
  [WARN] Z 7: GA optimum at search boundary -- true value may lie outside the search range
  Z 7: exit= 1 pts=   911 BN=  123.15
  Z 8: exit= 1 pts=   255 BN=  103.12
  Z1: e=  0.5708 BN=  70.23 (no re-entry)  zstat= 0
  Z2: e=  0.4982 BN=  79.30 RPE=  191.32%  zstat= 0
  Z3: e=  0.4464 BN=  89.47 RPE=   20.19%  zstat= 0
  Z4: e=  0.4285 BN=  95.00 RPE=   44.68%  zstat= 0
  Z5: e=  0.4096 BN=  85.43 RPE=    1.01%  zstat= 0
  Z6: e=  0.3896 BN=  71.97 RPE=   -3.84%  zstat= 0
  Z7: e=  0.3735 BN= 123.15 RPE=  -39.42%  zstat= 2
  Z8: e=  0.1343 BN= 103.12 RPE=   13.51%  zstat= 0
  ensemble (7 of 8 zones): mean JD=  2456058.583 std=  271.4 d
  ENSEMBLE RPE =     0.34%
 [PROGRESS]  71% ( 5 of  7 objects done)

 ===== 32007 GSLV R/B          
  [INFO] G2 BN floor estimate=   42.72 -> bn_lo=   21.36
  Z 1: exit= 1 pts= 12737 BN=   69.32
  [WARN] Z 2: GA optimum at search boundary -- true value may lie outside the search range
  Z 2: exit= 1 pts= 15774 BN=   49.17
  Z 3: exit= 1 pts= 15903 BN=   71.46
  Z 4: exit= 1 pts=  9129 BN=   53.40
  Z 5: exit= 1 pts=  5513 BN=   58.54
  Z 6: exit= 1 pts=  7369 BN=   51.84
  Z 7: exit= 1 pts=  3766 BN=   54.46
  Z 8: exit= 1 pts=   349 BN=   68.61
  Z1: e=  0.2849 BN=  69.32 RPE=   12.41%  zstat= 0
  Z2: e=  0.2774 BN=  49.17 RPE=   43.09%  zstat= 2
  Z3: e=  0.2644 BN=  71.46 RPE=   56.77%  zstat= 0
  Z4: e=  0.2251 BN=  53.40 RPE=   21.22%  zstat= 0
  Z5: e=  0.1999 BN=  58.54 RPE=   -6.99%  zstat= 0
  Z6: e=  0.1939 BN=  51.84 RPE=   29.80%  zstat= 0
  Z7: e=  0.1614 BN=  54.46 RPE=    3.83%  zstat= 0
  Z8: e=  0.0474 BN=  68.61 RPE=   15.64%  zstat= 0
  ensemble (8 of 8 zones): mean JD=  2455475.110 std=  187.7 d
  ENSEMBLE RPE =    12.76%
 [PROGRESS]  85% ( 6 of  7 objects done)

 ===== 37819 Proton-M R/B      
  [INFO] G2 BN floor estimate=   56.17 -> bn_lo=   28.08
  [INFO] Z 1: G3 BSTAR prior narrows BN to [  28.59, 160.00]
  Z 1: exit= 1 pts=  5017 BN=   73.34
  Z 2: exit= 1 pts=  3732 BN=   61.31
  [WARN] Z 3: GA optimum at search boundary -- true value may lie outside the search range
  Z 3: exit= 1 pts=  2690 BN=   45.47
  Z 4: exit= 1 pts=  2526 BN=   55.41
  Z 5: exit= 1 pts=  2098 BN=   55.66
  [INFO] Z 6: G3 BSTAR prior narrows BN to [  33.61,  84.80]
  Z 6: exit= 1 pts=  1758 BN=   58.80
  Z 7: exit= 1 pts=  1681 BN=   56.15
  [INFO] Z 8: G3 BSTAR prior narrows BN to [  37.90,  83.34]
  Z 8: exit= 1 pts=    85 BN=   59.05
  Z1: e=  0.4105 BN=  73.34 RPE=   22.66%  zstat= 0
  Z2: e=  0.3771 BN=  61.31 RPE=    8.44%  zstat= 0
  Z3: e=  0.3544 BN=  45.47 RPE=  -13.29%  zstat= 2
  Z4: e=  0.3447 BN=  55.41 RPE=  -14.01%  zstat= 0
  Z5: e=  0.3211 BN=  55.66 RPE=  -18.93%  zstat= 0
  Z6: e=  0.2926 BN=  58.80 RPE=  -21.36%  zstat= 0
  Z7: e=  0.2746 BN=  56.15 RPE=  -17.85%  zstat= 0
  Z8: e=  0.0447 BN=  59.05 RPE=   37.07%  zstat= 0
  ensemble (8 of 8 zones): mean JD=  2456513.801 std=   55.1 d
  ENSEMBLE RPE =    -8.22%
 [PROGRESS] 100% ( 7 of  7 objects done)

 campaign complete -> scratch_rpe/rpe_campaign_weather.csv
