
 ===== 42928 PSLV-C39          
  [INFO] G2 BN floor estimate=  102.11 -> bn_lo=   51.05
  Z 1: exit= 1 pts=  6213 BN=   97.23
  Z 2: exit= 1 pts=  5683 BN=  143.27
  Z 3: exit= 1 pts=  5181 BN=  142.05
  Z 4: exit= 1 pts=  3631 BN=  100.07
  Z 5: exit= 1 pts=  4340 BN=   98.74
  Z 6: exit= 1 pts=  3791 BN=   72.51
  Z 7: exit= 1 pts=  1894 BN=   77.64
  Z 8: exit= 1 pts=  1297 BN=   97.32
  Z1: e=  0.2789 BN=  97.23 RPE=   27.20%  zstat= 0
  Z2: e=  0.2732 BN= 143.27 RPE=   21.50%  zstat= 0
  Z3: e=  0.2699 BN= 142.05 RPE=   12.90%  zstat= 0
  Z4: e=  0.2615 BN= 100.07 RPE=  -16.26%  zstat= 0
  Z5: e=  0.2356 BN=  98.74 RPE=   17.51%  zstat= 0
  Z6: e=  0.2106 BN=  72.51 RPE=   26.90%  zstat= 0
  Z7: e=  0.1635 BN=  77.64 RPE=    2.67%  zstat= 0
  Z8: e=  0.1338 BN=  97.32 RPE=   -0.01%  zstat= 0
  ensemble (8 of 8 zones): mean JD=  2458582.565 std=   52.6 d
  ENSEMBLE RPE =     9.24%
 [PROGRESS]  14% ( 1 of  7 objects done)

 ===== 35497 Ariane 5 ESC-A    
  [INFO] G2 BN floor estimate=   85.20 -> bn_lo=   42.60
  Z 1: exit= 0 pts=  7610 BN=   79.66
  Z 2: exit= 1 pts=  4908 BN=   64.93
  Z 3: exit= 1 pts=  6788 BN=   78.82
  Z 4: exit= 1 pts=  7035 BN=   94.16
  Z 5: exit= 1 pts=  6070 BN=  129.34
  [WARN] Z 6: GA optimum at search boundary -- true value may lie outside the search range
  Z 6: exit= 1 pts=  1356 BN=  159.91
  [WARN] Z 7: GA optimum at search boundary -- true value may lie outside the search range
  Z 7: exit= 1 pts=   434 BN=  159.17
  [WARN] Z 8: GA optimum at search boundary -- true value may lie outside the search range
  Z 8: exit= 1 pts=   266 BN=  159.45
  Z1: e=  0.5992 BN=  79.66 (no re-entry)  zstat= 0
  Z2: e=  0.5940 BN=  64.93 RPE=  205.52%  zstat= 0
  Z3: e=  0.5781 BN=  78.82 RPE=  397.58%  zstat= 0
  Z4: e=  0.5742 BN=  94.16 RPE=  432.76%  zstat= 0
  Z5: e=  0.5648 BN= 129.34 RPE=  400.76%  zstat= 0
  Z6: e=  0.5466 BN= 159.91 RPE=   35.45%  zstat= 2
  Z7: e=  0.4995 BN= 159.17 RPE=  -30.01%  zstat= 2
  Z8: e=  0.3861 BN= 159.45 RPE=  -27.97%  zstat= 2
  ensemble (7 of 8 zones): mean JD=  2458044.480 std=  335.2 d
  ENSEMBLE RPE =   126.72%
 [PROGRESS]  28% ( 2 of  7 objects done)

 ===== 37151 Long March 3B     
  [WARN] Z 1: RSM envelope does not bound   1 of  25 observations -- proceeding anyway
  [WARN] Z 1: GA optimum at search boundary -- true value may lie outside the search range
  Z 1: exit= 0 pts=  8302 BN=   80.08
  [WARN] Z 2: GA optimum at search boundary -- true value may lie outside the search range
  Z 2: exit= 0 pts=  9653 BN=   82.38
  [WARN] Z 3: GA optimum at search boundary -- true value may lie outside the search range
  Z 3: exit= 1 pts=  3698 BN=   83.21
  [WARN] Z 4: GA optimum at search boundary -- true value may lie outside the search range
  Z 4: exit= 0 pts= 10682 BN=   83.31
  [WARN] Z 5: GA optimum at search boundary -- true value may lie outside the search range
  Z 5: exit= 1 pts=  4683 BN=   80.17
  [WARN] Z 6: GA optimum at search boundary -- true value may lie outside the search range
  Z 6: exit= 1 pts=  4318 BN=   80.06
  [WARN] Z 7: GA optimum at search boundary -- true value may lie outside the search range
  Z 7: exit= 0 pts= 11910 BN=   80.79
  Z 8: exit= 1 pts=  2150 BN=  101.62
  Z1: e=  0.5746 BN=  80.08 (no re-entry)  zstat= 2
  Z2: e=  0.5311 BN=  82.38 (no re-entry)  zstat= 2
  Z3: e=  0.5086 BN=  83.21 RPE=  -10.99%  zstat= 2
  Z4: e=  0.4982 BN=  83.31 (no re-entry)  zstat= 2
  Z5: e=  0.4856 BN=  80.17 RPE=   24.78%  zstat= 2
  Z6: e=  0.4818 BN=  80.06 RPE=   18.91%  zstat= 2
  Z7: e=  0.4607 BN=  80.79 (no re-entry)  zstat= 2
  Z8: e=  0.3177 BN= 101.62 RPE=   28.08%  zstat= 0
  ensemble (4 of 8 zones): mean JD=  2457403.290 std=   73.7 d
  ENSEMBLE RPE =     4.27%
 [PROGRESS]  42% ( 3 of  7 objects done)

 ===== 39615 Proton-M Briz-M   
  [INFO] G2 BN floor estimate=   56.38 -> bn_lo=   28.19
  Z 1: exit= 1 pts=  2020 BN=   74.53
  [INFO] Z 2: G3 BSTAR prior narrows BN to [  29.79, 160.00]
  Z 2: exit= 0 pts=  9858 BN=   64.83
  Z 3: exit= 0 pts= 11633 BN=   77.97
  Z 4: exit= 1 pts=  3103 BN=   76.33
  Z 5: exit= 1 pts=  4996 BN=   75.66
  Z 6: exit= 1 pts=  2406 BN=   74.12
  Z 7: exit= 1 pts=  2234 BN=   73.80
  Z 8: exit= 1 pts=  2556 BN=   72.21
  Z1: e=  0.5476 BN=  74.53 RPE=  -55.65%  zstat= 0
  Z2: e=  0.5260 BN=  64.83 (no re-entry)  zstat= 0
  Z3: e=  0.4696 BN=  77.97 (no re-entry)  zstat= 0
  Z4: e=  0.4431 BN=  76.33 RPE=  -16.64%  zstat= 0
  Z5: e=  0.3302 BN=  75.66 RPE=  123.16%  zstat= 0
  Z6: e=  0.3135 BN=  74.12 RPE=   20.92%  zstat= 0
  Z7: e=  0.3027 BN=  73.80 RPE=   18.82%  zstat= 0
  Z8: e=  0.2818 BN=  72.21 RPE=   52.43%  zstat= 0
  ensemble (6 of 8 zones): mean JD=  2458006.683 std=  188.1 d
  ENSEMBLE RPE =    -0.81%
 [PROGRESS]  57% ( 4 of  7 objects done)

 ===== 27526 Ariane 5 R/B      
  [INFO] G2 BN floor estimate=   42.60 -> bn_lo=   21.30
  Z 1: exit= 0 pts=  8640 BN=   45.33
  Z 2: exit= 0 pts= 10273 BN=   48.23
  Z 3: exit= 1 pts=  7464 BN=   78.43
  Z 4: exit= 1 pts=  2198 BN=   80.59
  Z 5: exit= 1 pts=  1951 BN=   67.68
  Z 6: exit= 1 pts=  1550 BN=   83.70
  [INFO] Z 7: G3 BSTAR prior narrows BN to [  22.13, 160.00]
  Z 7: exit= 1 pts=  1922 BN=   88.36
  [WARN] Z 8: GA optimum at search boundary -- true value may lie outside the search range
  Z 8: exit= 1 pts=   208 BN=  142.56
  Z1: e=  0.5637 BN=  45.33 (no re-entry)  zstat= 0
  Z2: e=  0.5105 BN=  48.23 (no re-entry)  zstat= 0
  Z3: e=  0.4951 BN=  78.43 RPE=  155.78%  zstat= 0
  Z4: e=  0.4074 BN=  80.59 RPE=   18.76%  zstat= 0
  Z5: e=  0.3614 BN=  67.68 RPE=   30.75%  zstat= 0
  Z6: e=  0.3479 BN=  83.70 RPE=   10.24%  zstat= 0
  Z7: e=  0.3060 BN=  88.36 RPE=   69.75%  zstat= 0
  Z8: e=  0.1193 BN= 142.56 RPE=   12.59%  zstat= 2
  ensemble (6 of 8 zones): mean JD=  2456169.154 std=  200.6 d
  ENSEMBLE RPE =    19.40%
 [PROGRESS]  71% ( 5 of  7 objects done)

 ===== 32007 GSLV R/B          
  [INFO] G2 BN floor estimate=   53.74 -> bn_lo=   26.87
  Z 1: exit= 0 pts= 17979 BN=   58.64
  Z 2: exit= 1 pts= 15786 BN=   55.42
  Z 3: exit= 1 pts= 11133 BN=   86.77
  Z 4: exit= 1 pts= 10935 BN=   78.02
  Z 5: exit= 1 pts=  8390 BN=   71.60
  Z 6: exit= 1 pts=  4264 BN=   69.71
  Z 7: exit= 1 pts=  4935 BN=   68.91
  Z 8: exit= 1 pts=  2702 BN=   62.26
  Z1: e=  0.2869 BN=  58.64 (no re-entry)  zstat= 0
  Z2: e=  0.2527 BN=  55.42 RPE=   62.35%  zstat= 0
  Z3: e=  0.2508 BN=  86.77 RPE=   19.39%  zstat= 0
  Z4: e=  0.2227 BN=  78.02 RPE=   47.52%  zstat= 0
  Z5: e=  0.1812 BN=  71.60 RPE=   67.79%  zstat= 0
  Z6: e=  0.1413 BN=  69.71 RPE=   48.47%  zstat= 0
  Z7: e=  0.1368 BN=  68.91 RPE=   80.81%  zstat= 0
  Z8: e=  0.1084 BN=  62.26 RPE=   71.36%  zstat= 0
  ensemble (7 of 8 zones): mean JD=  2455564.645 std=  138.8 d
  ENSEMBLE RPE =    21.69%
 [PROGRESS]  85% ( 6 of  7 objects done)

 ===== 37819 Proton-M R/B      
  [INFO] G2 BN floor estimate=   35.26 -> bn_lo=   17.63
  [INFO] Z 1: G3 BSTAR prior narrows BN to [  18.92, 160.00]
  Z 1: exit= 1 pts=  2648 BN=   59.91
  [INFO] Z 2: G3 BSTAR prior narrows BN to [  26.46, 160.00]
  Z 2: exit= 1 pts=  3056 BN=   69.05
  [INFO] Z 3: G3 BSTAR prior narrows BN to [  26.28, 160.00]
  Z 3: exit= 1 pts=  2489 BN=   64.62
  [INFO] Z 4: G3 BSTAR prior narrows BN to [  27.64, 160.00]
  Z 4: exit= 1 pts=  2244 BN=   71.94
  [INFO] Z 5: G3 BSTAR prior narrows BN to [  26.83, 160.00]
  Z 5: exit= 1 pts=  2081 BN=   66.00
  [INFO] Z 6: G3 BSTAR prior narrows BN to [  26.17, 160.00]
  Z 6: exit= 1 pts=  2016 BN=   55.72
  [INFO] Z 7: G3 BSTAR prior narrows BN to [  28.74, 160.00]
  Z 7: exit= 1 pts=  1773 BN=   61.53
  [INFO] Z 8: G3 BSTAR prior narrows BN to [  28.41, 160.00]
  Z 8: exit= 1 pts=  1768 BN=   57.93
  Z1: e=  0.4459 BN=  59.91 RPE=  -42.04%  zstat= 0
  Z2: e=  0.3420 BN=  69.05 RPE=    6.44%  zstat= 0
  Z3: e=  0.3170 BN=  64.62 RPE=   -0.88%  zstat= 0
  Z4: e=  0.2952 BN=  71.94 RPE=   -0.18%  zstat= 0
  Z5: e=  0.2764 BN=  66.00 RPE=    1.53%  zstat= 0
  Z6: e=  0.2662 BN=  55.72 RPE=    3.07%  zstat= 0
  Z7: e=  0.2351 BN=  61.53 RPE=    7.37%  zstat= 0
  Z8: e=  0.2232 BN=  57.93 RPE=   14.84%  zstat= 0
  ensemble (8 of 8 zones): mean JD=  2456525.814 std=   81.5 d
  ENSEMBLE RPE =    -4.10%
 [PROGRESS] 100% ( 7 of  7 objects done)

 campaign complete -> scratch_rpe/rpe_campaign_7obj_issue31.csv
