
 ===== 42928 PSLV-C39          
  [INFO] G2 BN floor estimate=  102.11 -> bn_lo=   51.05
  Z 1: exit= 1 pts=  6276 BN=   98.17
  [WARN] Z 2: GA optimum at search boundary -- true value may lie outside the search range
  Z 2: exit= 1 pts=  4984 BN=  125.25
  Z 3: exit= 1 pts=  5582 BN=  152.69
  [WARN] Z 4: GA optimum at search boundary -- true value may lie outside the search range
  Z 4: exit= 1 pts=  4668 BN=  134.22
  [WARN] Z 5: GA optimum at search boundary -- true value may lie outside the search range
  Z 5: exit= 1 pts=  4667 BN=  106.09
  [WARN] Z 6: GA optimum at search boundary -- true value may lie outside the search range
  Z 6: exit= 1 pts=  3758 BN=   71.99
  [INFO] Z 7: G3 BSTAR prior narrows BN to [  18.84, 140.93]
  Z 7: exit= 1 pts=  1923 BN=   79.03
  Z 8: exit= 1 pts=  1243 BN=   93.31
  Z1: e=  0.2789 BN=  98.17 RPE=   28.48%  zstat= 0
  Z2: e=  0.2734 BN= 125.25 RPE=    6.50%  zstat= 2
  Z3: e=  0.2698 BN= 152.69 RPE=   21.65%  zstat= 0
  Z4: e=  0.2610 BN= 134.22 RPE=    7.82%  zstat= 2
  Z5: e=  0.2354 BN= 106.09 RPE=   26.30%  zstat= 2
  Z6: e=  0.2105 BN=  71.99 RPE=   25.79%  zstat= 2
  Z7: e=  0.1631 BN=  79.03 RPE=    4.17%  zstat= 0
  Z8: e=  0.1338 BN=  93.31 RPE=   -4.15%  zstat= 0
  ensemble (8 of 8 zones): mean JD=  2458593.295 std=   41.0 d
  ENSEMBLE RPE =    11.92%
 [PROGRESS]  12% ( 1 of  8 objects done, this chunk)

 ===== 35497 Ariane 5 ESC-A    
  [INFO] G2 BN floor estimate=   85.20 -> bn_lo=   42.60
  Z 1: exit= 0 pts=  7608 BN=   76.02
  Z 2: exit= 1 pts=  4908 BN=   64.93
  Z 3: exit= 1 pts=  6065 BN=   69.67
  [WARN] Z 4: GA optimum at search boundary -- true value may lie outside the search range
  Z 4: exit= 1 pts=  6230 BN=   84.30
  [WARN] Z 5: GA optimum at search boundary -- true value may lie outside the search range
  Z 5: exit= 1 pts=  4527 BN=  105.07
  [WARN] Z 6: GA optimum at search boundary -- true value may lie outside the search range
  Z 6: exit= 1 pts=  1027 BN=  137.69
  [WARN] Z 7: GA optimum at search boundary -- true value may lie outside the search range
  Z 7: exit= 1 pts=   490 BN=  187.16
  Z 8: exit= 1 pts=   367 BN=  237.04
  Z1: e=  0.5993 BN=  76.02 (no re-entry)  zstat= 0
  Z2: e=  0.5940 BN=  64.93 RPE=  205.52%  zstat= 0
  Z3: e=  0.5781 BN=  69.67 RPE=  342.39%  zstat= 0
  Z4: e=  0.5742 BN=  84.30 RPE=  370.66%  zstat= 2
  Z5: e=  0.5653 BN= 105.07 RPE=  275.32%  zstat= 2
  Z6: e=  0.5481 BN= 137.69 RPE=    5.43%  zstat= 2
  Z7: e=  0.4963 BN= 187.16 RPE=  -21.30%  zstat= 2
  Z8: e=  0.3780 BN= 237.04 RPE=   -1.11%  zstat= 0
  ensemble (7 of 8 zones): mean JD=  2457988.061 std=  288.3 d
  ENSEMBLE RPE =   106.41%
 [PROGRESS]  25% ( 2 of  8 objects done, this chunk)

 ===== 37151 Long March 3B     
  [WARN] Z 1: GA optimum at search boundary -- true value may lie outside the search range
  Z 1: exit= 0 pts=  8302 BN=   80.41
  [WARN] Z 2: GA optimum at search boundary -- true value may lie outside the search range
  Z 2: exit= 0 pts=  9648 BN=   80.31
  [WARN] Z 3: GA optimum at search boundary -- true value may lie outside the search range
  Z 3: exit= 1 pts=  3657 BN=   80.09
  Z 4: exit= 0 pts= 10664 BN=   69.03
  Z 5: exit= 1 pts=  4258 BN=   63.87
  [WARN] Z 6: GA optimum at search boundary -- true value may lie outside the search range
  Z 6: exit= 1 pts=  3395 BN=   42.27
  [INFO] Z 7: G3 BSTAR prior narrows BN to [  16.25,  87.27]
  Z 7: exit= 1 pts=  7202 BN=   51.09
  [WARN] Z 8: GA optimum at search boundary -- true value may lie outside the search range
  Z 8: exit= 1 pts=  1516 BN=   70.30
  Z1: e=  0.5746 BN=  80.41 (no re-entry)  zstat= 2
  Z2: e=  0.5312 BN=  80.31 (no re-entry)  zstat= 2
  Z3: e=  0.5086 BN=  80.09 RPE=  -12.13%  zstat= 2
  Z4: e=  0.4988 BN=  69.03 (no re-entry)  zstat= 0
  Z5: e=  0.4864 BN=  63.87 RPE=   12.53%  zstat= 0
  Z6: e=  0.4826 BN=  42.27 RPE=   -8.81%  zstat= 2
  Z7: e=  0.4615 BN=  51.09 RPE=   96.43%  zstat= 0
  Z8: e=  0.3193 BN=  70.30 RPE=   -9.33%  zstat= 2
  ensemble (5 of 8 zones): mean JD=  2457421.163 std=  177.1 d
  ENSEMBLE RPE =     6.02%
 [PROGRESS]  37% ( 3 of  8 objects done, this chunk)

 ===== 39615 Proton-M Briz-M   
  [INFO] G2 BN floor estimate=   56.38 -> bn_lo=   28.19
  Z 1: exit= 1 pts=  2020 BN=   74.53
  Z 2: exit= 1 pts=  8610 BN=   51.74
  Z 3: exit= 0 pts= 11631 BN=   58.70
  Z 4: exit= 1 pts=  2807 BN=   62.81
  Z 5: exit= 1 pts=  3316 BN=   57.82
  [WARN] Z 6: GA optimum at search boundary -- true value may lie outside the search range
  Z 6: exit= 1 pts=  1712 BN=   54.16
  Z 7: exit= 1 pts=  1656 BN=   54.80
  Z 8: exit= 1 pts=  1892 BN=   54.65
  Z1: e=  0.5476 BN=  74.53 RPE=  -55.65%  zstat= 0
  Z2: e=  0.5260 BN=  51.74 RPE=   63.27%  zstat= 0
  Z3: e=  0.4696 BN=  58.70 (no re-entry)  zstat= 0
  Z4: e=  0.4430 BN=  62.81 RPE=  -25.26%  zstat= 0
  Z5: e=  0.3302 BN=  57.82 RPE=   49.31%  zstat= 0
  Z6: e=  0.3135 BN=  54.16 RPE=  -13.64%  zstat= 2
  Z7: e=  0.3027 BN=  54.80 RPE=  -11.79%  zstat= 0
  Z8: e=  0.2816 BN=  54.65 RPE=   12.85%  zstat= 0
  ensemble (7 of 8 zones): mean JD=  2458010.622 std=  207.9 d
  ENSEMBLE RPE =    -0.15%
 [PROGRESS]  50% ( 4 of  8 objects done, this chunk)

 ===== 27526 Ariane 5 R/B      
  [INFO] G2 BN floor estimate=   42.60 -> bn_lo=   21.30
  Z 1: exit= 0 pts=  8641 BN=   48.97
  Z 2: exit= 0 pts= 10267 BN=   42.41
  Z 3: exit= 1 pts=  7464 BN=   78.43
  Z 4: exit= 1 pts=  1789 BN=   67.11
  [WARN] Z 5: GA optimum at search boundary -- true value may lie outside the search range
  Z 5: exit= 1 pts=  1481 BN=   50.08
  [WARN] Z 6: GA optimum at search boundary -- true value may lie outside the search range
  Z 6: exit= 1 pts=  1365 BN=   72.07
  Z 7: exit= 1 pts=  1914 BN=   88.10
  [WARN] Z 8: GA optimum at search boundary -- true value may lie outside the search range
  Z 8: exit= 1 pts=   170 BN=  107.60
  Z1: e=  0.5637 BN=  48.97 (no re-entry)  zstat= 0
  Z2: e=  0.5107 BN=  42.41 (no re-entry)  zstat= 0
  Z3: e=  0.4951 BN=  78.43 RPE=  155.78%  zstat= 0
  Z4: e=  0.4073 BN=  67.11 RPE=   -2.83%  zstat= 0
  Z5: e=  0.3602 BN=  50.08 RPE=   -0.75%  zstat= 2
  Z6: e=  0.3477 BN=  72.07 RPE=   -3.13%  zstat= 2
  Z7: e=  0.3057 BN=  88.10 RPE=   68.92%  zstat= 0
  Z8: e=  0.1260 BN= 107.60 RPE=   -7.17%  zstat= 2
  ensemble (6 of 8 zones): mean JD=  2456152.206 std=  209.4 d
  ENSEMBLE RPE =    16.48%
 [PROGRESS]  62% ( 5 of  8 objects done, this chunk)

 ===== 32007 GSLV R/B          
  [INFO] G2 BN floor estimate=   53.74 -> bn_lo=   26.87
  Z 1: exit= 0 pts= 17979 BN=   62.73
  Z 2: exit= 1 pts= 15786 BN=   55.42
  Z 3: exit= 1 pts=  9828 BN=   72.17
  Z 4: exit= 1 pts=  8514 BN=   60.61
  Z 5: exit= 1 pts=  6501 BN=   56.32
  [WARN] Z 6: GA optimum at search boundary -- true value may lie outside the search range
  Z 6: exit= 1 pts=  3206 BN=   52.62
  [WARN] Z 7: GA optimum at search boundary -- true value may lie outside the search range
  Z 7: exit= 1 pts=  3379 BN=   47.28
  Z 8: exit= 1 pts=  2035 BN=   46.90
  Z1: e=  0.2869 BN=  62.73 (no re-entry)  zstat= 0
  Z2: e=  0.2527 BN=  55.42 RPE=   62.35%  zstat= 0
  Z3: e=  0.2508 BN=  72.17 RPE=    5.10%  zstat= 0
  Z4: e=  0.2227 BN=  60.61 RPE=   14.81%  zstat= 0
  Z5: e=  0.1811 BN=  56.32 RPE=   30.06%  zstat= 0
  Z6: e=  0.1412 BN=  52.62 RPE=   11.59%  zstat= 2
  Z7: e=  0.1369 BN=  47.28 RPE=   23.80%  zstat= 2
  Z8: e=  0.1082 BN=  46.90 RPE=   28.99%  zstat= 0
  ensemble (7 of 8 zones): mean JD=  2455469.784 std=  163.3 d
  ENSEMBLE RPE =    11.95%
 [PROGRESS]  75% ( 6 of  8 objects done, this chunk)

 ===== 37819 Proton-M R/B      
  [INFO] G2 BN floor estimate=   35.26 -> bn_lo=   17.63
  [INFO] Z 1: G3 BSTAR prior narrows BN to [  18.92, 160.00]
  Z 1: exit= 1 pts=  2661 BN=   61.37
  [INFO] Z 2: G3 BSTAR prior narrows BN to [  26.46,  96.96]
  Z 2: exit= 1 pts=  2668 BN=   55.22
  Z 3: exit= 1 pts=  1990 BN=   45.87
  Z 4: exit= 1 pts=  1678 BN=   49.11
  [WARN] Z 5: GA optimum at search boundary -- true value may lie outside the search range
  Z 5: exit= 1 pts=  1530 BN=   45.76
  [WARN] Z 6: GA optimum at search boundary -- true value may lie outside the search range
  Z 6: exit= 1 pts=  1509 BN=   39.93
  [WARN] Z 7: GA optimum at search boundary -- true value may lie outside the search range
  Z 7: exit= 1 pts=  1386 BN=   47.57
  Z 8: exit= 1 pts=  1269 BN=   41.10
  Z1: e=  0.4459 BN=  61.37 RPE=  -41.69%  zstat= 0
  Z2: e=  0.3419 BN=  55.22 RPE=   -7.65%  zstat= 0
  Z3: e=  0.3171 BN=  45.87 RPE=  -21.14%  zstat= 0
  Z4: e=  0.2955 BN=  49.11 RPE=  -25.61%  zstat= 0
  Z5: e=  0.2767 BN=  45.76 RPE=  -25.63%  zstat= 2
  Z6: e=  0.2661 BN=  39.93 RPE=  -23.07%  zstat= 2
  Z7: e=  0.2347 BN=  47.57 RPE=  -16.11%  zstat= 2
  Z8: e=  0.2236 BN=  41.10 RPE=  -17.55%  zstat= 0
  ensemble (8 of 8 zones): mean JD=  2456490.239 std=   67.2 d
  ENSEMBLE RPE =   -10.81%
 [PROGRESS]  87% ( 7 of  8 objects done, this chunk)

 ===== 11550 Molniya debris    
  [WARN] tle_filter: epoch gap at point   555 (********** -> **********,     35.4 days)
  [WARN] tle_filter: epoch gap at point   738 (********** -> **********,     36.7 days)
  [WARN] tle_filter: epoch gap at point  1414 (********** -> **********,     38.7 days)
  [WARN] tle_filter: epoch gap at point  1956 (********** -> **********,     32.2 days)
  Z 1: exit= 0 pts=  3633 BN=  112.02
  [WARN] Z 2: GA optimum at search boundary -- true value may lie outside the search range
  Z 2: exit= 0 pts=  3633 BN=  153.28
  Z 3: exit= 0 pts=  3633 BN=  126.74
  Z 4: exit= 0 pts=  3633 BN=  117.09
  Z 5: exit= 0 pts=  3633 BN=  115.99
  Z 6: exit= 0 pts=  3633 BN=  144.77
  Z 7: exit= 0 pts=  3633 BN=  103.10
  [WARN] Z 8: GA optimum at search boundary -- true value may lie outside the search range
  Z 8: exit= 1 pts=   476 BN=   87.12
  Z1: e=  0.6199 BN= 112.02 (no re-entry)  zstat= 0
  Z2: e=  0.5964 BN= 153.28 (no re-entry)  zstat= 2
  Z3: e=  0.5925 BN= 126.74 (no re-entry)  zstat= 0
  Z4: e=  0.5882 BN= 117.09 (no re-entry)  zstat= 0
  Z5: e=  0.5846 BN= 115.99 (no re-entry)  zstat= 0
  Z6: e=  0.5818 BN= 144.77 (no re-entry)  zstat= 0
  Z7: e=  0.5813 BN= 103.10 (no re-entry)  zstat= 0
  Z8: e=  0.7524 BN=  87.12 RPE=    0.97%  zstat= 2
  ensemble (1 of 8 zones): mean JD=  2460777.179 std=    0.0 d
  ENSEMBLE RPE =     0.03%
 [PROGRESS] 100% ( 8 of  8 objects done, this chunk)

 campaign complete -> scratch_rpe/rpe_campaign_part_01_08.csv

 ===== 59347 GTO R/B           
  [INFO] Z 1: G3 BSTAR prior narrows BN to [  80.00, 158.94]
  Z 1: exit= 0 pts=  2244 BN=  103.83
  [INFO] Z 2: G3 BSTAR prior narrows BN to [  80.00, 138.36]
  [WARN] Z 2: GA optimum at search boundary -- true value may lie outside the search range
  Z 2: exit= 0 pts=  2246 BN=   87.78
  [INFO] Z 3: G3 BSTAR prior narrows BN to [  80.00, 118.68]
  [WARN] Z 3: GA optimum at search boundary -- true value may lie outside the search range
  Z 3: exit= 0 pts=  2249 BN=   82.65
  [INFO] Z 4: G3 BSTAR prior narrows BN to [  80.00, 106.65]
  [WARN] Z 4: GA optimum at search boundary -- true value may lie outside the search range
  Z 4: exit= 0 pts=  2253 BN=   81.93
  [INFO] Z 5: G3 BSTAR prior narrows BN to [  80.00, 100.33]
  Z 5: exit= 0 pts=  2256 BN=   92.42
  [INFO] Z 6: G3 BSTAR prior narrows BN to [  80.00, 114.78]
  [WARN] Z 6: GA optimum at search boundary -- true value may lie outside the search range
  Z 6: exit= 1 pts=   194 BN=   80.63
  [WARN] Z 7: RSM envelope does not bound   3 of   9 observations -- proceeding anyway
  [WARN] Z 7: GA optimum at search boundary -- true value may lie outside the search range
  Z 7: exit= 1 pts=   121 BN=  140.60
  Z 8: exit= 1 pts=   143 BN=  188.63
  Z1: e=  0.8196 BN= 103.83 (no re-entry)  zstat= 0
  Z2: e=  0.8195 BN=  87.78 (no re-entry)  zstat= 2
  Z3: e=  0.8194 BN=  82.65 (no re-entry)  zstat= 2
  Z4: e=  0.8191 BN=  81.93 (no re-entry)  zstat= 2
  Z5: e=  0.8189 BN=  92.42 (no re-entry)  zstat= 0
  Z6: e=  0.8177 BN=  80.63 RPE=  -34.43%  zstat= 2
  Z7: e=  0.6445 BN= 140.60 RPE=  -73.05%  zstat= 2
  Z8: e=  0.2175 BN= 188.63 RPE=   21.95%  zstat= 0
  ensemble (3 of 8 zones): mean JD=  2461162.277 std=   35.7 d
  ENSEMBLE RPE =    -5.60%
 [PROGRESS]  12% ( 9 of 16 objects done, this chunk)

 ===== 40943 GTO debris        
  [INFO] G2 BN floor estimate=    5.00 -> bn_lo=    2.50
  [INFO] Z 1: G3 BSTAR prior narrows BN to [   6.00, 103.92]
  [WARN] Z 1: GA optimum at search boundary -- true value may lie outside the search range
  Z 1: exit= 0 pts=  5335 BN=    6.10
  [INFO] Z 2: G3 BSTAR prior narrows BN to [   7.87, 136.21]
  [WARN] Z 2: GA optimum at search boundary -- true value may lie outside the search range
  Z 2: exit= 0 pts=  6293 BN=    9.82
  [INFO] Z 3: G3 BSTAR prior narrows BN to [   8.94, 154.75]
  [WARN] Z 3: GA optimum at search boundary -- true value may lie outside the search range
  Z 3: exit= 0 pts=  7673 BN=   25.02
  [INFO] Z 4: G3 BSTAR prior narrows BN to [   8.32, 144.10]
  [WARN] Z 4: GA optimum at search boundary -- true value may lie outside the search range
  Z 4: exit= 1 pts=  6023 BN=   18.22
  [WARN] Z 5: GA optimum at search boundary -- true value may lie outside the search range
  Z 5: exit= 1 pts=  1558 BN=   10.01
  Z 6: exit= 1 pts=  2256 BN=   39.09
  Z 7: exit= 1 pts=   820 BN=   31.69
  [WARN] Z 8: GA optimum at search boundary -- true value may lie outside the search range
  Z 8: exit= 1 pts=   490 BN=   19.94
  Z1: e=  0.6828 BN=   6.10 (no re-entry)  zstat= 2
  Z2: e=  0.6439 BN=   9.82 (no re-entry)  zstat= 2
  Z3: e=  0.5962 BN=  25.02 (no re-entry)  zstat= 2
  Z4: e=  0.5836 BN=  18.22 RPE=  404.85%  zstat= 2
  Z5: e=  0.5613 BN=  10.01 RPE=   52.08%  zstat= 2
  Z6: e=  0.4991 BN=  39.09 RPE=  185.42%  zstat= 0
  Z7: e=  0.4538 BN=  31.69 RPE=   31.94%  zstat= 0
  Z8: e=  0.3918 BN=  19.94 RPE=    6.99%  zstat= 2
  ensemble (5 of 8 zones): mean JD=  2459076.693 std=  265.2 d
  ENSEMBLE RPE =    13.25%
 [PROGRESS]  25% (10 of 16 objects done, this chunk)

 ===== 66587 CZ-3B R/B         
  [INFO] G2 BN floor estimate=  115.44 -> bn_lo=   57.72
  [WARN] Z 1: GA optimum at search boundary -- true value may lie outside the search range
  Z 1: exit= 1 pts=    91 BN=  159.48
  [WARN] Z 2: RSM envelope does not bound   1 of   8 observations -- proceeding anyway
  [WARN] Z 2: GA optimum at search boundary -- true value may lie outside the search range
  Z 2: exit= 1 pts=    65 BN=  234.91
  Z1: e=  0.7497 BN= 159.48 RPE=  -22.46%  zstat= 2
  Z2: e=  0.7465 BN= 234.91 RPE=  -31.27%  zstat= 2
  ensemble (2 of 2 zones): mean JD=  2461073.633 std=    0.1 d
  ENSEMBLE RPE =   -22.25%
 [PROGRESS]  37% (11 of 16 objects done, this chunk)

 ===== 60328 CZ-3B R/B         
  [WARN] tle_filter: epoch gap at point    76 (********** -> **********,     82.6 days)
  [INFO] G2 BN floor estimate=   26.22 -> bn_lo=   13.11
  Z 1: exit= 0 pts=  4459 BN=   48.12
  Z 2: exit= 0 pts=  4556 BN=   48.95
  Z 3: exit= 1 pts=  3359 BN=   38.48
  [INFO] Z 4: G3 BSTAR prior narrows BN to [  10.87,  75.20]
  Z 4: exit= 1 pts=  1754 BN=   27.86
  [INFO] Z 5: G3 BSTAR prior narrows BN to [  12.27,  44.16]
  Z 5: exit= 1 pts=   715 BN=   27.98
  Z 6: exit= 1 pts=   492 BN=   26.19
  [WARN] Z 7: RSM envelope does not bound   8 of  10 observations -- proceeding anyway
  [WARN] Z 7: GA optimum at search boundary -- true value may lie outside the search range
  Z 7: exit= 1 pts=   205 BN=   30.21
  [WARN] Z 8: RSM envelope does not bound   5 of  12 observations -- proceeding anyway
  [WARN] Z 8: GA optimum at search boundary -- true value may lie outside the search range
  Z 8: exit= 1 pts=   195 BN=   36.30
  Z1: e=  0.7197 BN=  48.12 (no re-entry)  zstat= 0
  Z2: e=  0.7154 BN=  48.95 (no re-entry)  zstat= 0
  Z3: e=  0.7133 BN=  38.48 RPE=  268.65%  zstat= 0
  Z4: e=  0.7113 BN=  27.86 RPE=   99.43%  zstat= 0
  Z5: e=  0.7092 BN=  27.98 RPE=   -2.27%  zstat= 0
  Z6: e=  0.7077 BN=  26.19 RPE=  -22.29%  zstat= 0
  Z7: e=  0.6942 BN=  30.21 RPE=  -41.91%  zstat= 2
  Z8: e=  0.6916 BN=  36.30 RPE=  -37.49%  zstat= 2
  ensemble (6 of 8 zones): mean JD=  2460889.426 std=  236.6 d
  ENSEMBLE RPE =    46.56%
 [PROGRESS]  50% (12 of 16 objects done, this chunk)

 ===== 61734 H-3 R/B           
  [WARN] tle_filter: epoch gap at point    64 (********** -> **********,     44.9 days)
  [INFO] G2 BN floor estimate=   32.64 -> bn_lo=   16.32
  Z 1: exit= 1 pts=  1544 BN=   59.35
  Z 2: exit= 1 pts=   432 BN=   47.86
  Z 3: exit= 1 pts=   343 BN=   45.17
  [WARN] Z 4: GA optimum at search boundary -- true value may lie outside the search range
  Z 4: exit= 1 pts=   282 BN=   52.54
  [WARN] Z 5: RSM envelope does not bound   6 of  10 observations -- proceeding anyway
  [WARN] Z 5: GA optimum at search boundary -- true value may lie outside the search range
  Z 5: exit= 1 pts=   157 BN=   65.54
  Z1: e=  0.7279 BN=  59.35 RPE=  155.61%  zstat= 0
  Z2: e=  0.7261 BN=  47.86 RPE=    8.72%  zstat= 0
  Z3: e=  0.7247 BN=  45.17 RPE=   -4.87%  zstat= 0
  Z4: e=  0.7236 BN=  52.54 RPE=  -14.49%  zstat= 2
  Z5: e=  0.7210 BN=  65.54 RPE=  -40.81%  zstat= 2
  ensemble (5 of 5 zones): mean JD=  2460790.331 std=   98.0 d
  ENSEMBLE RPE =    25.40%
 [PROGRESS]  62% (13 of 16 objects done, this chunk)

 ===== 57804 H-2A R/B          
  [WARN] tle_filter: epoch gap at point    35 (********** -> **********,    363.8 days)
  pipeline error ierr=  2
 [PROGRESS]  75% (14 of 16 objects done, this chunk)

 ===== 56758 Falcon9 R/B       
  Z 1: exit= 0 pts=  2201 BN=  120.32
  Z 2: exit= 0 pts=  2200 BN=  131.26
  Z1: e=  0.8181 BN= 120.32 (no re-entry)  zstat= 0
  Z2: e=  0.8178 BN= 131.26 (no re-entry)  zstat= 0
  no re-entry in any zone (weak-signal fits; lifetime beyond 5-yr cap)
 [PROGRESS]  87% (15 of 16 objects done, this chunk)

 ===== 30799 Delta2 R/B        
  [WARN] tle_filter: epoch gap at point   330 (********** -> **********,     56.4 days)
  [WARN] tle_filter: epoch gap at point   974 (********** -> **********,    232.2 days)
  [WARN] tle_filter: epoch gap at point  1079 (********** -> **********,     88.7 days)
  [WARN] tle_filter: epoch gap at point  1080 (********** -> **********,    110.2 days)
  [WARN] tle_filter: epoch gap at point  1207 (********** -> **********,    104.3 days)
  [WARN] tle_filter: epoch gap at point  1367 (********** -> **********,     68.0 days)
  [WARN] tle_filter: epoch gap at point  1446 (********** -> **********,     49.1 days)
  [WARN] tle_filter: epoch gap at point  1473 (********** -> **********,     54.1 days)
  [WARN] tle_filter: epoch gap at point  1533 (********** -> **********,     60.4 days)
  [WARN] tle_filter: epoch gap at point  1560 (********** -> **********,     39.0 days)
  [WARN] tle_filter: epoch gap at point  1565 (********** -> **********,     31.4 days)
  [WARN] tle_filter: epoch gap at point  1566 (********** -> **********,    179.5 days)
  [WARN] tle_filter: epoch gap at point  1570 (********** -> **********,     36.3 days)
  [WARN] tle_filter: epoch gap at point  1574 (********** -> **********,     31.1 days)
  [WARN] tle_filter: epoch gap at point  1611 (********** -> **********,     34.9 days)
  [WARN] tle_filter: epoch gap at point  1612 (********** -> **********,     68.7 days)
  [WARN] tle_filter: epoch gap at point  1647 (********** -> **********,     30.0 days)
  [WARN] tle_filter: epoch gap at point  1705 (********** -> **********,    196.5 days)
  [WARN] Z 1: GA optimum at search boundary -- true value may lie outside the search range
  Z 1: exit= 0 pts=  1434 BN=   88.43
  Z 2: exit= 2 pts=   363 BN=  114.72
  [INFO] Z 3: G3 BSTAR prior narrows BN to [  80.00,  83.97]
  Z 3: exit= 0 pts=  1463 BN=   82.68
  Z1: e=  0.8581 BN=  88.43 (no re-entry)  zstat= 2
  Z2: e=  0.8584 BN= 114.72 (no re-entry)  zstat= 0
  Z3: e=  0.8588 BN=  82.68 (no re-entry)  zstat= 0
  no re-entry in any zone (weak-signal fits; lifetime beyond 5-yr cap)
 [PROGRESS] 100% (16 of 16 objects done, this chunk)

 campaign complete -> scratch_rpe/rpe_campaign_part_09_16.csv

 ===== 44187 Falcon9 R/B       
  [WARN] tle_filter: epoch gap at point     5 (********** -> **********,     48.0 days)
  [WARN] tle_filter: epoch gap at point    24 (********** -> **********,    142.2 days)
  [WARN] tle_filter: epoch gap at point    25 (********** -> **********,    457.1 days)
  pipeline error ierr=  2
 [PROGRESS]  14% (17 of 23 objects done, this chunk)

 ===== 35009 Fregat R/B        
  [INFO] G2 BN floor estimate=   10.15 -> bn_lo=    5.07
  [INFO] Z 1: G3 BSTAR prior narrows BN to [  17.83, 160.00]
  [WARN] Z 1: GA optimum at search boundary -- true value may lie outside the search range
  Z 1: exit= 0 pts=  4151 BN=   24.95
  [INFO] Z 2: G3 BSTAR prior narrows BN to [  19.24, 160.00]
  Z 2: exit= 0 pts=  4200 BN=   57.32
  [INFO] Z 3: G3 BSTAR prior narrows BN to [  25.16, 160.00]
  Z 3: exit= 0 pts=  4210 BN=   77.25
  [INFO] Z 4: G3 BSTAR prior narrows BN to [  25.29, 160.00]
  Z 4: exit= 0 pts=  4213 BN=   53.55
  [INFO] Z 5: G3 BSTAR prior narrows BN to [  27.60, 160.00]
  Z 5: exit= 0 pts=  4219 BN=   71.47
  [INFO] Z 6: G3 BSTAR prior narrows BN to [  12.96, 160.00]
  [WARN] Z 6: GA optimum at search boundary -- true value may lie outside the search range
  Z 6: exit= 0 pts=  4268 BN=   16.10
  [INFO] Z 7: G3 BSTAR prior narrows BN to [  16.72, 160.00]
  [WARN] Z 7: GA optimum at search boundary -- true value may lie outside the search range
  Z 7: exit= 0 pts=  4279 BN=   24.56
  [INFO] Z 8: G3 BSTAR prior narrows BN to [  23.26, 160.00]
  [WARN] Z 8: GA optimum at search boundary -- true value may lie outside the search range
  Z 8: exit= 0 pts=  4279 BN=  151.35
  Z1: e=  0.7311 BN=  24.95 (no re-entry)  zstat= 2
  Z2: e=  0.7291 BN=  57.32 (no re-entry)  zstat= 0
  Z3: e=  0.7287 BN=  77.25 (no re-entry)  zstat= 0
  Z4: e=  0.7286 BN=  53.55 (no re-entry)  zstat= 0
  Z5: e=  0.7283 BN=  71.47 (no re-entry)  zstat= 0
  Z6: e=  0.7234 BN=  16.10 (no re-entry)  zstat= 2
  Z7: e=  0.7138 BN=  24.56 (no re-entry)  zstat= 2
  Z8: e=  0.7133 BN= 151.35 (no re-entry)  zstat= 2
  no re-entry in any zone (weak-signal fits; lifetime beyond 5-yr cap)
 [PROGRESS]  28% (18 of 23 objects done, this chunk)

 ===== 41553 Falcon9 R/B       
  [WARN] tle_filter: epoch gap at point     3 (********** -> **********,     51.8 days)
  [WARN] tle_filter: epoch gap at point   117 (********** -> **********,    305.6 days)
  [WARN] tle_filter: epoch gap at point   120 (********** -> **********,     94.7 days)
  pipeline error ierr=  2
 [PROGRESS]  42% (19 of 23 objects done, this chunk)

 ===== 48259 Cosmos1124 deb    
  [WARN] tle_filter: epoch gap at point   978 (********** -> **********,    175.6 days)
  [WARN] tle_filter: epoch gap at point   979 (********** -> **********,     48.6 days)
  pipeline error ierr=  2
 [PROGRESS]  57% (20 of 23 objects done, this chunk)

 ===== 27906 Cosmos1481 deb    
  [WARN] tle_filter: epoch gap at point     2 (********** -> **********,     67.8 days)
  [WARN] tle_filter: epoch gap at point  2036 (********** -> **********,     42.9 days)
  Z 1: exit= 0 pts=  3743 BN=  128.95
  Z 2: exit= 0 pts=  3740 BN=   99.55
  [INFO] Z 3: G3 BSTAR prior narrows BN to [  80.00, 133.69]
  [WARN] Z 3: GA optimum at search boundary -- true value may lie outside the search range
  Z 3: exit= 1 pts=   598 BN=   81.88
  [INFO] Z 4: G3 BSTAR prior narrows BN to [  21.88, 119.50]
  [WARN] Z 4: GA optimum at search boundary -- true value may lie outside the search range
  Z 4: exit= 1 pts=   761 BN=   24.63
  Z1: e=  0.6580 BN= 128.95 (no re-entry)  zstat= 0
  Z2: e=  0.6596 BN=  99.55 (no re-entry)  zstat= 0
  Z3: e=  0.7450 BN=  81.88 RPE=   38.08%  zstat= 2
  Z4: e=  0.7453 BN=  24.63 RPE=   94.39%  zstat= 2
  ensemble (2 of 4 zones): mean JD=  2458537.675 std=   41.2 d
  ENSEMBLE RPE =     2.20%
 [PROGRESS]  71% (21 of 23 objects done, this chunk)

 ===== 27882 Cosmos903 deb     
  [WARN] tle_filter: epoch gap at point     2 (********** -> **********,     32.9 days)
  [WARN] tle_filter: epoch gap at point  1804 (********** -> **********,     31.9 days)
  [INFO] G2 BN floor estimate=    5.00 -> bn_lo=    2.50
  [INFO] Z 1: G3 BSTAR prior narrows BN to [   3.98,  68.88]
  [WARN] Z 1: GA optimum at search boundary -- true value may lie outside the search range
  Z 1: exit= 1 pts=   924 BN=    4.29
  [INFO] Z 2: G3 BSTAR prior narrows BN to [  10.00,  98.36]
  [WARN] Z 2: GA optimum at search boundary -- true value may lie outside the search range
  Z 2: exit= 1 pts=   718 BN=   14.37
  [WARN] Z 3: GA optimum at search boundary -- true value may lie outside the search range
  Z 3: exit= 1 pts=   767 BN=   14.25
  [INFO] Z 4: G3 BSTAR prior narrows BN to [  10.00,  75.59]
  [WARN] Z 4: GA optimum at search boundary -- true value may lie outside the search range
  Z 4: exit= 1 pts=   583 BN=   11.30
  [WARN] Z 5: GA optimum at search boundary -- true value may lie outside the search range
  Z 5: exit= 1 pts=   859 BN=   10.98
  [WARN] Z 6: GA optimum at search boundary -- true value may lie outside the search range
  Z 6: exit= 1 pts=   714 BN=   13.75
  [WARN] Z 7: GA optimum at search boundary -- true value may lie outside the search range
  Z 7: exit= 1 pts=   255 BN=   11.35
  [WARN] Z 8: GA optimum at search boundary -- true value may lie outside the search range
  Z 8: exit= 1 pts=   239 BN=   10.15
  Z1: e=  0.7496 BN=   4.29 RPE=   13.05%  zstat= 2
  Z2: e=  0.7492 BN=  14.37 RPE=    5.68%  zstat= 2
  Z3: e=  0.7491 BN=  14.25 RPE=    4.59%  zstat= 2
  Z4: e=  0.7469 BN=  11.30 RPE=   33.18%  zstat= 2
  Z5: e=  0.7437 BN=  10.98 RPE=   86.60%  zstat= 2
  Z6: e=  0.7425 BN=  13.75 RPE=   75.34%  zstat= 2
  Z7: e=  0.7318 BN=  11.35 RPE=    8.86%  zstat= 2
  Z8: e=  0.7243 BN=  10.15 RPE=    6.43%  zstat= 2
  ensemble (8 of 8 zones): mean JD=  2458623.471 std=   42.6 d
  ENSEMBLE RPE =    13.63%
 [PROGRESS]  85% (22 of 23 objects done, this chunk)

 ===== 39802 SL-12 deb         
  [INFO] G2 BN floor estimate=    5.00 -> bn_lo=    2.50
  [INFO] Z 1: G3 BSTAR prior narrows BN to [   7.79, 134.90]
  Z 1: exit= 1 pts=  6560 BN=   27.47
  [WARN] Z 2: GA optimum at search boundary -- true value may lie outside the search range
  Z 2: exit= 1 pts=  7051 BN=   10.65
  [WARN] Z 3: GA optimum at search boundary -- true value may lie outside the search range
  Z 3: exit= 1 pts=  7692 BN=   10.15
  Z 4: exit= 1 pts=  7321 BN=   18.60
  Z 5: exit= 1 pts=  6644 BN=   13.69
  [WARN] Z 6: GA optimum at search boundary -- true value may lie outside the search range
  Z 6: exit= 1 pts=  5839 BN=   10.61
  [WARN] Z 7: GA optimum at search boundary -- true value may lie outside the search range
  Z 7: exit= 1 pts=  5043 BN=   10.09
  [WARN] Z 8: GA optimum at search boundary -- true value may lie outside the search range
  Z 8: exit= 1 pts=  3700 BN=   10.17
  Z1: e=  0.5759 BN=  27.47 RPE=   40.00%  zstat= 0
  Z2: e=  0.5759 BN=  10.65 RPE=   43.98%  zstat= 2
  Z3: e=  0.5723 BN=  10.15 RPE=   90.00%  zstat= 2
  Z4: e=  0.5722 BN=  18.60 RPE=   89.45%  zstat= 0
  Z5: e=  0.5721 BN=  13.69 RPE=   70.71%  zstat= 0
  Z6: e=  0.5721 BN=  10.61 RPE=   50.65%  zstat= 2
  Z7: e=  0.5717 BN=  10.09 RPE=   36.24%  zstat= 2
  Z8: e=  0.5691 BN=  10.17 RPE=   10.27%  zstat= 2
  ensemble (8 of 8 zones): mean JD=  2459178.455 std=  191.7 d
  ENSEMBLE RPE =    43.71%
 [PROGRESS] 100% (23 of 23 objects done, this chunk)

 campaign complete -> scratch_rpe/rpe_campaign_part_17_23.csv

 ===== 28572 SL-12 deb         
  [WARN] tle_filter: epoch gap at point     2 (********** -> **********,     31.9 days)
  [WARN] tle_filter: epoch gap at point    43 (********** -> **********,    462.3 days)
  [WARN] tle_filter: epoch gap at point   230 (********** -> **********,    108.7 days)
  [WARN] tle_filter: epoch gap at point   231 (********** -> **********,     65.6 days)
  [WARN] tle_filter: epoch gap at point   232 (********** -> **********,    304.0 days)
  [WARN] tle_filter: epoch gap at point   454 (********** -> **********,     40.8 days)
  [WARN] tle_filter: epoch gap at point   461 (********** -> **********,    414.4 days)
  [WARN] tle_filter: epoch gap at point   491 (********** -> **********,     50.4 days)
  [WARN] tle_filter: epoch gap at point   501 (********** -> **********,    137.8 days)
  [WARN] tle_filter: epoch gap at point   517 (********** -> **********,     71.9 days)
  [WARN] tle_filter: epoch gap at point   526 (********** -> **********,     41.5 days)
  [WARN] tle_filter: epoch gap at point   527 (********** -> **********,     55.7 days)
  [WARN] tle_filter: epoch gap at point   528 (********** -> **********,    522.2 days)
  pipeline error ierr=  2
 [PROGRESS]  14% (24 of 30 objects done, this chunk)

 ===== 46429 SL-12 deb         
  pipeline error ierr=  2
 [PROGRESS]  28% (25 of 30 objects done, this chunk)

 ===== 44591 CZ-3A deb         
  [WARN] tle_filter: epoch gap at point    40 (********** -> **********,     52.7 days)
  [WARN] tle_filter: epoch gap at point    69 (********** -> **********,     55.9 days)
  pipeline error ierr=  2
 [PROGRESS]  42% (26 of 30 objects done, this chunk)

 ===== 41695 SL-12 deb         
  [WARN] tle_filter: epoch gap at point    20 (********** -> **********,    134.5 days)
  [WARN] tle_filter: epoch gap at point    97 (********** -> **********,    410.3 days)
  [WARN] tle_filter: epoch gap at point   122 (********** -> **********,     46.6 days)
  [WARN] tle_filter: epoch gap at point   129 (********** -> **********,    390.5 days)
  [WARN] tle_filter: epoch gap at point   139 (********** -> **********,     93.6 days)
  [WARN] tle_filter: epoch gap at point   182 (********** -> **********,     41.8 days)
  [WARN] tle_filter: epoch gap at point   215 (********** -> **********,     40.8 days)
  [WARN] tle_filter: epoch gap at point   237 (********** -> **********,     30.7 days)
  [WARN] tle_filter: epoch gap at point   311 (********** -> **********,    121.6 days)
  [INFO] G2 BN floor estimate=    5.00 -> bn_lo=    2.50
  [INFO] Z 1: G3 BSTAR prior narrows BN to [   2.85,  49.43]
  [WARN] Z 1: GA optimum at search boundary -- true value may lie outside the search range
  Z 1: exit= 0 pts=  8125 BN=    3.19
  [INFO] Z 2: G3 BSTAR prior narrows BN to [   3.73,  64.56]
  Z 2: exit= 1 pts=  7995 BN=   41.78
  [INFO] Z 3: G3 BSTAR prior narrows BN to [  10.00,  47.97]
  Z 3: exit= 1 pts=  3660 BN=   18.19
  Z 4: exit= 1 pts=  4281 BN=   21.26
  Z 5: exit= 0 pts=  8465 BN=   23.46
  [WARN] Z 6: GA optimum at search boundary -- true value may lie outside the search range
  Z 6: exit= 0 pts=  8481 BN=   26.26
  Z1: e=  0.5610 BN=   3.19 (no re-entry)  zstat= 2
  Z2: e=  0.5461 BN=  41.78 RPE=   30.30%  zstat= 0
  Z3: e=  0.5593 BN=  18.19 RPE=   39.37%  zstat= 0
  Z4: e=  0.5551 BN=  21.26 RPE=   69.75%  zstat= 0
  Z5: e=  0.5471 BN=  23.46 (no re-entry)  zstat= 0
  Z6: e=  0.5474 BN=  26.26 (no re-entry)  zstat= 2
  ensemble (3 of 6 zones): mean JD=  2460026.030 std=   97.0 d
  ENSEMBLE RPE =    14.71%
 [PROGRESS]  57% (27 of 30 objects done, this chunk)

 ===== 52205 Cosmos917 deb     
  [INFO] G2 BN floor estimate=   27.83 -> bn_lo=   13.91
  [INFO] Z 1: G3 BSTAR prior narrows BN to [  14.88, 160.00]
  Z 1: exit= 1 pts=   183 BN=   72.17
  Z 2: exit= 1 pts=   158 BN=   56.45
  Z 3: exit= 1 pts=   143 BN=   58.42
  [WARN] Z 4: GA optimum at search boundary -- true value may lie outside the search range
  Z 4: exit= 1 pts=   126 BN=   66.88
  Z 5: exit= 1 pts=   112 BN=   57.87
  [WARN] Z 6: GA optimum at search boundary -- true value may lie outside the search range
  Z 6: exit= 1 pts=   163 BN=   51.66
  Z1: e=  0.7514 BN=  72.17 RPE=  -15.47%  zstat= 0
  Z2: e=  0.7509 BN=  56.45 RPE=  -20.22%  zstat= 0
  Z3: e=  0.7498 BN=  58.42 RPE=  -20.28%  zstat= 0
  Z4: e=  0.7477 BN=  66.88 RPE=  -20.50%  zstat= 2
  Z5: e=  0.7425 BN=  57.87 RPE=   -9.70%  zstat= 0
  Z6: e=  0.7171 BN=  51.66 RPE=   67.14%  zstat= 2
  ensemble (6 of 6 zones): mean JD=  2459750.998 std=   10.2 d
  ENSEMBLE RPE =    -7.35%
 [PROGRESS]  71% (28 of 30 objects done, this chunk)

 ===== 45349 SL-12 deb         
  [INFO] G2 BN floor estimate=    5.00 -> bn_lo=    2.50
  [INFO] Z 1: G3 BSTAR prior narrows BN to [   3.58,  61.94]
  [WARN] Z 1: GA optimum at search boundary -- true value may lie outside the search range
  Z 1: exit= 0 pts=  7913 BN=    8.14
  [INFO] Z 2: G3 BSTAR prior narrows BN to [   3.70,  63.98]
  [WARN] Z 2: GA optimum at search boundary -- true value may lie outside the search range
  Z 2: exit= 1 pts=  7958 BN=    7.56
  [INFO] Z 3: G3 BSTAR prior narrows BN to [  10.00,  70.29]
  [WARN] Z 3: GA optimum at search boundary -- true value may lie outside the search range
  Z 3: exit= 1 pts=  7735 BN=   13.52
  [INFO] Z 4: G3 BSTAR prior narrows BN to [  10.00,  82.40]
  [WARN] Z 4: GA optimum at search boundary -- true value may lie outside the search range
  Z 4: exit= 1 pts=  7554 BN=   19.04
  [INFO] Z 5: G3 BSTAR prior narrows BN to [  10.00,  69.80]
  [WARN] Z 5: GA optimum at search boundary -- true value may lie outside the search range
  Z 5: exit= 1 pts=  5359 BN=   11.95
  [INFO] Z 6: G3 BSTAR prior narrows BN to [  10.00,  48.17]
  [WARN] Z 6: GA optimum at search boundary -- true value may lie outside the search range
  Z 6: exit= 1 pts=  4470 BN=   10.24
  [INFO] Z 7: G3 BSTAR prior narrows BN to [  10.00,  47.94]
  [WARN] Z 7: GA optimum at search boundary -- true value may lie outside the search range
  Z 7: exit= 1 pts=  4604 BN=   10.91
  [WARN] Z 8: GA optimum at search boundary -- true value may lie outside the search range
  Z 8: exit= 1 pts=  6021 BN=   10.08
  Z1: e=  0.5792 BN=   8.14 (no re-entry)  zstat= 2
  Z2: e=  0.5778 BN=   7.56 RPE=  175.44%  zstat= 2
  Z3: e=  0.5730 BN=  13.52 RPE=  187.31%  zstat= 2
  Z4: e=  0.5643 BN=  19.04 RPE=  264.55%  zstat= 2
  Z5: e=  0.5601 BN=  11.95 RPE=  201.28%  zstat= 2
  Z6: e=  0.5048 BN=  10.24 RPE=  165.87%  zstat= 2
  Z7: e=  0.4889 BN=  10.91 RPE=  174.87%  zstat= 2
  Z8: e=  0.4288 BN=  10.08 RPE=  266.86%  zstat= 2
  ensemble (7 of 8 zones): mean JD=  2460530.366 std=  255.6 d
  ENSEMBLE RPE =   129.94%
 [PROGRESS]  85% (29 of 30 objects done, this chunk)

 ===== 23647 Titan34B deb      
  pipeline error ierr=  2
 [PROGRESS] 100% (30 of 30 objects done, this chunk)

 campaign complete -> scratch_rpe/rpe_campaign_part_24_30.csv
