
 ===== 42928 PSLV-C39          
  [INFO] G2 BN floor estimate=  102.11 -> bn_lo=   51.05
  Z 1: exit= 1 pts=  6213 BN=   97.23
  Z 2: exit= 1 pts=  5683 BN=  143.27
  Z 3: exit= 1 pts=  5181 BN=  142.05
  Z 4: exit= 1 pts=  3631 BN=  100.07
  Z 5: exit= 1 pts=  4340 BN=   98.74
  Z 6: exit= 1 pts=  3791 BN=   72.51
  Z 7: exit= 1 pts=  1894 BN=   77.64
  Z 8: exit= 1 pts=  1297 BN=   97.32
  Z1: e=  0.2789 BN=  97.23 RPE=   27.20%  zstat= 0
  Z2: e=  0.2732 BN= 143.27 RPE=   21.50%  zstat= 0
  Z3: e=  0.2699 BN= 142.05 RPE=   12.90%  zstat= 0
  Z4: e=  0.2615 BN= 100.07 RPE=  -16.26%  zstat= 0
  Z5: e=  0.2356 BN=  98.74 RPE=   17.51%  zstat= 0
  Z6: e=  0.2106 BN=  72.51 RPE=   26.90%  zstat= 0
  Z7: e=  0.1635 BN=  77.64 RPE=    2.67%  zstat= 0
  Z8: e=  0.1338 BN=  97.32 RPE=   -0.01%  zstat= 0
  ensemble (8 of 8 zones): mean JD=  2458582.565 std=   52.6 d
  ENSEMBLE RPE =     9.24%
 [PROGRESS]  12% ( 1 of  8 objects done, this chunk)

 ===== 35497 Ariane 5 ESC-A    
  [INFO] G2 BN floor estimate=   85.20 -> bn_lo=   42.60
  Z 1: exit= 0 pts=  7610 BN=   79.66
  Z 2: exit= 1 pts=  4908 BN=   64.93
  Z 3: exit= 1 pts=  6788 BN=   78.82
  Z 4: exit= 1 pts=  7035 BN=   94.16
  Z 5: exit= 1 pts=  6070 BN=  129.34
  [WARN] Z 6: GA optimum at search boundary -- true value may lie outside the search range
  Z 6: exit= 1 pts=  1356 BN=  159.91
  [WARN] Z 7: GA optimum at search boundary -- true value may lie outside the search range
  Z 7: exit= 1 pts=   434 BN=  159.17
  [WARN] Z 8: GA optimum at search boundary -- true value may lie outside the search range
  Z 8: exit= 1 pts=   266 BN=  159.45
  Z1: e=  0.5992 BN=  79.66 (no re-entry)  zstat= 0
  Z2: e=  0.5940 BN=  64.93 RPE=  205.52%  zstat= 0
  Z3: e=  0.5781 BN=  78.82 RPE=  397.58%  zstat= 0
  Z4: e=  0.5742 BN=  94.16 RPE=  432.76%  zstat= 0
  Z5: e=  0.5648 BN= 129.34 RPE=  400.76%  zstat= 0
  Z6: e=  0.5466 BN= 159.91 RPE=   35.45%  zstat= 2
  Z7: e=  0.4995 BN= 159.17 RPE=  -30.01%  zstat= 2
  Z8: e=  0.3861 BN= 159.45 RPE=  -27.97%  zstat= 2
  ensemble (7 of 8 zones): mean JD=  2458044.480 std=  335.2 d
  ENSEMBLE RPE =   126.72%
 [PROGRESS]  25% ( 2 of  8 objects done, this chunk)

 ===== 37151 Long March 3B     
  [WARN] Z 1: RSM envelope does not bound   1 of  25 observations -- proceeding anyway
  [WARN] Z 1: GA optimum at search boundary -- true value may lie outside the search range
  Z 1: exit= 0 pts=  8302 BN=   80.08
  [WARN] Z 2: GA optimum at search boundary -- true value may lie outside the search range
  Z 2: exit= 0 pts=  9653 BN=   82.38
  [WARN] Z 3: GA optimum at search boundary -- true value may lie outside the search range
  Z 3: exit= 1 pts=  3698 BN=   83.21
  [WARN] Z 4: GA optimum at search boundary -- true value may lie outside the search range
  Z 4: exit= 0 pts= 10682 BN=   83.31
  [WARN] Z 5: GA optimum at search boundary -- true value may lie outside the search range
  Z 5: exit= 1 pts=  4683 BN=   80.17
  [WARN] Z 6: GA optimum at search boundary -- true value may lie outside the search range
  Z 6: exit= 1 pts=  4318 BN=   80.06
  [WARN] Z 7: GA optimum at search boundary -- true value may lie outside the search range
  Z 7: exit= 0 pts= 11910 BN=   80.79
  Z 8: exit= 1 pts=  2150 BN=  101.62
  Z1: e=  0.5746 BN=  80.08 (no re-entry)  zstat= 2
  Z2: e=  0.5311 BN=  82.38 (no re-entry)  zstat= 2
  Z3: e=  0.5086 BN=  83.21 RPE=  -10.99%  zstat= 2
  Z4: e=  0.4982 BN=  83.31 (no re-entry)  zstat= 2
  Z5: e=  0.4856 BN=  80.17 RPE=   24.78%  zstat= 2
  Z6: e=  0.4818 BN=  80.06 RPE=   18.91%  zstat= 2
  Z7: e=  0.4607 BN=  80.79 (no re-entry)  zstat= 2
  Z8: e=  0.3177 BN= 101.62 RPE=   28.08%  zstat= 0
  ensemble (4 of 8 zones): mean JD=  2457403.290 std=   73.7 d
  ENSEMBLE RPE =     4.27%
 [PROGRESS]  37% ( 3 of  8 objects done, this chunk)

 ===== 39615 Proton-M Briz-M   
  [INFO] G2 BN floor estimate=   56.38 -> bn_lo=   28.19
  Z 1: exit= 1 pts=  2020 BN=   74.53
  [INFO] Z 2: G3 BSTAR prior narrows BN to [  29.79, 160.00]
  Z 2: exit= 0 pts=  9858 BN=   64.83
  Z 3: exit= 0 pts= 11633 BN=   77.97
  Z 4: exit= 1 pts=  3103 BN=   76.33
  Z 5: exit= 1 pts=  4996 BN=   75.66
  Z 6: exit= 1 pts=  2406 BN=   74.12
  Z 7: exit= 1 pts=  2234 BN=   73.80
  Z 8: exit= 1 pts=  2556 BN=   72.21
  Z1: e=  0.5476 BN=  74.53 RPE=  -55.65%  zstat= 0
  Z2: e=  0.5260 BN=  64.83 (no re-entry)  zstat= 0
  Z3: e=  0.4696 BN=  77.97 (no re-entry)  zstat= 0
  Z4: e=  0.4431 BN=  76.33 RPE=  -16.64%  zstat= 0
  Z5: e=  0.3302 BN=  75.66 RPE=  123.16%  zstat= 0
  Z6: e=  0.3135 BN=  74.12 RPE=   20.92%  zstat= 0
  Z7: e=  0.3027 BN=  73.80 RPE=   18.82%  zstat= 0
  Z8: e=  0.2818 BN=  72.21 RPE=   52.43%  zstat= 0
  ensemble (6 of 8 zones): mean JD=  2458006.683 std=  188.1 d
  ENSEMBLE RPE =    -0.81%
 [PROGRESS]  50% ( 4 of  8 objects done, this chunk)

 ===== 27526 Ariane 5 R/B      
  [INFO] G2 BN floor estimate=   42.60 -> bn_lo=   21.30
  Z 1: exit= 0 pts=  8640 BN=   45.33
  Z 2: exit= 0 pts= 10273 BN=   48.23
  Z 3: exit= 1 pts=  7464 BN=   78.43
  Z 4: exit= 1 pts=  2198 BN=   80.59
  Z 5: exit= 1 pts=  1951 BN=   67.68
  Z 6: exit= 1 pts=  1550 BN=   83.70
  [INFO] Z 7: G3 BSTAR prior narrows BN to [  22.13, 160.00]
  Z 7: exit= 1 pts=  1922 BN=   88.36
  [WARN] Z 8: GA optimum at search boundary -- true value may lie outside the search range
  Z 8: exit= 1 pts=   208 BN=  142.56
  Z1: e=  0.5637 BN=  45.33 (no re-entry)  zstat= 0
  Z2: e=  0.5105 BN=  48.23 (no re-entry)  zstat= 0
  Z3: e=  0.4951 BN=  78.43 RPE=  155.78%  zstat= 0
  Z4: e=  0.4074 BN=  80.59 RPE=   18.76%  zstat= 0
  Z5: e=  0.3614 BN=  67.68 RPE=   30.75%  zstat= 0
  Z6: e=  0.3479 BN=  83.70 RPE=   10.24%  zstat= 0
  Z7: e=  0.3060 BN=  88.36 RPE=   69.75%  zstat= 0
  Z8: e=  0.1193 BN= 142.56 RPE=   12.59%  zstat= 2
  ensemble (6 of 8 zones): mean JD=  2456169.154 std=  200.6 d
  ENSEMBLE RPE =    19.40%
 [PROGRESS]  62% ( 5 of  8 objects done, this chunk)

 ===== 32007 GSLV R/B          
  [INFO] G2 BN floor estimate=   53.74 -> bn_lo=   26.87
  Z 1: exit= 0 pts= 17979 BN=   58.64
  Z 2: exit= 1 pts= 15786 BN=   55.42
  Z 3: exit= 1 pts= 11133 BN=   86.77
  Z 4: exit= 1 pts= 10935 BN=   78.02
  Z 5: exit= 1 pts=  8390 BN=   71.60
  Z 6: exit= 1 pts=  4264 BN=   69.71
  Z 7: exit= 1 pts=  4935 BN=   68.91
  Z 8: exit= 1 pts=  2702 BN=   62.26
  Z1: e=  0.2869 BN=  58.64 (no re-entry)  zstat= 0
  Z2: e=  0.2527 BN=  55.42 RPE=   62.35%  zstat= 0
  Z3: e=  0.2508 BN=  86.77 RPE=   19.39%  zstat= 0
  Z4: e=  0.2227 BN=  78.02 RPE=   47.52%  zstat= 0
  Z5: e=  0.1812 BN=  71.60 RPE=   67.79%  zstat= 0
  Z6: e=  0.1413 BN=  69.71 RPE=   48.47%  zstat= 0
  Z7: e=  0.1368 BN=  68.91 RPE=   80.81%  zstat= 0
  Z8: e=  0.1084 BN=  62.26 RPE=   71.36%  zstat= 0
  ensemble (7 of 8 zones): mean JD=  2455564.645 std=  138.8 d
  ENSEMBLE RPE =    21.69%
 [PROGRESS]  75% ( 6 of  8 objects done, this chunk)

 ===== 37819 Proton-M R/B      
  [INFO] G2 BN floor estimate=   35.26 -> bn_lo=   17.63
  [INFO] Z 1: G3 BSTAR prior narrows BN to [  18.92, 160.00]
  Z 1: exit= 1 pts=  2648 BN=   59.91
  [INFO] Z 2: G3 BSTAR prior narrows BN to [  26.46, 160.00]
  Z 2: exit= 1 pts=  3056 BN=   69.05
  [INFO] Z 3: G3 BSTAR prior narrows BN to [  26.28, 160.00]
  Z 3: exit= 1 pts=  2489 BN=   64.62
  [INFO] Z 4: G3 BSTAR prior narrows BN to [  27.64, 160.00]
  Z 4: exit= 1 pts=  2244 BN=   71.94
  [INFO] Z 5: G3 BSTAR prior narrows BN to [  26.83, 160.00]
  Z 5: exit= 1 pts=  2081 BN=   66.00
  [INFO] Z 6: G3 BSTAR prior narrows BN to [  26.17, 160.00]
  Z 6: exit= 1 pts=  2016 BN=   55.72
  [INFO] Z 7: G3 BSTAR prior narrows BN to [  28.74, 160.00]
  Z 7: exit= 1 pts=  1773 BN=   61.53
  [INFO] Z 8: G3 BSTAR prior narrows BN to [  28.41, 160.00]
  Z 8: exit= 1 pts=  1768 BN=   57.93
  Z1: e=  0.4459 BN=  59.91 RPE=  -42.04%  zstat= 0
  Z2: e=  0.3420 BN=  69.05 RPE=    6.44%  zstat= 0
  Z3: e=  0.3170 BN=  64.62 RPE=   -0.88%  zstat= 0
  Z4: e=  0.2952 BN=  71.94 RPE=   -0.18%  zstat= 0
  Z5: e=  0.2764 BN=  66.00 RPE=    1.53%  zstat= 0
  Z6: e=  0.2662 BN=  55.72 RPE=    3.07%  zstat= 0
  Z7: e=  0.2351 BN=  61.53 RPE=    7.37%  zstat= 0
  Z8: e=  0.2232 BN=  57.93 RPE=   14.84%  zstat= 0
  ensemble (8 of 8 zones): mean JD=  2456525.814 std=   81.5 d
  ENSEMBLE RPE =    -4.10%
 [PROGRESS]  87% ( 7 of  8 objects done, this chunk)

 ===== 11550 Molniya debris    
  [WARN] tle_filter: epoch gap at point   555 (********** -> **********,     35.4 days)
  [WARN] tle_filter: epoch gap at point   738 (********** -> **********,     36.7 days)
  [WARN] tle_filter: epoch gap at point  1414 (********** -> **********,     38.7 days)
  [WARN] tle_filter: epoch gap at point  1956 (********** -> **********,     32.2 days)
  [WARN] Z 1: GA optimum at search boundary -- true value may lie outside the search range
  Z 1: exit= 0 pts=  3633 BN=   88.91
  [WARN] Z 2: GA optimum at search boundary -- true value may lie outside the search range
  Z 2: exit= 0 pts=  3633 BN=  153.28
  Z 3: exit= 0 pts=  3633 BN=  126.74
  Z 4: exit= 0 pts=  3633 BN=  117.09
  Z 5: exit= 0 pts=  3633 BN=  115.99
  Z 6: exit= 0 pts=  3633 BN=  144.77
  Z 7: exit= 0 pts=  3633 BN=  103.10
  [WARN] Z 8: GA optimum at search boundary -- true value may lie outside the search range
  Z 8: exit= 1 pts=   476 BN=   87.12
  Z1: e=  0.6199 BN=  88.91 (no re-entry)  zstat= 2
  Z2: e=  0.5964 BN= 153.28 (no re-entry)  zstat= 2
  Z3: e=  0.5925 BN= 126.74 (no re-entry)  zstat= 0
  Z4: e=  0.5882 BN= 117.09 (no re-entry)  zstat= 0
  Z5: e=  0.5846 BN= 115.99 (no re-entry)  zstat= 0
  Z6: e=  0.5818 BN= 144.77 (no re-entry)  zstat= 0
  Z7: e=  0.5813 BN= 103.10 (no re-entry)  zstat= 0
  Z8: e=  0.7524 BN=  87.12 RPE=    0.97%  zstat= 2
  ensemble (1 of 8 zones): mean JD=  2460777.179 std=    0.0 d
  ENSEMBLE RPE =     0.03%
 [PROGRESS] 100% ( 8 of  8 objects done, this chunk)

 campaign complete -> scratch_rpe/rpe_campaign_part_01_08.csv

 ===== 59347 GTO R/B           
  [INFO] Z 1: G3 BSTAR prior narrows BN to [  80.00, 158.94]
  Z 1: exit= 0 pts=  2244 BN=  103.83
  [INFO] Z 2: G3 BSTAR prior narrows BN to [  80.00, 138.36]
  [WARN] Z 2: GA optimum at search boundary -- true value may lie outside the search range
  Z 2: exit= 0 pts=  2246 BN=   87.78
  [INFO] Z 3: G3 BSTAR prior narrows BN to [  80.00, 118.68]
  [WARN] Z 3: GA optimum at search boundary -- true value may lie outside the search range
  Z 3: exit= 0 pts=  2249 BN=   82.65
  [INFO] Z 4: G3 BSTAR prior narrows BN to [  80.00, 106.65]
  [WARN] Z 4: GA optimum at search boundary -- true value may lie outside the search range
  Z 4: exit= 0 pts=  2253 BN=   81.93
  [INFO] Z 5: G3 BSTAR prior narrows BN to [  80.00, 100.33]
  Z 5: exit= 0 pts=  2256 BN=   92.42
  [INFO] Z 6: G3 BSTAR prior narrows BN to [  80.00, 114.78]
  [WARN] Z 6: GA optimum at search boundary -- true value may lie outside the search range
  Z 6: exit= 1 pts=   194 BN=   80.63
  [WARN] Z 7: RSM envelope does not bound   2 of   9 observations -- proceeding anyway
  [WARN] Z 7: GA optimum at search boundary -- true value may lie outside the search range
  Z 7: exit= 1 pts=   135 BN=  159.96
  [WARN] Z 8: GA optimum at search boundary -- true value may lie outside the search range
  Z 8: exit= 1 pts=   125 BN=  159.48
  Z1: e=  0.8196 BN= 103.83 (no re-entry)  zstat= 0
  Z2: e=  0.8195 BN=  87.78 (no re-entry)  zstat= 2
  Z3: e=  0.8194 BN=  82.65 (no re-entry)  zstat= 2
  Z4: e=  0.8191 BN=  81.93 (no re-entry)  zstat= 2
  Z5: e=  0.8189 BN=  92.42 (no re-entry)  zstat= 0
  Z6: e=  0.8177 BN=  80.63 RPE=  -34.43%  zstat= 2
  Z7: e=  0.6384 BN= 159.96 RPE=  -70.01%  zstat= 2
  Z8: e=  0.2219 BN= 159.48 RPE=    6.79%  zstat= 2
  ensemble (3 of 8 zones): mean JD=  2461162.464 std=   34.8 d
  ENSEMBLE RPE =    -5.57%
 [PROGRESS]  12% ( 9 of 16 objects done, this chunk)

 ===== 40943 GTO debris        
  [INFO] G2 BN floor estimate=    5.00 -> bn_lo=    2.50
  [INFO] Z 1: G3 BSTAR prior narrows BN to [   6.00, 103.92]
  [WARN] Z 1: GA optimum at search boundary -- true value may lie outside the search range
  Z 1: exit= 0 pts=  5335 BN=    6.10
  [INFO] Z 2: G3 BSTAR prior narrows BN to [   7.87, 136.21]
  [WARN] Z 2: GA optimum at search boundary -- true value may lie outside the search range
  Z 2: exit= 0 pts=  6293 BN=    9.82
  [INFO] Z 3: G3 BSTAR prior narrows BN to [   8.94, 154.75]
  [WARN] Z 3: GA optimum at search boundary -- true value may lie outside the search range
  Z 3: exit= 0 pts=  7673 BN=   25.02
  [INFO] Z 4: G3 BSTAR prior narrows BN to [   8.32, 144.10]
  [WARN] Z 4: GA optimum at search boundary -- true value may lie outside the search range
  Z 4: exit= 1 pts=  6023 BN=   18.22
  [INFO] Z 5: G3 BSTAR prior narrows BN to [   7.89, 136.66]
  [WARN] Z 5: GA optimum at search boundary -- true value may lie outside the search range
  Z 5: exit= 1 pts=  2423 BN=   19.98
  [INFO] Z 6: G3 BSTAR prior narrows BN to [   9.93, 160.00]
  Z 6: exit= 1 pts=  3485 BN=   54.46
  [INFO] Z 7: G3 BSTAR prior narrows BN to [  10.51, 160.00]
  Z 7: exit= 1 pts=  1906 BN=   61.34
  [INFO] Z 8: G3 BSTAR prior narrows BN to [  11.11, 160.00]
  Z 8: exit= 1 pts=  1027 BN=   47.02
  Z1: e=  0.6828 BN=   6.10 (no re-entry)  zstat= 2
  Z2: e=  0.6439 BN=   9.82 (no re-entry)  zstat= 2
  Z3: e=  0.5962 BN=  25.02 (no re-entry)  zstat= 2
  Z4: e=  0.5836 BN=  18.22 RPE=  404.85%  zstat= 2
  Z5: e=  0.5613 BN=  19.98 RPE=  149.21%  zstat= 2
  Z6: e=  0.4989 BN=  54.46 RPE=  340.34%  zstat= 0
  Z7: e=  0.4539 BN=  61.34 RPE=  196.72%  zstat= 0
  Z8: e=  0.3925 BN=  47.02 RPE=  125.86%  zstat= 0
  ensemble (5 of 8 zones): mean JD=  2459159.062 std=  229.0 d
  ENSEMBLE RPE =    19.41%
 [PROGRESS]  25% (10 of 16 objects done, this chunk)

 ===== 66587 CZ-3B R/B         
  [INFO] G2 BN floor estimate=  115.44 -> bn_lo=   57.72
  [WARN] Z 1: GA optimum at search boundary -- true value may lie outside the search range
  Z 1: exit= 1 pts=    91 BN=  159.48
  [WARN] Z 2: RSM envelope does not bound   3 of   8 observations -- proceeding anyway
  [WARN] Z 2: GA optimum at search boundary -- true value may lie outside the search range
  Z 2: exit= 1 pts=    60 BN=  159.98
  Z1: e=  0.7497 BN= 159.48 RPE=  -22.46%  zstat= 2
  Z2: e=  0.7484 BN= 159.98 RPE=  -37.83%  zstat= 2
  ensemble (2 of 2 zones): mean JD=  2461072.816 std=    1.1 d
  ENSEMBLE RPE =   -24.56%
 [PROGRESS]  37% (11 of 16 objects done, this chunk)

 ===== 60328 CZ-3B R/B         
  [WARN] tle_filter: epoch gap at point    76 (********** -> **********,     82.6 days)
  [INFO] G2 BN floor estimate=   26.22 -> bn_lo=   13.11
  Z 1: exit= 0 pts=  4459 BN=   48.12
  Z 2: exit= 0 pts=  4556 BN=   48.95
  Z 3: exit= 1 pts=  3346 BN=   40.58
  [WARN] Z 4: GA optimum at search boundary -- true value may lie outside the search range
  Z 4: exit= 1 pts=  1706 BN=   33.29
  Z 5: exit= 1 pts=   814 BN=   60.31
  Z 6: exit= 1 pts=   474 BN=   55.24
  [INFO] Z 7: G3 BSTAR prior narrows BN to [  21.29, 160.00]
  Z 7: exit= 1 pts=   259 BN=   90.56
  [INFO] Z 8: G3 BSTAR prior narrows BN to [  19.12, 160.00]
  Z 8: exit= 1 pts=   285 BN=  111.96
  Z1: e=  0.7197 BN=  48.12 (no re-entry)  zstat= 0
  Z2: e=  0.7154 BN=  48.95 (no re-entry)  zstat= 0
  Z3: e=  0.7132 BN=  40.58 RPE=  270.34%  zstat= 0
  Z4: e=  0.7114 BN=  33.29 RPE=  101.62%  zstat= 2
  Z5: e=  0.7092 BN=  60.31 RPE=    8.35%  zstat= 0
  Z6: e=  0.7077 BN=  55.24 RPE=  -21.14%  zstat= 0
  Z7: e=  0.6890 BN=  90.56 RPE=  -22.37%  zstat= 0
  Z8: e=  0.6827 BN= 111.96 RPE=   -6.36%  zstat= 0
  ensemble (6 of 8 zones): mean JD=  2460899.648 std=  232.5 d
  ENSEMBLE RPE =    50.89%
 [PROGRESS]  50% (12 of 16 objects done, this chunk)

 ===== 61734 H-3 R/B           
  [WARN] tle_filter: epoch gap at point    64 (********** -> **********,     44.9 days)
  [INFO] G2 BN floor estimate=   32.64 -> bn_lo=   16.32
  Z 1: exit= 1 pts=  1544 BN=   59.35
  Z 2: exit= 1 pts=   427 BN=   68.62
  Z 3: exit= 1 pts=   336 BN=   70.64
  [INFO] Z 4: G3 BSTAR prior narrows BN to [  18.22, 160.00]
  Z 4: exit= 1 pts=   276 BN=   82.00
  [INFO] Z 5: G3 BSTAR prior narrows BN to [  30.38, 160.00]
  [WARN] Z 5: GA optimum at search boundary -- true value may lie outside the search range
  Z 5: exit= 1 pts=   154 BN=  159.89
  Z1: e=  0.7279 BN=  59.35 RPE=  155.61%  zstat= 0
  Z2: e=  0.7260 BN=  68.62 RPE=    9.76%  zstat= 0
  Z3: e=  0.7247 BN=  70.64 RPE=   -4.11%  zstat= 0
  Z4: e=  0.7235 BN=  82.00 RPE=  -13.65%  zstat= 0
  Z5: e=  0.7204 BN= 159.89 RPE=  -37.34%  zstat= 2
  ensemble (5 of 5 zones): mean JD=  2460791.415 std=   97.3 d
  ENSEMBLE RPE =    26.21%
 [PROGRESS]  62% (13 of 16 objects done, this chunk)

 ===== 57804 H-2A R/B          
  [WARN] tle_filter: epoch gap at point    35 (********** -> **********,    363.8 days)
  pipeline error ierr=  2
 [PROGRESS]  75% (14 of 16 objects done, this chunk)

 ===== 56758 Falcon9 R/B       
  [WARN] Z 1: RSM envelope does not bound   1 of  14 observations -- proceeding anyway
  [WARN] Z 1: GA optimum at search boundary -- true value may lie outside the search range
  Z 1: exit= 0 pts=  2201 BN=  155.65
  Z 2: exit= 0 pts=  2200 BN=  131.26
  Z1: e=  0.8181 BN= 155.65 (no re-entry)  zstat= 2
  Z2: e=  0.8178 BN= 131.26 (no re-entry)  zstat= 0
  no re-entry in any zone (weak-signal fits; lifetime beyond 5-yr cap)
 [PROGRESS]  87% (15 of 16 objects done, this chunk)

 ===== 30799 Delta2 R/B        
  [WARN] tle_filter: epoch gap at point   330 (********** -> **********,     56.4 days)
  [WARN] tle_filter: epoch gap at point   974 (********** -> **********,    232.2 days)
  [WARN] tle_filter: epoch gap at point  1079 (********** -> **********,     88.7 days)
  [WARN] tle_filter: epoch gap at point  1080 (********** -> **********,    110.2 days)
  [WARN] tle_filter: epoch gap at point  1207 (********** -> **********,    104.3 days)
  [WARN] tle_filter: epoch gap at point  1367 (********** -> **********,     68.0 days)
  [WARN] tle_filter: epoch gap at point  1446 (********** -> **********,     49.1 days)
  [WARN] tle_filter: epoch gap at point  1473 (********** -> **********,     54.1 days)
  [WARN] tle_filter: epoch gap at point  1533 (********** -> **********,     60.4 days)
  [WARN] tle_filter: epoch gap at point  1560 (********** -> **********,     39.0 days)
  [WARN] tle_filter: epoch gap at point  1565 (********** -> **********,     31.4 days)
  [WARN] tle_filter: epoch gap at point  1566 (********** -> **********,    179.5 days)
  [WARN] tle_filter: epoch gap at point  1570 (********** -> **********,     36.3 days)
  [WARN] tle_filter: epoch gap at point  1574 (********** -> **********,     31.1 days)
  [WARN] tle_filter: epoch gap at point  1611 (********** -> **********,     34.9 days)
  [WARN] tle_filter: epoch gap at point  1612 (********** -> **********,     68.7 days)
  [WARN] tle_filter: epoch gap at point  1647 (********** -> **********,     30.0 days)
  [WARN] tle_filter: epoch gap at point  1705 (********** -> **********,    196.5 days)
  [WARN] Z 1: RSM envelope does not bound   1 of   8 observations -- proceeding anyway
  [WARN] Z 1: GA optimum at search boundary -- true value may lie outside the search range
  Z 1: exit= 0 pts=  1434 BN=  149.50
  Z 2: exit= 2 pts=   363 BN=  114.72
  [INFO] Z 3: G3 BSTAR prior narrows BN to [  80.00,  83.97]
  Z 3: exit= 0 pts=  1463 BN=   82.68
  Z1: e=  0.8581 BN= 149.50 (no re-entry)  zstat= 2
  Z2: e=  0.8584 BN= 114.72 (no re-entry)  zstat= 0
  Z3: e=  0.8588 BN=  82.68 (no re-entry)  zstat= 0
  no re-entry in any zone (weak-signal fits; lifetime beyond 5-yr cap)
 [PROGRESS] 100% (16 of 16 objects done, this chunk)

 campaign complete -> scratch_rpe/rpe_campaign_part_09_16.csv

 ===== 44187 Falcon9 R/B       
  [WARN] tle_filter: epoch gap at point     5 (********** -> **********,     48.0 days)
  [WARN] tle_filter: epoch gap at point    24 (********** -> **********,    142.2 days)
  [WARN] tle_filter: epoch gap at point    25 (********** -> **********,    457.1 days)
  pipeline error ierr=  2
 [PROGRESS]  14% (17 of 23 objects done, this chunk)

 ===== 35009 Fregat R/B        
  [INFO] G2 BN floor estimate=   10.15 -> bn_lo=    5.07
  [INFO] Z 1: G3 BSTAR prior narrows BN to [  17.83, 160.00]
  [WARN] Z 1: GA optimum at search boundary -- true value may lie outside the search range
  Z 1: exit= 0 pts=  4151 BN=   24.95
  [INFO] Z 2: G3 BSTAR prior narrows BN to [  19.24, 160.00]
  Z 2: exit= 0 pts=  4200 BN=   57.32
  [INFO] Z 3: G3 BSTAR prior narrows BN to [  25.16, 160.00]
  Z 3: exit= 0 pts=  4210 BN=   77.25
  [INFO] Z 4: G3 BSTAR prior narrows BN to [  25.29, 160.00]
  Z 4: exit= 0 pts=  4213 BN=   53.55
  [INFO] Z 5: G3 BSTAR prior narrows BN to [  27.60, 160.00]
  Z 5: exit= 0 pts=  4218 BN=   72.47
  [INFO] Z 6: G3 BSTAR prior narrows BN to [  12.96, 160.00]
  [WARN] Z 6: GA optimum at search boundary -- true value may lie outside the search range
  Z 6: exit= 0 pts=  4268 BN=   16.10
  [INFO] Z 7: G3 BSTAR prior narrows BN to [  16.72, 160.00]
  [WARN] Z 7: GA optimum at search boundary -- true value may lie outside the search range
  Z 7: exit= 0 pts=  4279 BN=   24.56
  [INFO] Z 8: G3 BSTAR prior narrows BN to [  23.26, 160.00]
  [WARN] Z 8: GA optimum at search boundary -- true value may lie outside the search range
  Z 8: exit= 0 pts=  4279 BN=  151.35
  Z1: e=  0.7311 BN=  24.95 (no re-entry)  zstat= 2
  Z2: e=  0.7291 BN=  57.32 (no re-entry)  zstat= 0
  Z3: e=  0.7287 BN=  77.25 (no re-entry)  zstat= 0
  Z4: e=  0.7286 BN=  53.55 (no re-entry)  zstat= 0
  Z5: e=  0.7283 BN=  72.47 (no re-entry)  zstat= 0
  Z6: e=  0.7234 BN=  16.10 (no re-entry)  zstat= 2
  Z7: e=  0.7138 BN=  24.56 (no re-entry)  zstat= 2
  Z8: e=  0.7133 BN= 151.35 (no re-entry)  zstat= 2
  no re-entry in any zone (weak-signal fits; lifetime beyond 5-yr cap)
 [PROGRESS]  28% (18 of 23 objects done, this chunk)

 ===== 41553 Falcon9 R/B       
  [WARN] tle_filter: epoch gap at point     3 (********** -> **********,     51.8 days)
  [WARN] tle_filter: epoch gap at point   117 (********** -> **********,    305.6 days)
  [WARN] tle_filter: epoch gap at point   120 (********** -> **********,     94.7 days)
  pipeline error ierr=  2
 [PROGRESS]  42% (19 of 23 objects done, this chunk)

 ===== 48259 Cosmos1124 deb    
  [WARN] tle_filter: epoch gap at point   978 (********** -> **********,    175.6 days)
  [WARN] tle_filter: epoch gap at point   979 (********** -> **********,     48.6 days)
  pipeline error ierr=  2
 [PROGRESS]  57% (20 of 23 objects done, this chunk)

 ===== 27906 Cosmos1481 deb    
  [WARN] tle_filter: epoch gap at point     2 (********** -> **********,     67.8 days)
  [WARN] tle_filter: epoch gap at point  2036 (********** -> **********,     42.9 days)
  Z 1: exit= 0 pts=  3743 BN=  128.95
  Z 2: exit= 0 pts=  3740 BN=   99.55
  [INFO] Z 3: G3 BSTAR prior narrows BN to [  80.00, 133.69]
  [WARN] Z 3: GA optimum at search boundary -- true value may lie outside the search range
  Z 3: exit= 1 pts=   598 BN=   81.83
  [INFO] Z 4: G3 BSTAR prior narrows BN to [  80.00, 119.50]
  [WARN] Z 4: GA optimum at search boundary -- true value may lie outside the search range
  Z 4: exit= 1 pts=   707 BN=   83.76
  Z1: e=  0.6580 BN= 128.95 (no re-entry)  zstat= 0
  Z2: e=  0.6596 BN=  99.55 (no re-entry)  zstat= 0
  Z3: e=  0.7450 BN=  81.83 RPE=   38.08%  zstat= 2
  Z4: e=  0.7453 BN=  83.76 RPE=  100.38%  zstat= 2
  ensemble (2 of 4 zones): mean JD=  2458541.651 std=   46.9 d
  ENSEMBLE RPE =     2.29%
 [PROGRESS]  71% (21 of 23 objects done, this chunk)

 ===== 27882 Cosmos903 deb     
  [WARN] tle_filter: epoch gap at point     2 (********** -> **********,     32.9 days)
  [WARN] tle_filter: epoch gap at point  1804 (********** -> **********,     31.9 days)
  [INFO] G2 BN floor estimate=    5.00 -> bn_lo=    2.50
  [INFO] Z 1: G3 BSTAR prior narrows BN to [   3.98,  68.88]
  [WARN] Z 1: GA optimum at search boundary -- true value may lie outside the search range
  Z 1: exit= 1 pts=   924 BN=    4.29
  [INFO] Z 2: G3 BSTAR prior narrows BN to [   5.68,  98.36]
  [WARN] Z 2: GA optimum at search boundary -- true value may lie outside the search range
  Z 2: exit= 1 pts=   856 BN=    6.82
  [INFO] Z 3: G3 BSTAR prior narrows BN to [   6.47, 112.08]
  [WARN] Z 3: GA optimum at search boundary -- true value may lie outside the search range
  Z 3: exit= 1 pts=   934 BN=    7.09
  [INFO] Z 4: G3 BSTAR prior narrows BN to [   4.37,  75.59]
  [WARN] Z 4: GA optimum at search boundary -- true value may lie outside the search range
  Z 4: exit= 1 pts=   587 BN=    9.26
  [INFO] Z 5: G3 BSTAR prior narrows BN to [   4.23,  73.28]
  [WARN] Z 5: GA optimum at search boundary -- true value may lie outside the search range
  Z 5: exit= 1 pts=   755 BN=    7.06
  [INFO] Z 6: G3 BSTAR prior narrows BN to [   4.12,  71.27]
  [WARN] Z 6: GA optimum at search boundary -- true value may lie outside the search range
  Z 6: exit= 1 pts=   612 BN=    5.10
  [INFO] Z 7: G3 BSTAR prior narrows BN to [   5.02,  86.90]
  [WARN] Z 7: GA optimum at search boundary -- true value may lie outside the search range
  Z 7: exit= 1 pts=   269 BN=    5.26
  [INFO] Z 8: G3 BSTAR prior narrows BN to [   4.45,  77.04]
  [WARN] Z 8: GA optimum at search boundary -- true value may lie outside the search range
  Z 8: exit= 1 pts=   241 BN=    4.53
  Z1: e=  0.7496 BN=   4.29 RPE=   13.05%  zstat= 2
  Z2: e=  0.7492 BN=   6.82 RPE=    9.00%  zstat= 2
  Z3: e=  0.7491 BN=   7.09 RPE=    5.40%  zstat= 2
  Z4: e=  0.7468 BN=   9.26 RPE=   32.86%  zstat= 2
  Z5: e=  0.7438 BN=   7.06 RPE=   71.48%  zstat= 2
  Z6: e=  0.7427 BN=   5.10 RPE=   56.09%  zstat= 2
  Z7: e=  0.7329 BN=   5.26 RPE=    5.14%  zstat= 2
  Z8: e=  0.7265 BN=   4.53 RPE=   -2.44%  zstat= 2
  ensemble (8 of 8 zones): mean JD=  2458618.328 std=   34.1 d
  ENSEMBLE RPE =    12.00%
 [PROGRESS]  85% (22 of 23 objects done, this chunk)

 ===== 39802 SL-12 deb         
  [INFO] G2 BN floor estimate=    5.00 -> bn_lo=    2.50
  [INFO] Z 1: G3 BSTAR prior narrows BN to [   7.79, 134.90]
  Z 1: exit= 1 pts=  6560 BN=   27.47
  [INFO] Z 2: G3 BSTAR prior narrows BN to [   7.54, 130.51]
  [WARN] Z 2: GA optimum at search boundary -- true value may lie outside the search range
  Z 2: exit= 1 pts=  7105 BN=   12.98
  [INFO] Z 3: G3 BSTAR prior narrows BN to [   8.99, 155.60]
  [WARN] Z 3: GA optimum at search boundary -- true value may lie outside the search range
  Z 3: exit= 1 pts=  7963 BN=   28.24
  [INFO] Z 4: G3 BSTAR prior narrows BN to [   8.85, 153.23]
  [WARN] Z 4: GA optimum at search boundary -- true value may lie outside the search range
  Z 4: exit= 1 pts=  7159 BN=    8.88
  [INFO] Z 5: G3 BSTAR prior narrows BN to [   8.90, 154.07]
  [WARN] Z 5: GA optimum at search boundary -- true value may lie outside the search range
  Z 5: exit= 1 pts=  6658 BN=   14.44
  [INFO] Z 6: G3 BSTAR prior narrows BN to [   8.67, 150.08]
  [WARN] Z 6: GA optimum at search boundary -- true value may lie outside the search range
  Z 6: exit= 1 pts=  5877 BN=   12.14
  [INFO] Z 7: G3 BSTAR prior narrows BN to [   7.74, 133.94]
  [WARN] Z 7: GA optimum at search boundary -- true value may lie outside the search range
  Z 7: exit= 1 pts=  5016 BN=    8.72
  [INFO] Z 8: G3 BSTAR prior narrows BN to [   7.93, 137.35]
  [WARN] Z 8: GA optimum at search boundary -- true value may lie outside the search range
  Z 8: exit= 1 pts=  3777 BN=   21.64
  Z1: e=  0.5759 BN=  27.47 RPE=   40.00%  zstat= 0
  Z2: e=  0.5758 BN=  12.98 RPE=   46.48%  zstat= 2
  Z3: e=  0.5723 BN=  28.24 RPE=  106.81%  zstat= 2
  Z4: e=  0.5722 BN=   8.88 RPE=   77.30%  zstat= 2
  Z5: e=  0.5722 BN=  14.44 RPE=   71.54%  zstat= 2
  Z6: e=  0.5721 BN=  12.14 RPE=   52.77%  zstat= 2
  Z7: e=  0.5717 BN=   8.72 RPE=   34.25%  zstat= 2
  Z8: e=  0.5691 BN=  21.64 RPE=   17.25%  zstat= 2
  ensemble (8 of 8 zones): mean JD=  2459191.251 std=  198.4 d
  ENSEMBLE RPE =    45.15%
 [PROGRESS] 100% (23 of 23 objects done, this chunk)

 campaign complete -> scratch_rpe/rpe_campaign_part_17_23.csv

 ===== 28572 SL-12 deb         
  [WARN] tle_filter: epoch gap at point     2 (********** -> **********,     31.9 days)
  [WARN] tle_filter: epoch gap at point    43 (********** -> **********,    462.3 days)
  [WARN] tle_filter: epoch gap at point   230 (********** -> **********,    108.7 days)
  [WARN] tle_filter: epoch gap at point   231 (********** -> **********,     65.6 days)
  [WARN] tle_filter: epoch gap at point   232 (********** -> **********,    304.0 days)
  [WARN] tle_filter: epoch gap at point   454 (********** -> **********,     40.8 days)
  [WARN] tle_filter: epoch gap at point   461 (********** -> **********,    414.4 days)
  [WARN] tle_filter: epoch gap at point   491 (********** -> **********,     50.4 days)
  [WARN] tle_filter: epoch gap at point   501 (********** -> **********,    137.8 days)
  [WARN] tle_filter: epoch gap at point   517 (********** -> **********,     71.9 days)
  [WARN] tle_filter: epoch gap at point   526 (********** -> **********,     41.5 days)
  [WARN] tle_filter: epoch gap at point   527 (********** -> **********,     55.7 days)
  [WARN] tle_filter: epoch gap at point   528 (********** -> **********,    522.2 days)
  pipeline error ierr=  2
 [PROGRESS]  14% (24 of 30 objects done, this chunk)

 ===== 46429 SL-12 deb         
  pipeline error ierr=  2
 [PROGRESS]  28% (25 of 30 objects done, this chunk)

 ===== 44591 CZ-3A deb         
  [WARN] tle_filter: epoch gap at point    40 (********** -> **********,     52.7 days)
  [WARN] tle_filter: epoch gap at point    69 (********** -> **********,     55.9 days)
  pipeline error ierr=  2
 [PROGRESS]  42% (26 of 30 objects done, this chunk)

 ===== 41695 SL-12 deb         
  [WARN] tle_filter: epoch gap at point    20 (********** -> **********,    134.5 days)
  [WARN] tle_filter: epoch gap at point    97 (********** -> **********,    410.3 days)
  [WARN] tle_filter: epoch gap at point   122 (********** -> **********,     46.6 days)
  [WARN] tle_filter: epoch gap at point   129 (********** -> **********,    390.5 days)
  [WARN] tle_filter: epoch gap at point   139 (********** -> **********,     93.6 days)
  [WARN] tle_filter: epoch gap at point   182 (********** -> **********,     41.8 days)
  [WARN] tle_filter: epoch gap at point   215 (********** -> **********,     40.8 days)
  [WARN] tle_filter: epoch gap at point   237 (********** -> **********,     30.7 days)
  [WARN] tle_filter: epoch gap at point   311 (********** -> **********,    121.6 days)
  [INFO] G2 BN floor estimate=    5.00 -> bn_lo=    2.50
  [INFO] Z 1: G3 BSTAR prior narrows BN to [   2.85,  49.43]
  [WARN] Z 1: GA optimum at search boundary -- true value may lie outside the search range
  Z 1: exit= 0 pts=  8125 BN=    3.19
  [INFO] Z 2: G3 BSTAR prior narrows BN to [   3.73,  64.56]
  [WARN] Z 2: GA optimum at search boundary -- true value may lie outside the search range
  Z 2: exit= 1 pts=  7972 BN=   63.90
  [INFO] Z 3: G3 BSTAR prior narrows BN to [   2.77,  47.97]
  [WARN] Z 3: GA optimum at search boundary -- true value may lie outside the search range
  Z 3: exit= 1 pts=  3708 BN=    2.81
  [INFO] Z 4: G3 BSTAR prior narrows BN to [   4.13,  71.55]
  [WARN] Z 4: GA optimum at search boundary -- true value may lie outside the search range
  Z 4: exit= 1 pts=  4307 BN=   12.21
  [INFO] Z 5: G3 BSTAR prior narrows BN to [   2.89,  49.96]
  Z 5: exit= 0 pts=  8465 BN=   34.40
  [INFO] Z 6: G3 BSTAR prior narrows BN to [   2.73,  47.25]
  [WARN] Z 6: GA optimum at search boundary -- true value may lie outside the search range
  Z 6: exit= 0 pts=  8481 BN=   42.12
  Z1: e=  0.5610 BN=   3.19 (no re-entry)  zstat= 2
  Z2: e=  0.5461 BN=  63.90 RPE=   30.82%  zstat= 2
  Z3: e=  0.5593 BN=   2.81 RPE=   29.91%  zstat= 2
  Z4: e=  0.5551 BN=  12.21 RPE=   67.17%  zstat= 2
  Z5: e=  0.5471 BN=  34.40 (no re-entry)  zstat= 0
  Z6: e=  0.5474 BN=  42.12 (no re-entry)  zstat= 2
  ensemble (3 of 6 zones): mean JD=  2460007.721 std=  125.2 d
  ENSEMBLE RPE =    13.85%
 [PROGRESS]  57% (27 of 30 objects done, this chunk)

 ===== 52205 Cosmos917 deb     
  [INFO] G2 BN floor estimate=   27.83 -> bn_lo=   13.91
  [INFO] Z 1: G3 BSTAR prior narrows BN to [  14.88, 160.00]
  Z 1: exit= 1 pts=   183 BN=   73.89
  [INFO] Z 2: G3 BSTAR prior narrows BN to [  16.57, 160.00]
  Z 2: exit= 1 pts=   159 BN=   74.41
  [INFO] Z 3: G3 BSTAR prior narrows BN to [  16.78, 160.00]
  Z 3: exit= 1 pts=   145 BN=   80.56
  [INFO] Z 4: G3 BSTAR prior narrows BN to [  15.31, 160.00]
  Z 4: exit= 1 pts=   126 BN=  115.60
  [INFO] Z 5: G3 BSTAR prior narrows BN to [  14.74, 160.00]
  Z 5: exit= 1 pts=   113 BN=   78.02
  [WARN] Z 6: GA optimum at search boundary -- true value may lie outside the search range
  Z 6: exit= 1 pts=   133 BN=   29.53
  Z1: e=  0.7513 BN=  73.89 RPE=  -15.35%  zstat= 0
  Z2: e=  0.7510 BN=  74.41 RPE=  -18.68%  zstat= 0
  Z3: e=  0.7498 BN=  80.56 RPE=  -17.60%  zstat= 0
  Z4: e=  0.7473 BN= 115.60 RPE=  -15.38%  zstat= 0
  Z5: e=  0.7427 BN=  78.02 RPE=   -6.76%  zstat= 0
  Z6: e=  0.7258 BN=  29.53 RPE=   36.89%  zstat= 2
  ensemble (6 of 6 zones): mean JD=  2459750.879 std=    7.5 d
  ENSEMBLE RPE =    -7.51%
 [PROGRESS]  71% (28 of 30 objects done, this chunk)

 ===== 45349 SL-12 deb         
  [INFO] G2 BN floor estimate=    5.00 -> bn_lo=    2.50
  [INFO] Z 1: G3 BSTAR prior narrows BN to [   3.58,  61.94]
  [WARN] Z 1: GA optimum at search boundary -- true value may lie outside the search range
  Z 1: exit= 0 pts=  7913 BN=    8.14
  [INFO] Z 2: G3 BSTAR prior narrows BN to [   3.70,  63.98]
  [WARN] Z 2: GA optimum at search boundary -- true value may lie outside the search range
  Z 2: exit= 1 pts=  7958 BN=    7.56
  [INFO] Z 3: G3 BSTAR prior narrows BN to [   4.06,  70.29]
  [WARN] Z 3: GA optimum at search boundary -- true value may lie outside the search range
  Z 3: exit= 1 pts=  7484 BN=    7.39
  [INFO] Z 4: G3 BSTAR prior narrows BN to [   4.76,  82.40]
  [WARN] Z 4: GA optimum at search boundary -- true value may lie outside the search range
  Z 4: exit= 1 pts=  7528 BN=   13.37
  [INFO] Z 5: G3 BSTAR prior narrows BN to [   4.03,  69.80]
  [WARN] Z 5: GA optimum at search boundary -- true value may lie outside the search range
  Z 5: exit= 1 pts=  5306 BN=    8.77
  [INFO] Z 6: G3 BSTAR prior narrows BN to [   2.78,  48.17]
  [WARN] Z 6: GA optimum at search boundary -- true value may lie outside the search range
  Z 6: exit= 1 pts=  3597 BN=    3.11
  [INFO] Z 7: G3 BSTAR prior narrows BN to [   2.77,  47.94]
  [WARN] Z 7: GA optimum at search boundary -- true value may lie outside the search range
  Z 7: exit= 1 pts=  3435 BN=    2.79
  [INFO] Z 8: G3 BSTAR prior narrows BN to [   2.67,  46.25]
  [WARN] Z 8: GA optimum at search boundary -- true value may lie outside the search range
  Z 8: exit= 1 pts=  4716 BN=    3.74
  Z1: e=  0.5792 BN=   8.14 (no re-entry)  zstat= 2
  Z2: e=  0.5778 BN=   7.56 RPE=  175.44%  zstat= 2
  Z3: e=  0.5730 BN=   7.39 RPE=  169.32%  zstat= 2
  Z4: e=  0.5643 BN=  13.37 RPE=  257.14%  zstat= 2
  Z5: e=  0.5603 BN=   8.77 RPE=  193.65%  zstat= 2
  Z6: e=  0.5056 BN=   3.11 RPE=  101.75%  zstat= 2
  Z7: e=  0.4894 BN=   2.79 RPE=   92.27%  zstat= 2
  Z8: e=  0.4301 BN=   3.74 RPE=  175.98%  zstat= 2
  ensemble (7 of 8 zones): mean JD=  2460438.424 std=  320.4 d
  ENSEMBLE RPE =   112.08%
 [PROGRESS]  85% (29 of 30 objects done, this chunk)

 ===== 23647 Titan34B deb      
  pipeline error ierr=  2
 [PROGRESS] 100% (30 of 30 objects done, this chunk)

 campaign complete -> scratch_rpe/rpe_campaign_part_24_30.csv
