
 ===== 42928 PSLV-C39          
  [INFO] G2 BN floor estimate=   77.29 -> bn_lo=   38.64
  Z 1: exit= 1 pts=  7142 BN=   82.58
  [WARN] Z 2: GA optimum at search boundary -- true value may lie outside the search range
  Z 2: exit= 1 pts=  4898 BN=  112.75
  Z 3: exit= 1 pts=  4757 BN=   75.49
  Z 4: exit= 1 pts=  6373 BN=   85.24
  [WARN] Z 5: GA optimum at search boundary -- true value may lie outside the search range
  Z 5: exit= 1 pts=  5105 BN=   96.48
  [WARN] Z 6: GA optimum at search boundary -- true value may lie outside the search range
  Z 6: exit= 1 pts=  3808 BN=   98.99
  Z 7: exit= 1 pts=  1425 BN=   69.54
  [WARN] Z 8: RSM envelope does not bound  27 of  39 observations -- proceeding anyway
  [WARN] Z 8: GA optimum at search boundary -- true value may lie outside the search range
  Z 8: exit= 1 pts=   147 BN=   81.18
  Z1: e=  0.3209 BN=  82.58 RPE=   18.59%  zstat= 0
  Z2: e=  0.2949 BN= 112.75 RPE=   -8.11%  zstat= 2
  Z3: e=  0.2869 BN=  75.49 RPE=   -6.29%  zstat= 0
  Z4: e=  0.2798 BN=  85.24 RPE=   29.34%  zstat= 0
  Z5: e=  0.2742 BN=  96.48 RPE=    8.41%  zstat= 2
  Z6: e=  0.2263 BN=  98.99 RPE=   12.59%  zstat= 2
  Z7: e=  0.1388 BN=  69.54 RPE=    1.94%  zstat= 0
  Z8: e=  0.0867 BN=  81.18 RPE=  -41.47%  zstat= 2
  ensemble (8 of 8 zones): mean JD=  2458562.607 std=   57.1 d
  ENSEMBLE RPE =     3.25%
 [PROGRESS]   2% ( 1 of 50 objects done, this chunk)

 ===== 35497 Ariane 5 ESC-A    
  [INFO] G2 BN floor estimate=   58.63 -> bn_lo=   29.32
  [WARN] Z 1: GA optimum at search boundary -- true value may lie outside the search range
  Z 1: exit= 0 pts=  7384 BN=   37.60
  Z 2: exit= 0 pts=  7491 BN=   92.15
  Z 3: exit= 0 pts=  7516 BN=   88.11
  Z 4: exit= 0 pts=  7651 BN=   71.34
  Z 5: exit= 1 pts=  6372 BN=   84.31
  [WARN] Z 6: GA optimum at search boundary -- true value may lie outside the search range
  Z 6: exit= 1 pts=  1363 BN=  116.10
  [WARN] Z 7: GA optimum at search boundary -- true value may lie outside the search range
  Z 7: exit= 1 pts=   412 BN=  133.29
  [INFO] Z 8: G3 BSTAR prior narrows BN to [  21.88, 157.82]
  [WARN] Z 8: RSM envelope does not bound  42 of  47 observations -- proceeding anyway
  [WARN] Z 8: GA optimum at search boundary -- true value may lie outside the search range
  Z 8: exit= 1 pts=    39 BN=  155.99
  Z1: e=  0.6049 BN=  37.60 (no re-entry)  zstat= 2
  Z2: e=  0.6024 BN=  92.15 (no re-entry)  zstat= 0
  Z3: e=  0.6020 BN=  88.11 (no re-entry)  zstat= 0
  Z4: e=  0.5979 BN=  71.34 (no re-entry)  zstat= 0
  Z5: e=  0.5811 BN=  84.31 RPE=  358.09%  zstat= 0
  Z6: e=  0.5599 BN= 116.10 RPE=   28.45%  zstat= 2
  Z7: e=  0.4730 BN= 133.29 RPE=  -23.27%  zstat= 2
  Z8: e=  0.3581 BN= 155.99 RPE=  -76.22%  zstat= 2
  ensemble (4 of 8 zones): mean JD=  2457704.346 std=  369.5 d
  ENSEMBLE RPE =     2.78%
 [PROGRESS]   4% ( 2 of 50 objects done, this chunk)

 ===== 37151 Long March 3B     
  [INFO] G2 BN floor estimate=   34.51 -> bn_lo=   17.26
  Z 1: exit= 0 pts=  8796 BN=   60.02
  Z 2: exit= 0 pts=  9681 BN=   52.84
  [INFO] Z 3: G3 BSTAR prior narrows BN to [  17.78, 160.00]
  Z 3: exit= 1 pts=  4533 BN=   69.12
  Z 4: exit= 1 pts=  3306 BN=   64.06
  [WARN] Z 5: GA optimum at search boundary -- true value may lie outside the search range
  Z 5: exit= 1 pts=  3341 BN=   46.62
  Z 6: exit= 1 pts=  8398 BN=   53.99
  [WARN] Z 7: GA optimum at search boundary -- true value may lie outside the search range
  Z 7: exit= 1 pts=  1965 BN=   67.30
  [WARN] Z 8: RSM envelope does not bound   7 of   9 observations -- proceeding anyway
  [WARN] Z 8: GA optimum at search boundary -- true value may lie outside the search range
  Z 8: exit= 1 pts=    15 BN=   73.52
  Z1: e=  0.5576 BN=  60.02 (no re-entry)  zstat= 0
  Z2: e=  0.5299 BN=  52.84 (no re-entry)  zstat= 0
  Z3: e=  0.5160 BN=  69.12 RPE=    3.85%  zstat= 0
  Z4: e=  0.5097 BN=  64.06 RPE=  -20.98%  zstat= 0
  Z5: e=  0.4808 BN=  46.62 RPE=  -10.03%  zstat= 2
  Z6: e=  0.4164 BN=  53.99 RPE=  171.35%  zstat= 0
  Z7: e=  0.3684 BN=  67.30 RPE=  -12.73%  zstat= 2
  Z8: e=  0.0643 BN=  73.52 RPE=  -42.32%  zstat= 2
  ensemble (6 of 8 zones): mean JD=  2457346.134 std=  230.4 d
  ENSEMBLE RPE =    -1.77%
 [PROGRESS]   6% ( 3 of 50 objects done, this chunk)

 ===== 39615 Proton-M Briz-M   
  [INFO] G2 BN floor estimate=   58.03 -> bn_lo=   29.02
  [INFO] Z 1: G3 BSTAR prior narrows BN to [  32.69, 160.00]
  Z 1: exit= 1 pts=  1625 BN=   81.30
  [WARN] Z 2: GA optimum at search boundary -- true value may lie outside the search range
  Z 2: exit= 1 pts=  7550 BN=   48.60
  [INFO] Z 3: G3 BSTAR prior narrows BN to [  33.84, 130.42]
  Z 3: exit= 0 pts= 10857 BN=   61.19
  Z 4: exit= 0 pts= 11180 BN=   73.74
  Z 5: exit= 1 pts=  3125 BN=   75.98
  [WARN] Z 6: GA optimum at search boundary -- true value may lie outside the search range
  Z 6: exit= 1 pts=  4102 BN=   52.53
  Z 7: exit= 1 pts=  1857 BN=   61.70
  Z 8: exit= 1 pts=   237 BN=   51.90
  Z1: e=  0.5535 BN=  81.30 RPE=  -64.56%  zstat= 0
  Z2: e=  0.5258 BN=  48.60 RPE=   43.92%  zstat= 2
  Z3: e=  0.4940 BN=  61.19 (no re-entry)  zstat= 0
  Z4: e=  0.4837 BN=  73.74 (no re-entry)  zstat= 0
  Z5: e=  0.4427 BN=  75.98 RPE=  -16.40%  zstat= 0
  Z6: e=  0.3354 BN=  52.53 RPE=   77.34%  zstat= 2
  Z7: e=  0.3009 BN=  61.70 RPE=   -0.24%  zstat= 0
  Z8: e=  0.1138 BN=  51.90 RPE=   19.96%  zstat= 0
  ensemble (6 of 8 zones): mean JD=  2458012.640 std=  220.6 d
  ENSEMBLE RPE =     0.19%
 [PROGRESS]   8% ( 4 of 50 objects done, this chunk)

 ===== 27526 Ariane 5 R/B      
  [INFO] G2 BN floor estimate=   48.19 -> bn_lo=   24.09
  Z 1: exit= 0 pts=  8440 BN=   66.31
  Z 2: exit= 1 pts=  9495 BN=   68.16
  Z 3: exit= 1 pts=  2261 BN=   69.05
  Z 4: exit= 1 pts=  2727 BN=   77.83
  [WARN] Z 5: GA optimum at search boundary -- true value may lie outside the search range
  Z 5: exit= 1 pts=  1707 BN=   69.71
  [WARN] Z 6: GA optimum at search boundary -- true value may lie outside the search range
  Z 6: exit= 1 pts=  1663 BN=   65.36
  [WARN] Z 7: GA optimum at search boundary -- true value may lie outside the search range
  Z 7: exit= 1 pts=   789 BN=   96.82
  Z 8: exit= 1 pts=   233 BN=   93.16
  Z1: e=  0.5708 BN=  66.31 (no re-entry)  zstat= 0
  Z2: e=  0.4983 BN=  68.16 RPE=  213.08%  zstat= 0
  Z3: e=  0.4456 BN=  69.05 RPE=    4.09%  zstat= 0
  Z4: e=  0.4286 BN=  77.83 RPE=   31.06%  zstat= 0
  Z5: e=  0.4093 BN=  69.71 RPE=   -8.12%  zstat= 2
  Z6: e=  0.3876 BN=  65.36 RPE=   -1.07%  zstat= 2
  Z7: e=  0.3780 BN=  96.82 RPE=  -47.32%  zstat= 2
  Z8: e=  0.1292 BN=  93.16 RPE=    3.34%  zstat= 0
  ensemble (7 of 8 zones): mean JD=  2456057.015 std=  301.0 d
  ENSEMBLE RPE =     0.08%
 [PROGRESS]  10% ( 5 of 50 objects done, this chunk)

 ===== 32007 GSLV R/B          
  [INFO] G2 BN floor estimate=   48.86 -> bn_lo=   24.43
  Z 1: exit= 1 pts= 13573 BN=   72.42
  [WARN] Z 2: GA optimum at search boundary -- true value may lie outside the search range
  Z 2: exit= 1 pts= 12629 BN=   39.21
  Z 3: exit= 1 pts= 14451 BN=   59.98
  Z 4: exit= 1 pts=  8968 BN=   51.85
  Z 5: exit= 1 pts=  5527 BN=   59.03
  [WARN] Z 6: GA optimum at search boundary -- true value may lie outside the search range
  Z 6: exit= 1 pts=  7515 BN=   53.42
  Z 7: exit= 1 pts=  3934 BN=   56.04
  [WARN] Z 8: GA optimum at search boundary -- true value may lie outside the search range
  Z 8: exit= 1 pts=   317 BN=   60.23
  Z1: e=  0.2848 BN=  72.42 RPE=   18.93%  zstat= 0
  Z2: e=  0.2772 BN=  39.21 RPE=   13.57%  zstat= 2
  Z3: e=  0.2645 BN=  59.98 RPE=   41.03%  zstat= 0
  Z4: e=  0.2248 BN=  51.85 RPE=   18.55%  zstat= 0
  Z5: e=  0.2000 BN=  59.03 RPE=   -7.10%  zstat= 0
  Z6: e=  0.1938 BN=  53.42 RPE=   32.09%  zstat= 2
  Z7: e=  0.1614 BN=  56.04 RPE=    7.55%  zstat= 0
  Z8: e=  0.0513 BN=  60.23 RPE=    5.57%  zstat= 2
  ensemble (8 of 8 zones): mean JD=  2455470.057 std=  119.4 d
  ENSEMBLE RPE =    12.23%
 [PROGRESS]  12% ( 6 of 50 objects done, this chunk)

 ===== 37819 Proton-M R/B      
  [INFO] G2 BN floor estimate=   43.93 -> bn_lo=   21.96
  [INFO] Z 1: G3 BSTAR prior narrows BN to [  28.59, 160.00]
  Z 1: exit= 1 pts=  5124 BN=   61.52
  [INFO] Z 2: G3 BSTAR prior narrows BN to [  28.26,  96.03]
  Z 2: exit= 1 pts=  3422 BN=   44.32
  [INFO] Z 3: G3 BSTAR prior narrows BN to [  31.05,  61.58]
  Z 3: exit= 1 pts=  2777 BN=   38.53
  [INFO] Z 4: G3 BSTAR prior narrows BN to [  31.71,  47.16]
  [WARN] Z 4: GA optimum at search boundary -- true value may lie outside the search range
  Z 4: exit= 1 pts=  2576 BN=   46.54
  [INFO] Z 5: G3 BSTAR prior narrows BN to [  31.79,  51.48]
  Z 5: exit= 1 pts=  2037 BN=   43.48
  Z 6: exit= 1 pts=  1643 BN=   46.64
  [WARN] Z 7: GA optimum at search boundary -- true value may lie outside the search range
  Z 7: exit= 1 pts=  1516 BN=   44.34
  [WARN] Z 8: GA optimum at search boundary -- true value may lie outside the search range
  Z 8: exit= 1 pts=    84 BN=   51.48
  Z1: e=  0.4101 BN=  61.52 RPE=   25.63%  zstat= 0
  Z2: e=  0.3770 BN=  44.32 RPE=   -1.19%  zstat= 0
  Z3: e=  0.3545 BN=  38.53 RPE=  -11.11%  zstat= 0
  Z4: e=  0.3446 BN=  46.54 RPE=  -12.65%  zstat= 2
  Z5: e=  0.3211 BN=  43.48 RPE=  -21.01%  zstat= 0
  Z6: e=  0.2926 BN=  46.64 RPE=  -26.03%  zstat= 0
  Z7: e=  0.2745 BN=  44.34 RPE=  -25.61%  zstat= 2
  Z8: e=  0.0466 BN=  51.48 RPE=   35.65%  zstat= 2
  ensemble (8 of 8 zones): mean JD=  2456514.486 std=   55.7 d
  ENSEMBLE RPE =    -8.05%
 [PROGRESS]  14% ( 7 of 50 objects done, this chunk)

 ===== 11550 Molniya debris    
  [WARN] tle_filter: epoch gap at point   555 (********** -> **********,     35.4 days)
  [WARN] tle_filter: epoch gap at point   738 (********** -> **********,     36.7 days)
  [WARN] tle_filter: epoch gap at point  1414 (********** -> **********,     38.7 days)
  [WARN] tle_filter: epoch gap at point  1956 (********** -> **********,     32.2 days)
  Z 1: exit= 0 pts=  3629 BN=  115.99
  Z 2: exit= 0 pts=  3633 BN=  111.63
  Z 3: exit= 0 pts=  3634 BN=  107.01
  [WARN] Z 4: GA optimum at search boundary -- true value may lie outside the search range
  Z 4: exit= 0 pts=  3633 BN=  156.89
  Z 5: exit= 0 pts=  3633 BN=  130.07
  Z 6: exit= 0 pts=  3633 BN=  133.38
  Z 7: exit= 0 pts=  3633 BN=  133.08
  [WARN] Z 8: GA optimum at search boundary -- true value may lie outside the search range
  Z 8: exit= 1 pts=   164 BN=  159.02
  Z1: e=  0.6777 BN= 115.99 (no re-entry)  zstat= 0
  Z2: e=  0.6352 BN= 111.63 (no re-entry)  zstat= 0
  Z3: e=  0.6318 BN= 107.01 (no re-entry)  zstat= 0
  Z4: e=  0.6207 BN= 156.89 (no re-entry)  zstat= 2
  Z5: e=  0.5968 BN= 130.07 (no re-entry)  zstat= 0
  Z6: e=  0.5955 BN= 133.38 (no re-entry)  zstat= 0
  Z7: e=  0.5813 BN= 133.08 (no re-entry)  zstat= 0
  Z8: e=  0.7156 BN= 159.02 RPE=  -23.45%  zstat= 2
  ensemble (1 of 8 zones): mean JD=  2460763.866 std=    0.0 d
  ENSEMBLE RPE =    -0.07%
 [PROGRESS]  16% ( 8 of 50 objects done, this chunk)

 ===== 59347 GTO R/B           
  [INFO] G2 BN floor estimate=   52.05 -> bn_lo=   26.03
  Z 1: exit= 0 pts=  2238 BN=   84.38
  [INFO] Z 2: G3 BSTAR prior narrows BN to [  26.03,  87.04]
  [WARN] Z 2: RSM envelope does not bound   5 of  17 observations -- proceeding anyway
  [WARN] Z 2: GA optimum at search boundary -- true value may lie outside the search range
  Z 2: exit= 0 pts=  2254 BN=   26.35
  [INFO] Z 3: G3 BSTAR prior narrows BN to [  26.03,  77.54]
  [WARN] Z 3: GA optimum at search boundary -- true value may lie outside the search range
  Z 3: exit= 0 pts=  2263 BN=   28.55
  Z 4: exit= 0 pts=  2273 BN=   86.30
  [WARN] Z 5: RSM envelope does not bound   7 of  15 observations -- proceeding anyway
  [WARN] Z 5: GA optimum at search boundary -- true value may lie outside the search range
  Z 5: exit= 1 pts=   209 BN=  159.80
  [INFO] Z 6: G3 BSTAR prior narrows BN to [  19.54, 193.49]
  [WARN] Z 6: RSM envelope does not bound   7 of   8 observations -- proceeding anyway
  [WARN] Z 6: GA optimum at search boundary -- true value may lie outside the search range
  Z 6: exit= 1 pts=    75 BN=  191.15
  [INFO] Z 7: G3 BSTAR prior narrows BN to [  16.67, 198.44]
  [WARN] Z 7: GA optimum at search boundary -- true value may lie outside the search range
  Z 7: exit= 1 pts=   126 BN=  196.01
  [INFO] Z 8: G3 BSTAR prior narrows BN to [  22.42, 266.84]
  [WARN] Z 8: GA optimum at search boundary -- true value may lie outside the search range
  Z 8: exit= 1 pts=   184 BN=  266.80
  Z1: e=  0.8199 BN=  84.38 (no re-entry)  zstat= 0
  Z2: e=  0.8190 BN=  26.35 (no re-entry)  zstat= 2
  Z3: e=  0.8184 BN=  28.55 (no re-entry)  zstat= 2
  Z4: e=  0.8160 BN=  86.30 (no re-entry)  zstat= 0
  Z5: e=  0.7862 BN= 159.80 RPE=  -59.91%  zstat= 2
  Z6: e=  0.7844 BN= 191.15 RPE=  -86.12%  zstat= 2
  Z7: e=  0.7237 BN= 196.01 RPE=  -70.26%  zstat= 2
  Z8: e=  0.2931 BN= 266.80 RPE=   -2.36%  zstat= 2
  ensemble (4 of 8 zones): mean JD=  2461132.202 std=   42.6 d
  ENSEMBLE RPE =    -8.72%
 [PROGRESS]  18% ( 9 of 50 objects done, this chunk)

 ===== 40943 GTO debris        
  [INFO] G2 BN floor estimate=    6.87 -> bn_lo=    3.43
  [INFO] Z 1: G3 BSTAR prior narrows BN to [   8.90, 105.98]
  [WARN] Z 1: GA optimum at search boundary -- true value may lie outside the search range
  Z 1: exit= 0 pts=  6412 BN=    9.17
  [INFO] Z 2: G3 BSTAR prior narrows BN to [  12.12, 144.19]
  [WARN] Z 2: GA optimum at search boundary -- true value may lie outside the search range
  Z 2: exit= 0 pts=  6950 BN=   12.65
  [INFO] Z 3: G3 BSTAR prior narrows BN to [  10.16, 120.97]
  [WARN] Z 3: GA optimum at search boundary -- true value may lie outside the search range
  Z 3: exit= 0 pts=  7035 BN=   10.52
  [INFO] Z 4: G3 BSTAR prior narrows BN to [  10.80, 128.55]
  [WARN] Z 4: GA optimum at search boundary -- true value may lie outside the search range
  Z 4: exit= 0 pts=  7423 BN=   24.53
  [INFO] Z 5: G3 BSTAR prior narrows BN to [  10.68, 127.09]
  [WARN] Z 5: GA optimum at search boundary -- true value may lie outside the search range
  Z 5: exit= 0 pts=  7571 BN=   12.87
  [INFO] Z 6: G3 BSTAR prior narrows BN to [   9.65, 114.87]
  [WARN] Z 6: GA optimum at search boundary -- true value may lie outside the search range
  Z 6: exit= 1 pts=  1571 BN=   13.59
  [INFO] Z 7: G3 BSTAR prior narrows BN to [  11.21, 133.47]
  [WARN] Z 7: GA optimum at search boundary -- true value may lie outside the search range
  Z 7: exit= 1 pts=  2094 BN=   27.45
  [INFO] Z 8: G3 BSTAR prior narrows BN to [  13.46, 160.22]
  [WARN] Z 8: GA optimum at search boundary -- true value may lie outside the search range
  Z 8: exit= 1 pts=   434 BN=   32.10
  Z1: e=  0.6396 BN=   9.17 (no re-entry)  zstat= 2
  Z2: e=  0.6180 BN=  12.65 (no re-entry)  zstat= 2
  Z3: e=  0.6163 BN=  10.52 (no re-entry)  zstat= 2
  Z4: e=  0.6048 BN=  24.53 (no re-entry)  zstat= 2
  Z5: e=  0.5998 BN=  12.87 (no re-entry)  zstat= 2
  Z6: e=  0.5530 BN=  13.59 RPE=   60.54%  zstat= 2
  Z7: e=  0.5240 BN=  27.45 RPE=  143.07%  zstat= 2
  Z8: e=  0.2735 BN=  32.10 RPE=   97.63%  zstat= 2
  ensemble (3 of 8 zones): mean JD=  2458971.556 std=   62.3 d
  ENSEMBLE RPE =     8.41%
 [PROGRESS]  20% (10 of 50 objects done, this chunk)

 ===== 66587 CZ-3B R/B         
  [INFO] G2 BN floor estimate=    8.63 -> bn_lo=    4.32
  [INFO] Z 1: G3 BSTAR prior narrows BN to [  17.01, 160.00]
  [WARN] Z 1: GA optimum at search boundary -- true value may lie outside the search range
  Z 1: exit= 1 pts=   218 BN=   17.89
  [INFO] Z 2: G3 BSTAR prior narrows BN to [  29.29, 198.92]
  [WARN] Z 2: GA optimum at search boundary -- true value may lie outside the search range
  Z 2: exit= 1 pts=   153 BN=   34.94
  [INFO] Z 3: G3 BSTAR prior narrows BN to [  36.26, 246.15]
  [WARN] Z 3: GA optimum at search boundary -- true value may lie outside the search range
  Z 3: exit= 1 pts=    91 BN=  246.12
  Z1: e=  0.7516 BN=  17.89 RPE=    4.14%  zstat= 2
  Z2: e=  0.7513 BN=  34.94 RPE=   -1.49%  zstat= 2
  Z3: e=  0.7491 BN= 246.12 RPE=  -17.63%  zstat= 2
  ensemble (3 of 3 zones): mean JD=  2461080.682 std=    4.6 d
  ENSEMBLE RPE =    -1.02%
 [PROGRESS]  22% (11 of 50 objects done, this chunk)

 ===== 60328 CZ-3B R/B         
  [WARN] tle_filter: epoch gap at point    76 (********** -> **********,     82.6 days)
  [INFO] G2 BN floor estimate=   28.66 -> bn_lo=   14.33
  [INFO] Z 1: G3 BSTAR prior narrows BN to [  14.33, 152.92]
  Z 1: exit= 0 pts=  4404 BN=   52.53
  Z 2: exit= 0 pts=  4557 BN=   45.44
  [WARN] Z 3: GA optimum at search boundary -- true value may lie outside the search range
  Z 3: exit= 1 pts=  1781 BN=   30.68
  [INFO] Z 4: G3 BSTAR prior narrows BN to [  15.23, 181.32]
  Z 4: exit= 1 pts=   505 BN=   52.01
  [INFO] Z 5: G3 BSTAR prior narrows BN to [  24.19,  98.61]
  [WARN] Z 5: GA optimum at search boundary -- true value may lie outside the search range
  Z 5: exit= 1 pts=   257 BN=   95.93
  [INFO] Z 6: G3 BSTAR prior narrows BN to [  18.78, 120.76]
  [WARN] Z 6: GA optimum at search boundary -- true value may lie outside the search range
  Z 6: exit= 1 pts=   254 BN=  120.70
  [INFO] Z 7: G3 BSTAR prior narrows BN to [  13.64, 148.46]
  Z 7: exit= 1 pts=   183 BN=   79.47
  Z1: e=  0.7222 BN=  52.53 (no re-entry)  zstat= 0
  Z2: e=  0.7154 BN=  45.44 (no re-entry)  zstat= 0
  Z3: e=  0.7115 BN=  30.68 RPE=  105.28%  zstat= 2
  Z4: e=  0.7079 BN=  52.01 RPE=  -17.86%  zstat= 0
  Z5: e=  0.6905 BN=  95.93 RPE=  -22.12%  zstat= 2
  Z6: e=  0.6744 BN= 120.70 RPE=   -5.55%  zstat= 2
  Z7: e=  0.5662 BN=  79.47 RPE=   15.13%  zstat= 0
  ensemble (5 of 7 zones): mean JD=  2460776.840 std=  106.8 d
  ENSEMBLE RPE =    -1.09%
 [PROGRESS]  24% (12 of 50 objects done, this chunk)

 ===== 61734 H-3 R/B           
  [WARN] tle_filter: epoch gap at point    64 (********** -> **********,     44.9 days)
  [INFO] G2 BN floor estimate=    5.00 -> bn_lo=    2.50
  [INFO] Z 1: G3 BSTAR prior narrows BN to [  14.77, 160.00]
  [WARN] Z 1: GA optimum at search boundary -- true value may lie outside the search range
  Z 1: exit= 1 pts=  3431 BN=   16.29
  [INFO] Z 2: G3 BSTAR prior narrows BN to [  18.17, 199.38]
  Z 2: exit= 1 pts=   373 BN=   75.05
  Z 3: exit= 1 pts=   234 BN=  100.98
  [WARN] Z 4: RSM envelope does not bound   2 of  14 observations -- proceeding anyway
  [WARN] Z 4: GA optimum at search boundary -- true value may lie outside the search range
  Z 4: exit= 1 pts=   153 BN=  124.02
  Z1: e=  0.7201 BN=  16.29 RPE=  759.74%  zstat= 2
  Z2: e=  0.7253 BN=  75.05 RPE=    3.21%  zstat= 0
  Z3: e=  0.7227 BN= 100.98 RPE=  -23.72%  zstat= 0
  Z4: e=  0.7211 BN= 124.02 RPE=  -38.51%  zstat= 2
  ensemble (4 of 4 zones): mean JD=  2460747.166 std=  610.5 d
  ENSEMBLE RPE =    -6.77%
 [PROGRESS]  26% (13 of 50 objects done, this chunk)

 ===== 57804 H-2A R/B          
  [WARN] tle_filter: epoch gap at point    35 (********** -> **********,    363.8 days)
  pipeline error ierr=  2
 [PROGRESS]  28% (14 of 50 objects done, this chunk)

 ===== 36518 Breeze-M deb tank 
  [WARN] tle_filter: epoch gap at point  2557 (********** -> **********,     35.3 days)
  Z 1: exit= 0 pts=  4422 BN=  108.62
  Z 2: exit= 0 pts=  4424 BN=  127.34
  [WARN] Z 3: GA optimum at search boundary -- true value may lie outside the search range
  Z 3: exit= 1 pts=  4150 BN=   83.36
  [WARN] Z 4: GA optimum at search boundary -- true value may lie outside the search range
  Z 4: exit= 0 pts=  4640 BN=   61.09
  [WARN] Z 5: GA optimum at search boundary -- true value may lie outside the search range
  Z 5: exit= 0 pts=  4703 BN=   63.77
  [INFO] Z 6: G3 BSTAR prior narrows BN to [  60.00, 158.45]
  [WARN] Z 6: GA optimum at search boundary -- true value may lie outside the search range
  Z 6: exit= 0 pts=  4913 BN=   60.78
  [INFO] Z 7: G3 BSTAR prior narrows BN to [  60.00, 176.26]
  [WARN] Z 7: GA optimum at search boundary -- true value may lie outside the search range
  Z 7: exit= 0 pts=  4933 BN=   62.92
  [INFO] Z 8: G3 BSTAR prior narrows BN to [  60.00, 177.67]
 Kesolve did not converge
 Kesolve did not converge
 Kesolve did not converge
  [WARN] Z 8: GA optimum at search boundary -- true value may lie outside the search range
  Z 8: exit= 1 pts=   158 BN=   61.47
  Z1: e=  0.7146 BN= 108.62 (no re-entry)  zstat= 0
  Z2: e=  0.7139 BN= 127.34 (no re-entry)  zstat= 0
  Z3: e=  0.7146 BN=  83.36 RPE=    6.00%  zstat= 2
  Z4: e=  0.7118 BN=  61.09 (no re-entry)  zstat= 2
  Z5: e=  0.7090 BN=  63.77 (no re-entry)  zstat= 2
  Z6: e=  0.6990 BN=  60.78 (no re-entry)  zstat= 2
  Z7: e=  0.6980 BN=  62.92 (no re-entry)  zstat= 2
  Z8: e=  0.3363 BN=  61.47 RPE=  -17.07%  zstat= 2
  ensemble (2 of 8 zones): mean JD=  2458458.258 std=   43.2 d
  ENSEMBLE RPE =     1.36%
 [PROGRESS]  30% (15 of 50 objects done, this chunk)

 ===== 30799 Delta2 R/B        
  [WARN] tle_filter: epoch gap at point   330 (********** -> **********,     56.4 days)
  [WARN] tle_filter: epoch gap at point   974 (********** -> **********,    232.2 days)
  [WARN] tle_filter: epoch gap at point  1079 (********** -> **********,     88.7 days)
  [WARN] tle_filter: epoch gap at point  1080 (********** -> **********,    110.2 days)
  [WARN] tle_filter: epoch gap at point  1207 (********** -> **********,    104.3 days)
  [WARN] tle_filter: epoch gap at point  1367 (********** -> **********,     68.0 days)
  [WARN] tle_filter: epoch gap at point  1446 (********** -> **********,     49.1 days)
  [WARN] tle_filter: epoch gap at point  1473 (********** -> **********,     54.1 days)
  [WARN] tle_filter: epoch gap at point  1533 (********** -> **********,     60.4 days)
  [WARN] tle_filter: epoch gap at point  1560 (********** -> **********,     39.0 days)
  [WARN] tle_filter: epoch gap at point  1565 (********** -> **********,     31.4 days)
  [WARN] tle_filter: epoch gap at point  1566 (********** -> **********,    179.5 days)
  [WARN] tle_filter: epoch gap at point  1570 (********** -> **********,     36.3 days)
  [WARN] tle_filter: epoch gap at point  1574 (********** -> **********,     31.1 days)
  [WARN] tle_filter: epoch gap at point  1611 (********** -> **********,     34.9 days)
  [WARN] tle_filter: epoch gap at point  1612 (********** -> **********,     68.7 days)
  [WARN] tle_filter: epoch gap at point  1647 (********** -> **********,     30.0 days)
  [WARN] tle_filter: epoch gap at point  1705 (********** -> **********,    196.5 days)
  Z 1: exit= 0 pts=  1434 BN=  110.16
  [WARN] Z 2: GA optimum at search boundary -- true value may lie outside the search range
  Z 2: exit= 0 pts=  1432 BN=   88.33
  Z 3: exit= 0 pts=  1434 BN=   93.34
  [WARN] Z 4: GA optimum at search boundary -- true value may lie outside the search range
  Z 4: exit= 2 pts=  1424 BN=  123.30
  [WARN] Z 5: GA optimum at search boundary -- true value may lie outside the search range
  Z 5: exit= 0 pts=  1453 BN=   85.01
  Z 6: exit= 2 pts=   363 BN=  114.72
  Z 7: exit= 0 pts=  1463 BN=  114.47
  Z 8: exit= 0 pts=  1463 BN=  119.74
  Z1: e=  0.8581 BN= 110.16 (no re-entry)  zstat= 0
  Z2: e=  0.8579 BN=  88.33 (no re-entry)  zstat= 2
  Z3: e=  0.8574 BN=  93.34 (no re-entry)  zstat= 0
  Z4: e=  0.8580 BN= 123.30 (no re-entry)  zstat= 2
  Z5: e=  0.8581 BN=  85.01 (no re-entry)  zstat= 2
  Z6: e=  0.8584 BN= 114.72 (no re-entry)  zstat= 0
  Z7: e=  0.8590 BN= 114.47 (no re-entry)  zstat= 0
  Z8: e=  0.8585 BN= 119.74 (no re-entry)  zstat= 0
  no re-entry in any zone (weak-signal fits; lifetime beyond 5-yr cap)
 [PROGRESS]  32% (16 of 50 objects done, this chunk)

 ===== 40777 Ariane 1 deb      
  [WARN] tle_filter: epoch gap at point    14 (********** -> **********,     61.1 days)
  [INFO] G2 BN floor estimate=    5.00 -> bn_lo=    2.50
  [INFO] Z 1: G3 BSTAR prior narrows BN to [   5.62,  66.90]
  [WARN] Z 1: GA optimum at search boundary -- true value may lie outside the search range
  Z 1: exit= 0 pts=  8579 BN=    5.76
  Z1: e=  0.5625 BN=   5.76 (no re-entry)  zstat= 2
  no re-entry in any zone (weak-signal fits; lifetime beyond 5-yr cap)
 [PROGRESS]  34% (17 of 50 objects done, this chunk)

 ===== 35009 Fregat R/B        
  [INFO] G2 BN floor estimate=   25.89 -> bn_lo=   12.94
  [INFO] Z 1: G3 BSTAR prior narrows BN to [  23.23, 160.00]
  Z 1: exit= 0 pts=  4197 BN=   48.29
  [INFO] Z 2: G3 BSTAR prior narrows BN to [  22.29, 160.00]
  Z 2: exit= 0 pts=  4279 BN=   47.08
  [INFO] Z 3: G3 BSTAR prior narrows BN to [  27.13, 160.00]
  Z 3: exit= 0 pts=  4279 BN=  130.75
  [INFO] Z 4: G3 BSTAR prior narrows BN to [  28.76, 160.00]
  Z 4: exit= 0 pts=  4279 BN=   87.81
  [INFO] Z 5: G3 BSTAR prior narrows BN to [  19.60, 160.00]
  [WARN] Z 5: GA optimum at search boundary -- true value may lie outside the search range
  Z 5: exit= 0 pts=  4279 BN=   34.39
  [INFO] Z 6: G3 BSTAR prior narrows BN to [  33.24, 160.00]
  [WARN] Z 6: GA optimum at search boundary -- true value may lie outside the search range
  Z 6: exit= 0 pts=  4280 BN=   47.53
  [INFO] Z 7: G3 BSTAR prior narrows BN to [  24.17, 160.00]
  [WARN] Z 7: GA optimum at search boundary -- true value may lie outside the search range
  Z 7: exit= 0 pts=  4279 BN=   36.55
  [INFO] Z 8: G3 BSTAR prior narrows BN to [  57.45, 160.00]
  [WARN] Z 8: GA optimum at search boundary -- true value may lie outside the search range
  Z 8: exit= 1 pts=   144 BN=  146.10
  Z1: e=  0.7293 BN=  48.29 (no re-entry)  zstat= 0
  Z2: e=  0.7144 BN=  47.08 (no re-entry)  zstat= 0
  Z3: e=  0.7134 BN= 130.75 (no re-entry)  zstat= 0
  Z4: e=  0.7096 BN=  87.81 (no re-entry)  zstat= 0
  Z5: e=  0.7075 BN=  34.39 (no re-entry)  zstat= 2
  Z6: e=  0.7064 BN=  47.53 (no re-entry)  zstat= 2
  Z7: e=  0.7053 BN=  36.55 (no re-entry)  zstat= 2
  Z8: e=  0.7261 BN= 146.10 RPE=  -27.37%  zstat= 2
  ensemble (1 of 8 zones): mean JD=  2459074.433 std=    0.0 d
  ENSEMBLE RPE =    -0.52%
 [PROGRESS]  36% (18 of 50 objects done, this chunk)

 ===== 41688 SL-12 deb         
  [WARN] tle_filter: epoch gap at point   651 (********** -> **********,    224.9 days)
  [WARN] tle_filter: epoch gap at point   664 (********** -> **********,     34.7 days)
  [WARN] tle_filter: epoch gap at point   673 (********** -> **********,     66.8 days)
  [INFO] G2 BN floor estimate=    5.00 -> bn_lo=    2.50
  [INFO] Z 1: G3 BSTAR prior narrows BN to [   8.36,  99.52]
  [WARN] Z 1: GA optimum at search boundary -- true value may lie outside the search range
  Z 1: exit= 0 pts=  7834 BN=   12.33
  [INFO] Z 2: G3 BSTAR prior narrows BN to [   8.26,  98.25]
  [WARN] Z 2: GA optimum at search boundary -- true value may lie outside the search range
  Z 2: exit= 0 pts=  7847 BN=   11.58
  [INFO] Z 3: G3 BSTAR prior narrows BN to [  12.18, 145.01]
  [WARN] Z 3: GA optimum at search boundary -- true value may lie outside the search range
  Z 3: exit= 0 pts=  7880 BN=   15.06
  [INFO] Z 4: G3 BSTAR prior narrows BN to [   5.56,  66.21]
  [WARN] Z 4: RSM envelope does not bound   1 of   8 observations -- proceeding anyway
  [WARN] Z 4: GA optimum at search boundary -- true value may lie outside the search range
  Z 4: exit= 1 pts=  3468 BN=    6.27
  Z1: e=  0.5782 BN=  12.33 (no re-entry)  zstat= 2
  Z2: e=  0.5781 BN=  11.58 (no re-entry)  zstat= 2
  Z3: e=  0.5764 BN=  15.06 (no re-entry)  zstat= 2
  Z4: e=  0.5620 BN=   6.27 RPE=  -63.07%  zstat= 2
  ensemble (1 of 4 zones): mean JD=  2459796.698 std=    0.0 d
  ENSEMBLE RPE =   -45.19%
 [PROGRESS]  38% (19 of 50 objects done, this chunk)

 ===== 48259 Cosmos1124 deb    
  [WARN] tle_filter: epoch gap at point   978 (********** -> **********,    175.6 days)
  [WARN] tle_filter: epoch gap at point   979 (********** -> **********,     48.6 days)
  [WARN] Z 1: GA optimum at search boundary -- true value may lie outside the search range
  Z 1: exit= 0 pts=  3722 BN=   89.26
  Z1: e=  0.6966 BN=  89.26 (no re-entry)  zstat= 2
  no re-entry in any zone (weak-signal fits; lifetime beyond 5-yr cap)
 [PROGRESS]  40% (20 of 50 objects done, this chunk)

 ===== 27906 Cosmos1481 deb    
  [WARN] tle_filter: epoch gap at point     2 (********** -> **********,     67.8 days)
  [WARN] tle_filter: epoch gap at point  2036 (********** -> **********,     42.9 days)
  Z 1: exit= 0 pts=  3743 BN=  128.95
  Z 2: exit= 0 pts=  3740 BN=   99.55
  [INFO] Z 3: G3 BSTAR prior narrows BN to [  80.00, 113.84]
  [WARN] Z 3: GA optimum at search boundary -- true value may lie outside the search range
  Z 3: exit= 1 pts=   567 BN=   81.60
  [INFO] Z 4: G3 BSTAR prior narrows BN to [  60.00, 107.07]
  [WARN] Z 4: RSM envelope does not bound   2 of  11 observations -- proceeding anyway
  [WARN] Z 4: GA optimum at search boundary -- true value may lie outside the search range
  Z 4: exit= 1 pts=   714 BN=   61.74
  Z1: e=  0.6580 BN= 128.95 (no re-entry)  zstat= 0
  Z2: e=  0.6596 BN=  99.55 (no re-entry)  zstat= 0
  Z3: e=  0.7446 BN=  81.60 RPE=   28.08%  zstat= 2
  Z4: e=  0.7453 BN=  61.74 RPE=   73.91%  zstat= 2
  ensemble (2 of 4 zones): mean JD=  2458523.542 std=   41.5 d
  ENSEMBLE RPE =     1.88%
 [PROGRESS]  42% (21 of 50 objects done, this chunk)

 ===== 27882 Cosmos903 deb     
  [WARN] tle_filter: epoch gap at point     2 (********** -> **********,     32.9 days)
  [WARN] tle_filter: epoch gap at point  1804 (********** -> **********,     31.9 days)
  Z 1: exit= 0 pts=  3612 BN=  143.37
  Z 2: exit= 1 pts=   747 BN=   92.08
  [WARN] Z 3: GA optimum at search boundary -- true value may lie outside the search range
  Z 3: exit= 1 pts=   703 BN=   77.20
  [INFO] Z 4: G3 BSTAR prior narrows BN to [  62.08,  66.24]
  Z 4: exit= 1 pts=   526 BN=   63.28
  [INFO] Z 5: G3 BSTAR prior narrows BN to [  48.28,  58.85]
  [WARN] Z 5: GA optimum at search boundary -- true value may lie outside the search range
  Z 5: exit= 1 pts=   755 BN=   49.00
  [INFO] Z 6: G3 BSTAR prior narrows BN to [  40.78,  59.91]
  [WARN] Z 6: GA optimum at search boundary -- true value may lie outside the search range
  Z 6: exit= 1 pts=   946 BN=   40.82
  [INFO] Z 7: G3 BSTAR prior narrows BN to [  29.53,  66.13]
  [WARN] Z 7: GA optimum at search boundary -- true value may lie outside the search range
  Z 7: exit= 1 pts=   496 BN=   30.43
  [INFO] Z 8: G3 BSTAR prior narrows BN to [  12.65,  57.53]
  [WARN] Z 8: GA optimum at search boundary -- true value may lie outside the search range
  Z 8: exit= 1 pts=   342 BN=   12.67
  Z1: e=  0.5915 BN= 143.37 (no re-entry)  zstat= 0
  Z2: e=  0.7493 BN=  92.08 RPE=    7.07%  zstat= 0
  Z3: e=  0.7493 BN=  77.20 RPE=    7.28%  zstat= 2
  Z4: e=  0.7471 BN=  63.28 RPE=   25.13%  zstat= 0
  Z5: e=  0.7453 BN=  49.00 RPE=   62.89%  zstat= 2
  Z6: e=  0.7428 BN=  40.82 RPE=  130.92%  zstat= 2
  Z7: e=  0.7408 BN=  30.43 RPE=   50.40%  zstat= 2
  Z8: e=  0.6797 BN=  12.67 RPE=   42.82%  zstat= 2
  ensemble (7 of 8 zones): mean JD=  2458624.689 std=   60.5 d
  ENSEMBLE RPE =     0.79%
 [PROGRESS]  44% (22 of 50 objects done, this chunk)

 ===== 39802 SL-12 deb         
  [INFO] G2 BN floor estimate=    5.00 -> bn_lo=    2.50
  [INFO] Z 1: G3 BSTAR prior narrows BN to [   9.48, 112.84]
  [WARN] Z 1: GA optimum at search boundary -- true value may lie outside the search range
  Z 1: exit= 1 pts=  6026 BN=    9.57
  [INFO] Z 2: G3 BSTAR prior narrows BN to [  10.80, 128.55]
  [WARN] Z 2: GA optimum at search boundary -- true value may lie outside the search range
  Z 2: exit= 0 pts=  8047 BN=   15.68
  [INFO] Z 3: G3 BSTAR prior narrows BN to [  10.23, 121.75]
  [WARN] Z 3: GA optimum at search boundary -- true value may lie outside the search range
  Z 3: exit= 0 pts=  8092 BN=   14.12
  [INFO] Z 4: G3 BSTAR prior narrows BN to [  10.25, 121.95]
  [WARN] Z 4: GA optimum at search boundary -- true value may lie outside the search range
  Z 4: exit= 0 pts=  8104 BN=   10.37
  [INFO] Z 5: G3 BSTAR prior narrows BN to [  10.65, 126.73]
  [WARN] Z 5: GA optimum at search boundary -- true value may lie outside the search range
  Z 5: exit= 1 pts=  7575 BN=   15.25
  [INFO] Z 6: G3 BSTAR prior narrows BN to [  10.74, 127.83]
  [WARN] Z 6: GA optimum at search boundary -- true value may lie outside the search range
  Z 6: exit= 1 pts=  6563 BN=   13.37
  [INFO] Z 7: G3 BSTAR prior narrows BN to [  10.19, 121.29]
  [WARN] Z 7: GA optimum at search boundary -- true value may lie outside the search range
  Z 7: exit= 1 pts=  5610 BN=   11.62
  [INFO] Z 8: G3 BSTAR prior narrows BN to [  11.45, 136.23]
  [WARN] Z 8: GA optimum at search boundary -- true value may lie outside the search range
  Z 8: exit= 1 pts=  2570 BN=   23.11
  Z1: e=  0.5759 BN=   9.57 RPE=   20.78%  zstat= 2
  Z2: e=  0.5750 BN=  15.68 (no re-entry)  zstat= 2
  Z3: e=  0.5736 BN=  14.12 (no re-entry)  zstat= 2
  Z4: e=  0.5730 BN=  10.37 (no re-entry)  zstat= 2
  Z5: e=  0.5722 BN=  15.25 RPE=   91.95%  zstat= 2
  Z6: e=  0.5721 BN=  13.37 RPE=   68.70%  zstat= 2
  Z7: e=  0.5720 BN=  11.62 RPE=   46.69%  zstat= 2
  Z8: e=  0.5666 BN=  23.11 RPE=   -7.38%  zstat= 2
  ensemble (5 of 8 zones): mean JD=  2459098.851 std=  259.2 d
  ENSEMBLE RPE =    34.32%
 [PROGRESS]  46% (23 of 50 objects done, this chunk)

 ===== 28572 SL-12 deb         
  [WARN] tle_filter: epoch gap at point     2 (********** -> **********,     31.9 days)
  [WARN] tle_filter: epoch gap at point    43 (********** -> **********,    462.3 days)
  [WARN] tle_filter: epoch gap at point   230 (********** -> **********,    108.7 days)
  [WARN] tle_filter: epoch gap at point   231 (********** -> **********,     65.6 days)
  [WARN] tle_filter: epoch gap at point   232 (********** -> **********,    304.0 days)
  [WARN] tle_filter: epoch gap at point   454 (********** -> **********,     40.8 days)
  [WARN] tle_filter: epoch gap at point   461 (********** -> **********,    414.4 days)
  [WARN] tle_filter: epoch gap at point   491 (********** -> **********,     50.4 days)
  [WARN] tle_filter: epoch gap at point   501 (********** -> **********,    137.8 days)
  [WARN] tle_filter: epoch gap at point   517 (********** -> **********,     71.9 days)
  [WARN] tle_filter: epoch gap at point   526 (********** -> **********,     41.5 days)
  [WARN] tle_filter: epoch gap at point   527 (********** -> **********,     55.7 days)
  [WARN] tle_filter: epoch gap at point   528 (********** -> **********,    522.2 days)
  [INFO] G2 BN floor estimate=    5.80 -> bn_lo=    2.90
  [INFO] Z 1: G3 BSTAR prior narrows BN to [  15.63, 160.00]
  [WARN] Z 1: GA optimum at search boundary -- true value may lie outside the search range
  Z 1: exit= 0 pts=  5410 BN=   19.84
  Z1: e=  0.6746 BN=  19.84 (no re-entry)  zstat= 2
  no re-entry in any zone (weak-signal fits; lifetime beyond 5-yr cap)
 [PROGRESS]  48% (24 of 50 objects done, this chunk)

 ===== 46429 SL-12 deb         
  [INFO] G2 BN floor estimate=    5.00 -> bn_lo=    2.50
  [INFO] Z 1: G3 BSTAR prior narrows BN to [   6.78,  80.69]
  [WARN] Z 1: GA optimum at search boundary -- true value may lie outside the search range
  Z 1: exit= 1 pts=  1810 BN=   12.16
  [INFO] Z 2: G3 BSTAR prior narrows BN to [  10.00,  67.66]
  [WARN] Z 2: GA optimum at search boundary -- true value may lie outside the search range
  Z 2: exit= 1 pts=  1703 BN=   10.40
  Z1: e=  0.5960 BN=  12.16 RPE=  -11.34%  zstat= 2
  Z2: e=  0.5940 BN=  10.40 RPE=  -15.37%  zstat= 2
  ensemble (2 of 2 zones): mean JD=  2459453.164 std=    9.3 d
  ENSEMBLE RPE =   -12.96%
 [PROGRESS]  50% (25 of 50 objects done, this chunk)

 ===== 44591 CZ-3A deb         
  [WARN] tle_filter: epoch gap at point    40 (********** -> **********,     52.7 days)
  [WARN] tle_filter: epoch gap at point    69 (********** -> **********,     55.9 days)
  Z 1: exit= 0 pts=  7068 BN=  138.19
  Z1: e=  0.5833 BN= 138.19 (no re-entry)  zstat= 0
  no re-entry in any zone (weak-signal fits; lifetime beyond 5-yr cap)
 [PROGRESS]  52% (26 of 50 objects done, this chunk)

 ===== 41695 SL-12 deb         
  [WARN] tle_filter: epoch gap at point    20 (********** -> **********,    134.5 days)
  [WARN] tle_filter: epoch gap at point    97 (********** -> **********,    410.3 days)
  [WARN] tle_filter: epoch gap at point   122 (********** -> **********,     46.6 days)
  [WARN] tle_filter: epoch gap at point   129 (********** -> **********,    390.5 days)
  [WARN] tle_filter: epoch gap at point   139 (********** -> **********,     93.6 days)
  [WARN] tle_filter: epoch gap at point   182 (********** -> **********,     41.8 days)
  [WARN] tle_filter: epoch gap at point   215 (********** -> **********,     40.8 days)
  [WARN] tle_filter: epoch gap at point   237 (********** -> **********,     30.7 days)
  [WARN] tle_filter: epoch gap at point   311 (********** -> **********,    121.6 days)
  [INFO] G2 BN floor estimate=    5.00 -> bn_lo=    2.50
  [INFO] Z 1: G3 BSTAR prior narrows BN to [   3.44,  40.98]
  [WARN] Z 1: GA optimum at search boundary -- true value may lie outside the search range
  Z 1: exit= 0 pts=  8125 BN=    3.72
  [WARN] Z 2: GA optimum at search boundary -- true value may lie outside the search range
  Z 2: exit= 0 pts=  8197 BN=   23.26
  [INFO] Z 3: G3 BSTAR prior narrows BN to [   3.32,  39.48]
  [WARN] Z 3: GA optimum at search boundary -- true value may lie outside the search range
  Z 3: exit= 1 pts=  3767 BN=    4.38
  [INFO] Z 4: G3 BSTAR prior narrows BN to [  10.00,  56.46]
  [WARN] Z 4: GA optimum at search boundary -- true value may lie outside the search range
  Z 4: exit= 1 pts=  3876 BN=   11.14
  [INFO] Z 5: G3 BSTAR prior narrows BN to [  10.00, 100.06]
  Z 5: exit= 0 pts=  8446 BN=   54.02
  [INFO] Z 6: G3 BSTAR prior narrows BN to [  10.00,  39.29]
  [WARN] Z 6: RSM envelope does not bound   4 of  20 observations -- proceeding anyway
  Z 6: exit= 0 pts=  8471 BN=   34.04
  [INFO] Z 7: G3 BSTAR prior narrows BN to [  10.00,  41.15]
  [WARN] Z 7: GA optimum at search boundary -- true value may lie outside the search range
  Z 7: exit= 0 pts=  8503 BN=   36.77
  [INFO] Z 8: G3 BSTAR prior narrows BN to [  10.00,  25.34]
  [WARN] Z 8: GA optimum at search boundary -- true value may lie outside the search range
  Z 8: exit= 0 pts=  8570 BN=   11.66
  Z1: e=  0.5610 BN=   3.72 (no re-entry)  zstat= 2
  Z2: e=  0.5332 BN=  23.26 (no re-entry)  zstat= 2
  Z3: e=  0.5587 BN=   4.38 RPE=   34.15%  zstat= 2
  Z4: e=  0.5562 BN=  11.14 RPE=   47.82%  zstat= 2
  Z5: e=  0.5415 BN=  54.02 (no re-entry)  zstat= 0
  Z6: e=  0.5469 BN=  34.04 (no re-entry)  zstat= 3
  Z7: e=  0.5470 BN=  36.77 (no re-entry)  zstat= 2
  Z8: e=  0.5403 BN=  11.66 (no re-entry)  zstat= 2
  ensemble (2 of 8 zones): mean JD=  2459921.547 std=   42.9 d
  ENSEMBLE RPE =     9.78%
 [PROGRESS]  54% (27 of 50 objects done, this chunk)

 ===== 52205 Cosmos917 deb     
  [INFO] G2 BN floor estimate=   24.73 -> bn_lo=   12.37
  [INFO] Z 1: G3 BSTAR prior narrows BN to [  18.55, 160.00]
  Z 1: exit= 1 pts=   184 BN=   74.54
  Z 2: exit= 1 pts=   142 BN=   79.67
  Z 3: exit= 1 pts=   116 BN=   72.87
  Z1: e=  0.7513 BN=  74.54 RPE=  -15.21%  zstat= 0
  Z2: e=  0.7500 BN=  79.67 RPE=  -20.83%  zstat= 0
  Z3: e=  0.7431 BN=  72.87 RPE=   -6.01%  zstat= 0
  ensemble (3 of 3 zones): mean JD=  2459745.270 std=    6.5 d
  ENSEMBLE RPE =   -15.00%
 [PROGRESS]  56% (28 of 50 objects done, this chunk)

 ===== 45349 SL-12 deb         
  [INFO] G2 BN floor estimate=    5.00 -> bn_lo=    2.50
  [INFO] Z 1: G3 BSTAR prior narrows BN to [   4.38,  52.13]
  [WARN] Z 1: GA optimum at search boundary -- true value may lie outside the search range
  Z 1: exit= 0 pts=  7822 BN=    9.66
  [INFO] Z 2: G3 BSTAR prior narrows BN to [   4.48,  53.27]
  [WARN] Z 2: GA optimum at search boundary -- true value may lie outside the search range
  Z 2: exit= 0 pts=  8001 BN=    9.04
  [INFO] Z 3: G3 BSTAR prior narrows BN to [   4.80,  57.18]
  [WARN] Z 3: GA optimum at search boundary -- true value may lie outside the search range
  Z 3: exit= 1 pts=  7449 BN=    5.81
  [INFO] Z 4: G3 BSTAR prior narrows BN to [  10.00,  67.52]
  Z 4: exit= 1 pts=  7589 BN=   19.34
  [INFO] Z 5: G3 BSTAR prior narrows BN to [  10.00,  43.04]
  [WARN] Z 5: RSM envelope does not bound   1 of   8 observations -- proceeding anyway
  [WARN] Z 5: GA optimum at search boundary -- true value may lie outside the search range
  Z 5: exit= 1 pts=  4827 BN=   10.75
  [INFO] Z 6: G3 BSTAR prior narrows BN to [  10.00,  39.69]
  [WARN] Z 6: GA optimum at search boundary -- true value may lie outside the search range
  Z 6: exit= 1 pts=  4358 BN=   10.92
  [INFO] Z 7: G3 BSTAR prior narrows BN to [  10.00,  39.89]
  [WARN] Z 7: GA optimum at search boundary -- true value may lie outside the search range
  Z 7: exit= 1 pts=  4756 BN=   11.09
  [INFO] Z 8: G3 BSTAR prior narrows BN to [  10.00,  38.35]
  [WARN] Z 8: GA optimum at search boundary -- true value may lie outside the search range
  Z 8: exit= 1 pts=  6020 BN=   10.06
  Z1: e=  0.5810 BN=   9.66 (no re-entry)  zstat= 2
  Z2: e=  0.5765 BN=   9.04 (no re-entry)  zstat= 2
  Z3: e=  0.5735 BN=   5.81 RPE=  160.79%  zstat= 2
  Z4: e=  0.5634 BN=  19.34 RPE=  272.70%  zstat= 0
  Z5: e=  0.5536 BN=  10.75 RPE=  176.38%  zstat= 2
  Z6: e=  0.5384 BN=  10.92 RPE=  158.96%  zstat= 2
  Z7: e=  0.4974 BN=  11.09 RPE=  178.30%  zstat= 2
  Z8: e=  0.4288 BN=  10.06 RPE=  266.76%  zstat= 2
  ensemble (6 of 8 zones): mean JD=  2460370.577 std=  263.6 d
  ENSEMBLE RPE =    94.01%
 [PROGRESS]  58% (29 of 50 objects done, this chunk)

 ===== 23647 Titan34B deb      
  pipeline error ierr=  2
 [PROGRESS]  60% (30 of 50 objects done, this chunk)

 ===== 41693 SL-12 deb         
  pipeline error ierr=  2
 [PROGRESS]  62% (31 of 50 objects done, this chunk)

 ===== 21935 SL-12 deb         
  [WARN] tle_filter: epoch gap at point   339 (********** -> **********,     81.8 days)
  [WARN] tle_filter: epoch gap at point   372 (********** -> **********,     60.7 days)
  [INFO] G2 BN floor estimate=    5.00 -> bn_lo=    2.50
  Z 1: exit= 0 pts= 10462 BN=   31.68
  Z 2: exit= 0 pts= 10553 BN=   80.35
  Z 3: exit= 0 pts= 10562 BN=   80.74
  Z 4: exit= 0 pts= 10604 BN=   59.15
  Z 5: exit= 0 pts= 10617 BN=   90.03
  [WARN] Z 6: GA optimum at search boundary -- true value may lie outside the search range
  Z 6: exit= 0 pts= 10727 BN=   14.11
  [WARN] Z 7: GA optimum at search boundary -- true value may lie outside the search range
  Z 7: exit= 0 pts= 10937 BN=  147.40
  [INFO] Z 8: G3 BSTAR prior narrows BN to [   2.50,  23.98]
  [WARN] Z 8: RSM envelope does not bound   4 of  20 observations -- proceeding anyway
  [WARN] Z 8: GA optimum at search boundary -- true value may lie outside the search range
  Z 8: exit= 0 pts= 12910 BN=    4.86
  Z1: e=  0.4636 BN=  31.68 (no re-entry)  zstat= 0
  Z2: e=  0.4659 BN=  80.35 (no re-entry)  zstat= 0
  Z3: e=  0.4630 BN=  80.74 (no re-entry)  zstat= 0
  Z4: e=  0.4702 BN=  59.15 (no re-entry)  zstat= 0
  Z5: e=  0.4705 BN=  90.03 (no re-entry)  zstat= 0
  Z6: e=  0.4732 BN=  14.11 (no re-entry)  zstat= 2
  Z7: e=  0.4590 BN= 147.40 (no re-entry)  zstat= 2
  Z8: e=  0.4072 BN=   4.86 (no re-entry)  zstat= 2
  no re-entry in any zone (weak-signal fits; lifetime beyond 5-yr cap)
 [PROGRESS]  64% (32 of 50 objects done, this chunk)

 ===== 48264 Cosmos1261 deb    
  [INFO] Z 1: G3 BSTAR prior narrows BN to [  80.00, 151.23]
  Z 1: exit= 1 pts=   565 BN=  118.40
  [WARN] Z 2: GA optimum at search boundary -- true value may lie outside the search range
  Z 2: exit= 1 pts=   473 BN=   99.71
  [WARN] Z 3: GA optimum at search boundary -- true value may lie outside the search range
  Z 3: exit= 1 pts=   497 BN=   92.18
  [INFO] Z 4: G3 BSTAR prior narrows BN to [  73.40, 115.99]
  [WARN] Z 4: GA optimum at search boundary -- true value may lie outside the search range
  Z 4: exit= 1 pts=   371 BN=   75.69
  [INFO] Z 5: G3 BSTAR prior narrows BN to [  50.90, 117.64]
  [WARN] Z 5: GA optimum at search boundary -- true value may lie outside the search range
  Z 5: exit= 1 pts=   343 BN=   53.28
  [INFO] Z 6: G3 BSTAR prior narrows BN to [  17.15, 170.47]
  [WARN] Z 6: GA optimum at search boundary -- true value may lie outside the search range
  Z 6: exit= 1 pts=   337 BN=   17.19
  [INFO] Z 7: G3 BSTAR prior narrows BN to [  20.60, 245.13]
  Z 7: exit= 1 pts=   227 BN=   76.41
  [INFO] Z 8: G3 BSTAR prior narrows BN to [  23.24, 141.48]
  Z 8: exit= 1 pts=   173 BN=   81.49
  Z1: e=  0.7489 BN= 118.40 RPE=   -0.03%  zstat= 0
  Z2: e=  0.7498 BN=  99.71 RPE=  -11.76%  zstat= 2
  Z3: e=  0.7502 BN=  92.18 RPE=    3.72%  zstat= 2
  Z4: e=  0.7488 BN=  75.69 RPE=   28.15%  zstat= 2
  Z5: e=  0.7463 BN=  53.28 RPE=   37.82%  zstat= 2
  Z6: e=  0.7433 BN=  17.19 RPE=   45.53%  zstat= 2
  Z7: e=  0.7395 BN=  76.41 RPE=   31.35%  zstat= 0
  Z8: e=  0.7311 BN=  81.49 RPE=   34.94%  zstat= 0
  ensemble (8 of 8 zones): mean JD=  2460805.007 std=   20.0 d
  ENSEMBLE RPE =     6.96%
 [PROGRESS]  66% (33 of 50 objects done, this chunk)

 ===== 28589 SL-12 deb         
  [WARN] tle_filter: epoch gap at point  4359 (********** -> **********,     35.9 days)
  [WARN] tle_filter: epoch gap at point  4363 (********** -> **********,     55.6 days)
  [WARN] tle_filter: epoch gap at point  4380 (********** -> **********,    134.4 days)
  [WARN] tle_filter: epoch gap at point  4391 (********** -> **********,     39.7 days)
  [WARN] tle_filter: epoch gap at point  4574 (********** -> **********,     34.8 days)
  [WARN] tle_filter: epoch gap at point  4599 (********** -> **********,    111.7 days)
  [INFO] G2 BN floor estimate=    5.00 -> bn_lo=    2.50
  [INFO] Z 1: G3 BSTAR prior narrows BN to [   2.63,  31.26]
  [WARN] Z 1: GA optimum at search boundary -- true value may lie outside the search range
  Z 1: exit= 0 pts=  8066 BN=    4.66
  [INFO] Z 2: G3 BSTAR prior narrows BN to [   6.45,  76.80]
  Z 2: exit= 0 pts=  9076 BN=   22.18
  Z 3: exit= 0 pts=  9073 BN=   60.96
  Z 4: exit= 0 pts=  9070 BN=   64.45
  [INFO] Z 5: G3 BSTAR prior narrows BN to [   4.59,  54.57]
  [WARN] Z 5: GA optimum at search boundary -- true value may lie outside the search range
  Z 5: exit= 1 pts=  9358 BN=    6.69
  [INFO] Z 6: G3 BSTAR prior narrows BN to [  10.00, 102.89]
  [WARN] Z 6: GA optimum at search boundary -- true value may lie outside the search range
  Z 6: exit= 0 pts= 10136 BN=   17.94
  [INFO] Z 7: G3 BSTAR prior narrows BN to [  10.00,  88.01]
  Z 7: exit= 0 pts= 10434 BN=   58.57
  [INFO] Z 8: G3 BSTAR prior narrows BN to [  10.00,  28.20]
  [WARN] Z 8: RSM envelope does not bound   1 of  31 observations -- proceeding anyway
  Z 8: exit= 0 pts= 10673 BN=   18.32
  Z1: e=  0.5639 BN=   4.66 (no re-entry)  zstat= 2
  Z2: e=  0.5175 BN=  22.18 (no re-entry)  zstat= 0
  Z3: e=  0.5154 BN=  60.96 (no re-entry)  zstat= 0
  Z4: e=  0.5127 BN=  64.45 (no re-entry)  zstat= 0
  Z5: e=  0.5188 BN=   6.69 RPE=  -28.69%  zstat= 2
  Z6: e=  0.4978 BN=  17.94 (no re-entry)  zstat= 2
  Z7: e=  0.4777 BN=  58.57 (no re-entry)  zstat= 0
  Z8: e=  0.4741 BN=  18.32 (no re-entry)  zstat= 3
  ensemble (1 of 8 zones): mean JD=  2460163.989 std=    0.0 d
  ENSEMBLE RPE =   -12.42%
 [PROGRESS]  68% (34 of 50 objects done, this chunk)

 ===== 29202 Cosmos1261 deb    
  [WARN] tle_filter: epoch gap at point     2 (********** -> **********,   6809.3 days)
  [INFO] G2 BN floor estimate=   14.79 -> bn_lo=    7.39
  [INFO] Z 1: G3 BSTAR prior narrows BN to [   7.39,  66.63]
  [WARN] Z 1: GA optimum at search boundary -- true value may lie outside the search range
  Z 1: exit= 1 pts=  1464 BN=   13.63
  [INFO] Z 2: G3 BSTAR prior narrows BN to [  10.00,  67.66]
  Z 2: exit= 1 pts=  1264 BN=   21.19
  [WARN] Z 3: GA optimum at search boundary -- true value may lie outside the search range
  Z 3: exit= 1 pts=   929 BN=   14.59
  [INFO] Z 4: G3 BSTAR prior narrows BN to [  10.00,  71.48]
  [WARN] Z 4: GA optimum at search boundary -- true value may lie outside the search range
  Z 4: exit= 1 pts=   906 BN=   10.47
  [INFO] Z 5: G3 BSTAR prior narrows BN to [  10.00,  96.59]
  [WARN] Z 5: GA optimum at search boundary -- true value may lie outside the search range
  Z 5: exit= 1 pts=   733 BN=   14.29
  [INFO] Z 6: G3 BSTAR prior narrows BN to [  10.00,  90.84]
  [WARN] Z 6: GA optimum at search boundary -- true value may lie outside the search range
  Z 6: exit= 1 pts=   682 BN=   11.67
  [INFO] Z 7: G3 BSTAR prior narrows BN to [  10.00,  89.97]
  [WARN] Z 7: GA optimum at search boundary -- true value may lie outside the search range
  Z 7: exit= 1 pts=   698 BN=   10.95
  [INFO] Z 8: G3 BSTAR prior narrows BN to [  10.00,  87.70]
  [WARN] Z 8: GA optimum at search boundary -- true value may lie outside the search range
  Z 8: exit= 1 pts=   646 BN=   11.34
  Z1: e=  0.7431 BN=  13.63 RPE=  -25.35%  zstat= 2
  Z2: e=  0.7433 BN=  21.19 RPE=  -26.75%  zstat= 0
  Z3: e=  0.7461 BN=  14.59 RPE=  -33.85%  zstat= 2
  Z4: e=  0.7462 BN=  10.47 RPE=  -34.81%  zstat= 2
  Z5: e=  0.7463 BN=  14.29 RPE=  -47.92%  zstat= 2
  Z6: e=  0.7462 BN=  11.67 RPE=  -48.41%  zstat= 2
  Z7: e=  0.7164 BN=  10.95 RPE=  -53.71%  zstat= 2
  Z8: e=  0.7096 BN=  11.34 RPE=  -58.31%  zstat= 2
  ensemble (8 of 8 zones): mean JD=  2460599.821 std=   17.6 d
  ENSEMBLE RPE =   -25.57%
 [PROGRESS]  70% (35 of 50 objects done, this chunk)

 ===== 32977 Cosmos1109 deb    
  [WARN] tle_filter: epoch gap at point    19 (********** -> **********,    143.3 days)
  [WARN] tle_filter: epoch gap at point   190 (********** -> **********,    410.9 days)
  [WARN] tle_filter: epoch gap at point   191 (********** -> **********,     43.9 days)
  [WARN] tle_filter: epoch gap at point   192 (********** -> **********,     33.8 days)
  [WARN] tle_filter: epoch gap at point   207 (********** -> **********,     30.8 days)
  [WARN] tle_filter: epoch gap at point   298 (********** -> **********,     30.8 days)
  [WARN] tle_filter: epoch gap at point   305 (********** -> **********,     33.8 days)
  [WARN] Z 1: GA optimum at search boundary -- true value may lie outside the search range
  Z 1: exit= 0 pts=  3618 BN=  148.75
  Z 2: exit= 0 pts=  3617 BN=   93.57
  Z 3: exit= 0 pts=  3619 BN=  112.45
  [WARN] Z 4: GA optimum at search boundary -- true value may lie outside the search range
  Z 4: exit= 0 pts=  3620 BN=  154.00
  Z 5: exit= 0 pts=  3619 BN=  105.17
  Z 6: exit= 0 pts=  3617 BN=  147.50
  Z 7: exit= 0 pts=  3618 BN=  101.64
  [INFO] Z 8: G3 BSTAR prior narrows BN to [  80.00,  92.31]
  Z 8: exit= 1 pts=   327 BN=   82.51
  Z1: e=  0.6766 BN= 148.75 (no re-entry)  zstat= 2
  Z2: e=  0.6683 BN=  93.57 (no re-entry)  zstat= 0
  Z3: e=  0.6670 BN= 112.45 (no re-entry)  zstat= 0
  Z4: e=  0.6659 BN= 154.00 (no re-entry)  zstat= 2
  Z5: e=  0.6648 BN= 105.17 (no re-entry)  zstat= 0
  Z6: e=  0.6605 BN= 147.50 (no re-entry)  zstat= 0
  Z7: e=  0.6579 BN= 101.64 (no re-entry)  zstat= 0
  Z8: e=  0.7505 BN=  82.51 RPE=  -79.10%  zstat= 0
  ensemble (1 of 8 zones): mean JD=  2460254.428 std=    0.0 d
  ENSEMBLE RPE =   -15.12%
 [PROGRESS]  72% (36 of 50 objects done, this chunk)

 ===== 41561 SL-12 deb         
  [WARN] tle_filter: epoch gap at point   450 (********** -> **********,     52.0 days)
  [WARN] tle_filter: epoch gap at point   497 (********** -> **********,   1150.9 days)
  [INFO] G2 BN floor estimate=    5.00 -> bn_lo=    2.50
  [INFO] Z 1: G3 BSTAR prior narrows BN to [   3.64,  43.33]
  [WARN] Z 1: GA optimum at search boundary -- true value may lie outside the search range
  Z 1: exit= 1 pts=  7024 BN=    4.40
  [INFO] Z 2: G3 BSTAR prior narrows BN to [  10.00,  51.05]
  [WARN] Z 2: GA optimum at search boundary -- true value may lie outside the search range
  Z 2: exit= 0 pts=  8109 BN=   11.07
  [INFO] Z 3: G3 BSTAR prior narrows BN to [  10.00,  30.96]
  [WARN] Z 3: GA optimum at search boundary -- true value may lie outside the search range
  Z 3: exit= 0 pts=  8076 BN=   10.12
  [INFO] Z 4: G3 BSTAR prior narrows BN to [  10.00,  61.52]
  Z 4: exit= 0 pts=  8052 BN=   43.40
  [INFO] Z 5: G3 BSTAR prior narrows BN to [  10.00, 110.79]
  [WARN] Z 5: GA optimum at search boundary -- true value may lie outside the search range
  Z 5: exit= 1 pts=  6334 BN=  110.30
  [INFO] Z 6: G3 BSTAR prior narrows BN to [  10.00,  76.62]
  Z 6: exit= 0 pts=  8126 BN=   63.13
  [INFO] Z 7: G3 BSTAR prior narrows BN to [  10.00,  69.82]
  [WARN] Z 7: GA optimum at search boundary -- true value may lie outside the search range
  Z 7: exit= 0 pts=  8125 BN=   10.54
  [INFO] Z 8: G3 BSTAR prior narrows BN to [  10.00,  21.54]
  [WARN] Z 8: RSM envelope does not bound   2 of   9 observations -- proceeding anyway
  [WARN] Z 8: GA optimum at search boundary -- true value may lie outside the search range
  Z 8: exit= 0 pts=  8315 BN=   10.72
  Z1: e=  0.5701 BN=   4.40 RPE=  -60.48%  zstat= 2
  Z2: e=  0.5652 BN=  11.07 (no re-entry)  zstat= 2
  Z3: e=  0.5411 BN=  10.12 (no re-entry)  zstat= 2
  Z4: e=  0.5341 BN=  43.40 (no re-entry)  zstat= 0
  Z5: e=  0.5461 BN= 110.30 RPE=  -48.62%  zstat= 2
  Z6: e=  0.5578 BN=  63.13 (no re-entry)  zstat= 0
  Z7: e=  0.5543 BN=  10.54 (no re-entry)  zstat= 2
  Z8: e=  0.5598 BN=  10.72 (no re-entry)  zstat= 2
  ensemble (2 of 8 zones): mean JD=  2459177.665 std=  461.7 d
  ENSEMBLE RPE =   -50.36%
 [PROGRESS]  74% (37 of 50 objects done, this chunk)

 ===== 43670 SL-12 deb         
  pipeline error ierr=  2
 [PROGRESS]  76% (38 of 50 objects done, this chunk)

 ===== 27790 Titan3C TS deb    
  [WARN] tle_filter: epoch gap at point     2 (********** -> **********,    429.5 days)
  [WARN] tle_filter: epoch gap at point    50 (********** -> **********,    228.0 days)
  [WARN] tle_filter: epoch gap at point    52 (********** -> **********,     64.7 days)
  [WARN] tle_filter: epoch gap at point   153 (********** -> **********,    138.3 days)
  [WARN] tle_filter: epoch gap at point   154 (********** -> **********,     42.0 days)
  [WARN] tle_filter: epoch gap at point  1157 (********** -> **********,    269.8 days)
  [WARN] tle_filter: epoch gap at point  1323 (********** -> **********,    192.2 days)
  [WARN] tle_filter: epoch gap at point  1589 (********** -> **********,     64.1 days)
  [INFO] Z 1: G3 BSTAR prior narrows BN to [  80.00, 111.01]
  Z 1: exit= 0 pts=  5012 BN=   96.25
  Z 2: exit= 0 pts=  5019 BN=  116.43
  [WARN] Z 3: GA optimum at search boundary -- true value may lie outside the search range
  Z 3: exit= 0 pts=  5023 BN=  155.36
  Z1: e=  0.6731 BN=  96.25 (no re-entry)  zstat= 0
  Z2: e=  0.6726 BN= 116.43 (no re-entry)  zstat= 0
  Z3: e=  0.6714 BN= 155.36 (no re-entry)  zstat= 2
  no re-entry in any zone (weak-signal fits; lifetime beyond 5-yr cap)
 [PROGRESS]  78% (39 of 50 objects done, this chunk)

 ===== 27976 SL-12 deb         
  [WARN] tle_filter: epoch gap at point  1888 (********** -> **********,     31.2 days)
  [WARN] tle_filter: epoch gap at point  1889 (********** -> **********,    400.9 days)
  [WARN] tle_filter: epoch gap at point  2463 (********** -> **********,     39.9 days)
  [WARN] tle_filter: epoch gap at point  2502 (********** -> **********,     30.7 days)
  [INFO] G2 BN floor estimate=    5.00 -> bn_lo=    2.50
  [INFO] Z 1: G3 BSTAR prior narrows BN to [   2.50,  18.37]
  [WARN] Z 1: RSM envelope does not bound   1 of   8 observations -- proceeding anyway
  [WARN] Z 1: GA optimum at search boundary -- true value may lie outside the search range
  Z 1: exit= 0 pts=  8189 BN=    2.92
  [INFO] Z 2: G3 BSTAR prior narrows BN to [   4.75,  56.48]
  Z 2: exit= 0 pts= 10369 BN=   22.41
  [INFO] Z 3: G3 BSTAR prior narrows BN to [  15.16, 160.00]
  [WARN] Z 3: GA optimum at search boundary -- true value may lie outside the search range
  Z 3: exit= 0 pts= 10389 BN=  147.77
  [INFO] Z 4: G3 BSTAR prior narrows BN to [   2.50,  28.85]
  [WARN] Z 4: GA optimum at search boundary -- true value may lie outside the search range
  Z 4: exit= 0 pts= 10902 BN=    5.74
  [WARN] Z 5: GA optimum at search boundary -- true value may lie outside the search range
  Z 5: exit= 0 pts= 11638 BN=   16.91
  Z 6: exit= 0 pts= 11631 BN=   36.83
  Z 7: exit= 0 pts= 11670 BN=   95.28
  [INFO] Z 8: G3 BSTAR prior narrows BN to [   2.50,  17.41]
  Z 8: exit= 0 pts= 11735 BN=   14.15
  Z1: e=  0.5614 BN=   2.92 (no re-entry)  zstat= 2
  Z2: e=  0.4786 BN=  22.41 (no re-entry)  zstat= 0
  Z3: e=  0.4723 BN= 147.77 (no re-entry)  zstat= 2
  Z4: e=  0.4731 BN=   5.74 (no re-entry)  zstat= 2
  Z5: e=  0.3823 BN=  16.91 (no re-entry)  zstat= 2
  Z6: e=  0.3687 BN=  36.83 (no re-entry)  zstat= 0
  Z7: e=  0.3744 BN=  95.28 (no re-entry)  zstat= 0
  Z8: e=  0.3629 BN=  14.15 (no re-entry)  zstat= 0
  no re-entry in any zone (weak-signal fits; lifetime beyond 5-yr cap)
 [PROGRESS]  80% (40 of 50 objects done, this chunk)

 ===== 44590 CZ-3A deb         
  [WARN] tle_filter: epoch gap at point    15 (********** -> **********,     83.2 days)
  [WARN] tle_filter: epoch gap at point   903 (********** -> **********,    122.0 days)
  [INFO] Z 1: G3 BSTAR prior narrows BN to [  80.00, 116.61]
  Z 1: exit= 0 pts= 11382 BN=  110.27
  Z 2: exit= 0 pts= 11380 BN=  104.28
  Z 3: exit= 0 pts= 11373 BN=  111.22
  [WARN] Z 4: GA optimum at search boundary -- true value may lie outside the search range
  Z 4: exit= 0 pts= 11642 BN=  157.06
  Z 5: exit= 0 pts= 11856 BN=  107.56
  Z 6: exit= 0 pts= 11956 BN=  113.27
  [INFO] Z 7: G3 BSTAR prior narrows BN to [  80.00, 135.24]
  Z 7: exit= 0 pts= 11999 BN=   89.26
  [WARN] Z 8: RSM envelope does not bound   1 of   8 observations -- proceeding anyway
  Z 8: exit= 0 pts= 13423 BN=  102.28
  Z1: e=  0.4256 BN= 110.27 (no re-entry)  zstat= 0
  Z2: e=  0.4230 BN= 104.28 (no re-entry)  zstat= 0
  Z3: e=  0.4205 BN= 111.22 (no re-entry)  zstat= 0
  Z4: e=  0.4379 BN= 157.06 (no re-entry)  zstat= 2
  Z5: e=  0.4290 BN= 107.56 (no re-entry)  zstat= 0
  Z6: e=  0.4252 BN= 113.27 (no re-entry)  zstat= 0
  Z7: e=  0.4218 BN=  89.26 (no re-entry)  zstat= 0
  Z8: e=  0.3971 BN= 102.28 (no re-entry)  zstat= 3
  no re-entry in any zone (weak-signal fits; lifetime beyond 5-yr cap)
 [PROGRESS]  82% (41 of 50 objects done, this chunk)

 ===== 45493 SL-12 deb         
  [INFO] Z 1: G3 BSTAR prior narrows BN to [  80.00, 121.56]
  [WARN] Z 1: GA optimum at search boundary -- true value may lie outside the search range
  Z 1: exit= 0 pts=  7941 BN=   83.48
  [INFO] Z 2: G3 BSTAR prior narrows BN to [  80.00, 125.32]
  [WARN] Z 2: GA optimum at search boundary -- true value may lie outside the search range
  Z 2: exit= 0 pts=  7952 BN=   80.04
  [INFO] Z 3: G3 BSTAR prior narrows BN to [  80.00, 106.82]
  Z 3: exit= 1 pts=  7904 BN=   84.70
  Z1: e=  0.5761 BN=  83.48 (no re-entry)  zstat= 2
  Z2: e=  0.5756 BN=  80.04 (no re-entry)  zstat= 2
  Z3: e=  0.5736 BN=  84.70 RPE=   26.07%  zstat= 0
  ensemble (1 of 3 zones): mean JD=  2461131.451 std=    0.0 d
  ENSEMBLE RPE =    21.63%
 [PROGRESS]  84% (42 of 50 objects done, this chunk)

 ===== 48090 Cosmos1024 deb    
  [INFO] G2 BN floor estimate=   40.29 -> bn_lo=   20.14
  [INFO] Z 1: G3 BSTAR prior narrows BN to [  20.14, 116.64]
  [WARN] Z 1: GA optimum at search boundary -- true value may lie outside the search range
  Z 1: exit= 1 pts=   488 BN=   21.54
  [INFO] Z 2: G3 BSTAR prior narrows BN to [  10.00, 106.43]
  [WARN] Z 2: GA optimum at search boundary -- true value may lie outside the search range
  Z 2: exit= 1 pts=   494 BN=   11.08
  [INFO] Z 3: G3 BSTAR prior narrows BN to [  10.00,  99.42]
  [WARN] Z 3: GA optimum at search boundary -- true value may lie outside the search range
  Z 3: exit= 1 pts=   470 BN=   12.66
  [INFO] Z 4: G3 BSTAR prior narrows BN to [  10.00, 100.08]
  [WARN] Z 4: GA optimum at search boundary -- true value may lie outside the search range
  Z 4: exit= 1 pts=   467 BN=   10.02
  [INFO] Z 5: G3 BSTAR prior narrows BN to [  10.02, 119.27]
  [WARN] Z 5: GA optimum at search boundary -- true value may lie outside the search range
  Z 5: exit= 1 pts=   387 BN=   10.31
  [INFO] Z 6: G3 BSTAR prior narrows BN to [  12.08, 143.83]
  [WARN] Z 6: GA optimum at search boundary -- true value may lie outside the search range
  Z 6: exit= 1 pts=   317 BN=   12.78
  [INFO] Z 7: G3 BSTAR prior narrows BN to [  12.51, 148.92]
  Z 7: exit= 1 pts=   226 BN=   34.92
  [INFO] Z 8: G3 BSTAR prior narrows BN to [  10.69, 127.25]
  Z 8: exit= 1 pts=   205 BN=   42.90
  Z1: e=  0.7485 BN=  21.54 RPE=  -37.59%  zstat= 2
  Z2: e=  0.7489 BN=  11.08 RPE=  -34.93%  zstat= 2
  Z3: e=  0.7493 BN=  12.66 RPE=  -34.97%  zstat= 2
  Z4: e=  0.7495 BN=  10.02 RPE=  -34.69%  zstat= 2
  Z5: e=  0.7497 BN=  10.31 RPE=  -42.55%  zstat= 2
  Z6: e=  0.7498 BN=  12.78 RPE=  -50.35%  zstat= 2
  Z7: e=  0.7498 BN=  34.92 RPE=  -61.27%  zstat= 0
  Z8: e=  0.7477 BN=  42.90 RPE=  -64.37%  zstat= 0
  ensemble (8 of 8 zones): mean JD=  2460692.179 std=   12.1 d
  ENSEMBLE RPE =   -32.87%
 [PROGRESS]  86% (43 of 50 objects done, this chunk)

 ===== 27035 Ariane2 deb       
  [WARN] tle_filter: epoch gap at point     7 (********** -> **********,     30.6 days)
  [WARN] tle_filter: epoch gap at point    13 (********** -> **********,    290.9 days)
  [WARN] tle_filter: epoch gap at point    14 (********** -> **********,     31.4 days)
  [WARN] tle_filter: epoch gap at point    75 (********** -> **********,   1258.9 days)
  [WARN] tle_filter: epoch gap at point   386 (********** -> **********,    103.9 days)
  [WARN] tle_filter: epoch gap at point   388 (********** -> **********,    288.8 days)
  [WARN] tle_filter: epoch gap at point   754 (********** -> **********,     57.9 days)
  [WARN] tle_filter: epoch gap at point   868 (********** -> **********,    237.1 days)
  [WARN] tle_filter: epoch gap at point   869 (********** -> **********,    152.4 days)
  [WARN] tle_filter: epoch gap at point   871 (********** -> **********,     34.0 days)
  [WARN] tle_filter: epoch gap at point  1261 (********** -> **********,    226.9 days)
  [WARN] tle_filter: epoch gap at point  1380 (********** -> **********,     37.3 days)
  [WARN] tle_filter: epoch gap at point  1381 (********** -> **********,    123.3 days)
  [WARN] tle_filter: epoch gap at point  1435 (********** -> **********,    271.4 days)
  [WARN] tle_filter: epoch gap at point  1613 (********** -> **********,    307.9 days)
  [WARN] tle_filter: epoch gap at point  2050 (********** -> **********,     74.5 days)
  [WARN] Z 1: GA optimum at search boundary -- true value may lie outside the search range
  Z 1: exit= 0 pts=  4235 BN=   88.43
  [INFO] Z 2: G3 BSTAR prior narrows BN to [  80.00, 102.27]
  Z 2: exit= 0 pts=  4236 BN=   92.50
  [WARN] Z 3: GA optimum at search boundary -- true value may lie outside the search range
  Z 3: exit= 0 pts=  4261 BN=   91.55
  [INFO] Z 4: G3 BSTAR prior narrows BN to [  80.00,  89.31]
  Z 4: exit= 0 pts=  4259 BN=   85.06
  Z 5: exit= 0 pts=  4272 BN=  142.82
  [INFO] Z 6: G3 BSTAR prior narrows BN to [  80.00, 110.28]
  [WARN] Z 6: GA optimum at search boundary -- true value may lie outside the search range
  Z 6: exit= 0 pts=  4276 BN=   84.05
  [WARN] Z 7: GA optimum at search boundary -- true value may lie outside the search range
  Z 7: exit= 0 pts=  4278 BN=   88.22
  Z 8: exit= 0 pts=  4265 BN=  129.37
  Z1: e=  0.7136 BN=  88.43 (no re-entry)  zstat= 2
  Z2: e=  0.7151 BN=  92.50 (no re-entry)  zstat= 0
  Z3: e=  0.7119 BN=  91.55 (no re-entry)  zstat= 2
  Z4: e=  0.7114 BN=  85.06 (no re-entry)  zstat= 0
  Z5: e=  0.7128 BN= 142.82 (no re-entry)  zstat= 0
  Z6: e=  0.7117 BN=  84.05 (no re-entry)  zstat= 2
  Z7: e=  0.7103 BN=  88.22 (no re-entry)  zstat= 2
  Z8: e=  0.7084 BN= 129.37 (no re-entry)  zstat= 0
  no re-entry in any zone (weak-signal fits; lifetime beyond 5-yr cap)
 [PROGRESS]  88% (44 of 50 objects done, this chunk)

 ===== 27902 Cosmos1261 deb    
  [WARN] tle_filter: epoch gap at point   104 (********** -> **********,     90.0 days)
  [WARN] tle_filter: epoch gap at point   252 (********** -> **********,     66.1 days)
  [WARN] tle_filter: epoch gap at point   253 (********** -> **********,    156.1 days)
  [WARN] tle_filter: epoch gap at point  1733 (********** -> **********,     77.5 days)
  Z 1: exit= 0 pts=  3676 BN=  119.64
  [WARN] Z 2: GA optimum at search boundary -- true value may lie outside the search range
  Z 2: exit= 0 pts=  3675 BN=   86.07
  [WARN] Z 3: GA optimum at search boundary -- true value may lie outside the search range
  Z 3: exit= 0 pts=  3675 BN=   91.53
  Z 4: exit= 0 pts=  3674 BN=  137.14
  Z 5: exit= 0 pts=  3675 BN=  147.96
  Z 6: exit= 0 pts=  3675 BN=   94.93
  Z 7: exit= 0 pts=  3675 BN=  127.20
  [WARN] Z 8: GA optimum at search boundary -- true value may lie outside the search range
  Z 8: exit= 1 pts=   155 BN=   80.60
  Z1: e=  0.6165 BN= 119.64 (no re-entry)  zstat= 0
  Z2: e=  0.6148 BN=  86.07 (no re-entry)  zstat= 2
  Z3: e=  0.5893 BN=  91.53 (no re-entry)  zstat= 2
  Z4: e=  0.5843 BN= 137.14 (no re-entry)  zstat= 0
  Z5: e=  0.5686 BN= 147.96 (no re-entry)  zstat= 0
  Z6: e=  0.5636 BN=  94.93 (no re-entry)  zstat= 0
  Z7: e=  0.5623 BN= 127.20 (no re-entry)  zstat= 0
  Z8: e=  0.7442 BN=  80.60 RPE=  -16.73%  zstat= 2
  ensemble (1 of 8 zones): mean JD=  2460843.165 std=    0.0 d
  ENSEMBLE RPE =    -0.15%
 [PROGRESS]  90% (45 of 50 objects done, this chunk)

 ===== 27901 Cosmos1261 deb    
  [WARN] tle_filter: epoch gap at point     2 (********** -> **********,    121.8 days)
  [WARN] tle_filter: epoch gap at point   266 (********** -> **********,     48.2 days)
  Z 1: exit= 0 pts=  3673 BN=  108.39
  Z 2: exit= 0 pts=  3674 BN=  105.17
  [WARN] Z 3: GA optimum at search boundary -- true value may lie outside the search range
  Z 3: exit= 0 pts=  3674 BN=  155.05
  Z 4: exit= 0 pts=  3673 BN=  137.45
  Z 5: exit= 0 pts=  3673 BN=  115.37
  Z 6: exit= 0 pts=  3673 BN=  142.45
  [INFO] Z 7: G3 BSTAR prior narrows BN to [  80.00, 139.60]
  [WARN] Z 7: GA optimum at search boundary -- true value may lie outside the search range
  Z 7: exit= 1 pts=   334 BN=   88.51
  [INFO] Z 8: G3 BSTAR prior narrows BN to [  60.00, 157.71]
  [WARN] Z 8: GA optimum at search boundary -- true value may lie outside the search range
  Z 8: exit= 1 pts=   163 BN=   64.59
  Z1: e=  0.6166 BN= 108.39 (no re-entry)  zstat= 0
  Z2: e=  0.5881 BN= 105.17 (no re-entry)  zstat= 0
  Z3: e=  0.5853 BN= 155.05 (no re-entry)  zstat= 2
  Z4: e=  0.5840 BN= 137.45 (no re-entry)  zstat= 0
  Z5: e=  0.5734 BN= 115.37 (no re-entry)  zstat= 0
  Z6: e=  0.5671 BN= 142.45 (no re-entry)  zstat= 0
  Z7: e=  0.7499 BN=  88.51 RPE=    0.87%  zstat= 2
  Z8: e=  0.7442 BN=  64.59 RPE=  -14.00%  zstat= 2
  ensemble (2 of 8 zones): mean JD=  2460871.323 std=    6.2 d
  ENSEMBLE RPE =    -0.05%
 [PROGRESS]  92% (46 of 50 objects done, this chunk)

 ===== 41679 SL-12 deb         
  [INFO] G2 BN floor estimate=    5.00 -> bn_lo=    2.50
  [INFO] Z 1: G3 BSTAR prior narrows BN to [   8.09,  96.22]
  [WARN] Z 1: GA optimum at search boundary -- true value may lie outside the search range
  Z 1: exit= 0 pts=  7835 BN=   11.58
  [INFO] Z 2: G3 BSTAR prior narrows BN to [   7.95,  94.59]
  [WARN] Z 2: GA optimum at search boundary -- true value may lie outside the search range
  Z 2: exit= 0 pts=  7858 BN=   19.50
  [INFO] Z 3: G3 BSTAR prior narrows BN to [   8.31,  98.85]
  [WARN] Z 3: GA optimum at search boundary -- true value may lie outside the search range
  Z 3: exit= 0 pts=  7867 BN=   10.65
  [INFO] Z 4: G3 BSTAR prior narrows BN to [   9.34, 111.16]
  [WARN] Z 4: GA optimum at search boundary -- true value may lie outside the search range
  Z 4: exit= 0 pts=  7877 BN=    9.60
  [INFO] Z 5: G3 BSTAR prior narrows BN to [   7.14,  84.93]
  [WARN] Z 5: GA optimum at search boundary -- true value may lie outside the search range
  Z 5: exit= 0 pts=  7920 BN=    7.94
  [INFO] Z 6: G3 BSTAR prior narrows BN to [   6.62,  78.84]
  [WARN] Z 6: GA optimum at search boundary -- true value may lie outside the search range
  Z 6: exit= 0 pts=  7971 BN=    7.64
  [INFO] Z 7: G3 BSTAR prior narrows BN to [   7.20,  85.75]
  [WARN] Z 7: GA optimum at search boundary -- true value may lie outside the search range
  Z 7: exit= 1 pts=  6882 BN=   10.21
  [INFO] Z 8: G3 BSTAR prior narrows BN to [  10.00,  74.80]
  [WARN] Z 8: GA optimum at search boundary -- true value may lie outside the search range
  Z 8: exit= 1 pts=  3097 BN=   16.02
  Z1: e=  0.5787 BN=  11.58 (no re-entry)  zstat= 2
  Z2: e=  0.5780 BN=  19.50 (no re-entry)  zstat= 2
  Z3: e=  0.5777 BN=  10.65 (no re-entry)  zstat= 2
  Z4: e=  0.5772 BN=   9.60 (no re-entry)  zstat= 2
  Z5: e=  0.5754 BN=   7.94 (no re-entry)  zstat= 2
  Z6: e=  0.5749 BN=   7.64 (no re-entry)  zstat= 2
  Z7: e=  0.5743 BN=  10.21 RPE=  -31.79%  zstat= 2
  Z8: e=  0.5722 BN=  16.02 RPE=  -65.15%  zstat= 2
  ensemble (2 of 8 zones): mean JD=  2459961.485 std=  356.7 d
  ENSEMBLE RPE =   -37.71%
 [PROGRESS]  94% (47 of 50 objects done, this chunk)

 ===== 44892 SL-12 deb         
  [INFO] G2 BN floor estimate=    5.00 -> bn_lo=    2.50
  [INFO] Z 1: G3 BSTAR prior narrows BN to [   7.19,  85.58]
  [WARN] Z 1: GA optimum at search boundary -- true value may lie outside the search range
  Z 1: exit= 1 pts=  3987 BN=   12.11
  Z1: e=  0.5975 BN=  12.11 RPE=  -56.88%  zstat= 2
  ensemble (1 of 1 zones): mean JD=  2459707.290 std=    0.0 d
  ENSEMBLE RPE =   -56.88%
 [PROGRESS]  96% (48 of 50 objects done, this chunk)

 ===== 45036 SL-12 deb         
  [WARN] tle_filter: epoch gap at point   308 (********** -> **********,     41.4 days)
  [WARN] tle_filter: epoch gap at point   309 (********** -> **********,     31.3 days)
  [INFO] G2 BN floor estimate=    5.00 -> bn_lo=    2.50
  [INFO] Z 1: G3 BSTAR prior narrows BN to [   4.13,  49.20]
  Z 1: exit= 1 pts=  7756 BN=   11.25
  [WARN] Z 2: GA optimum at search boundary -- true value may lie outside the search range
  Z 2: exit= 1 pts=  6018 BN=   10.59
  [INFO] Z 3: G3 BSTAR prior narrows BN to [  55.34,  60.78]
  [WARN] Z 3: GA optimum at search boundary -- true value may lie outside the search range
  Z 3: exit= 1 pts=  5823 BN=   55.83
  [INFO] Z 4: G3 BSTAR prior narrows BN to [  18.85,  73.47]
  Z 4: exit= 1 pts=  5815 BN=   37.66
  [INFO] Z 5: G3 BSTAR prior narrows BN to [  21.80,  36.24]
  [WARN] Z 5: RSM envelope does not bound   2 of  11 observations -- proceeding anyway
  [WARN] Z 5: GA optimum at search boundary -- true value may lie outside the search range
  Z 5: exit= 1 pts=  3041 BN=   21.87
  [INFO] Z 6: G3 BSTAR prior narrows BN to [  13.86,  43.52]
  [WARN] Z 6: RSM envelope does not bound   2 of  15 observations -- proceeding anyway
  [WARN] Z 6: GA optimum at search boundary -- true value may lie outside the search range
  Z 6: exit= 1 pts=  2903 BN=   16.10
  [INFO] Z 7: G3 BSTAR prior narrows BN to [  10.00,  49.43]
  [WARN] Z 7: GA optimum at search boundary -- true value may lie outside the search range
  Z 7: exit= 1 pts=  5297 BN=   13.82
  [INFO] Z 8: G3 BSTAR prior narrows BN to [  10.00,  49.96]
  Z 8: exit= 1 pts=  8964 BN=   17.53
  Z1: e=  0.5808 BN=  11.25 RPE=  -22.09%  zstat= 0
  Z2: e=  0.5774 BN=  10.59 RPE=  -38.74%  zstat= 2
  Z3: e=  0.5730 BN=  55.83 RPE=  -34.00%  zstat= 2
  Z4: e=  0.5715 BN=  37.66 RPE=  -32.60%  zstat= 0
  Z5: e=  0.5695 BN=  21.87 RPE=  -63.73%  zstat= 2
  Z6: e=  0.5580 BN=  16.10 RPE=  -67.80%  zstat= 2
  Z7: e=  0.5110 BN=  13.82 RPE=  -47.02%  zstat= 2
  Z8: e=  0.4977 BN=  17.53 RPE=  -10.16%  zstat= 0
  ensemble (8 of 8 zones): mean JD=  2460148.580 std=  305.6 d
  ENSEMBLE RPE =   -35.08%
 [PROGRESS]  98% (49 of 50 objects done, this chunk)

 ===== 44563 SL-12 deb         
  pipeline error ierr=  2
 [PROGRESS] 100% (50 of 50 objects done, this chunk)

 campaign complete -> scratch_rpe/rpe_campaign.csv
