
 ===== 42928 PSLV-C39          
  [INFO] G2 BN floor estimate=  102.11 -> bn_lo=   51.05
  Z 1: exit= 1 pts=  6276 BN=   98.17
  [WARN] Z 2: GA optimum at search boundary -- true value may lie outside the search range
  Z 2: exit= 1 pts=  4984 BN=  125.25
  Z 3: exit= 1 pts=  5582 BN=  152.69
  [WARN] Z 4: GA optimum at search boundary -- true value may lie outside the search range
  Z 4: exit= 1 pts=  4668 BN=  134.22
  [WARN] Z 5: GA optimum at search boundary -- true value may lie outside the search range
  Z 5: exit= 1 pts=  4667 BN=  106.09
  [WARN] Z 6: GA optimum at search boundary -- true value may lie outside the search range
  Z 6: exit= 1 pts=  3758 BN=   71.99
  [INFO] Z 7: G3 BSTAR prior narrows BN to [  22.72, 140.93]
  Z 7: exit= 1 pts=  1965 BN=   80.78
  Z 8: exit= 1 pts=  1245 BN=   93.49
  Z1: e=  0.2789 BN=  98.17 RPE=   28.48%  zstat= 0
  Z2: e=  0.2734 BN= 125.25 RPE=    6.50%  zstat= 2
  Z3: e=  0.2698 BN= 152.69 RPE=   21.65%  zstat= 0
  Z4: e=  0.2610 BN= 134.22 RPE=    7.82%  zstat= 2
  Z5: e=  0.2354 BN= 106.09 RPE=   26.30%  zstat= 2
  Z6: e=  0.2105 BN=  71.99 RPE=   25.79%  zstat= 2
  Z7: e=  0.1631 BN=  80.78 RPE=    6.44%  zstat= 0
  Z8: e=  0.1337 BN=  93.49 RPE=   -4.00%  zstat= 0
  ensemble (8 of 8 zones): mean JD=  2458593.689 std=   40.5 d
  ENSEMBLE RPE =    12.02%
 [PROGRESS]  12% ( 1 of  8 objects done, this chunk)

 ===== 35497 Ariane 5 ESC-A    
  [INFO] G2 BN floor estimate=   85.20 -> bn_lo=   42.60
  Z 1: exit= 0 pts=  7608 BN=   76.02
  Z 2: exit= 1 pts=  4908 BN=   64.93
  Z 3: exit= 1 pts=  6065 BN=   69.67
  [WARN] Z 4: GA optimum at search boundary -- true value may lie outside the search range
  Z 4: exit= 1 pts=  6230 BN=   84.30
  [WARN] Z 5: GA optimum at search boundary -- true value may lie outside the search range
  Z 5: exit= 1 pts=  4527 BN=  105.07
  [WARN] Z 6: GA optimum at search boundary -- true value may lie outside the search range
  Z 6: exit= 1 pts=  1027 BN=  137.69
  [WARN] Z 7: GA optimum at search boundary -- true value may lie outside the search range
  Z 7: exit= 1 pts=   490 BN=  187.16
  Z 8: exit= 1 pts=   367 BN=  237.04
  Z1: e=  0.5993 BN=  76.02 (no re-entry)  zstat= 0
  Z2: e=  0.5940 BN=  64.93 RPE=  205.52%  zstat= 0
  Z3: e=  0.5781 BN=  69.67 RPE=  342.39%  zstat= 0
  Z4: e=  0.5742 BN=  84.30 RPE=  370.66%  zstat= 2
  Z5: e=  0.5653 BN= 105.07 RPE=  275.32%  zstat= 2
  Z6: e=  0.5481 BN= 137.69 RPE=    5.43%  zstat= 2
  Z7: e=  0.4963 BN= 187.16 RPE=  -21.30%  zstat= 2
  Z8: e=  0.3780 BN= 237.04 RPE=   -1.11%  zstat= 0
  ensemble (7 of 8 zones): mean JD=  2457988.061 std=  288.3 d
  ENSEMBLE RPE =   106.41%
 [PROGRESS]  25% ( 2 of  8 objects done, this chunk)

 ===== 37151 Long March 3B     
  [WARN] Z 1: GA optimum at search boundary -- true value may lie outside the search range
  Z 1: exit= 0 pts=  8302 BN=   80.41
  [WARN] Z 2: GA optimum at search boundary -- true value may lie outside the search range
  Z 2: exit= 0 pts=  9648 BN=   80.31
  [WARN] Z 3: GA optimum at search boundary -- true value may lie outside the search range
  Z 3: exit= 1 pts=  3657 BN=   80.09
  Z 4: exit= 0 pts= 10664 BN=   69.03
  Z 5: exit= 1 pts=  4258 BN=   63.87
  [WARN] Z 6: GA optimum at search boundary -- true value may lie outside the search range
  Z 6: exit= 1 pts=  3395 BN=   42.27
  [INFO] Z 7: G3 BSTAR prior narrows BN to [  19.59,  87.27]
  Z 7: exit= 1 pts=  7792 BN=   55.03
  [WARN] Z 8: GA optimum at search boundary -- true value may lie outside the search range
  Z 8: exit= 1 pts=  1593 BN=   74.23
  Z1: e=  0.5746 BN=  80.41 (no re-entry)  zstat= 2
  Z2: e=  0.5312 BN=  80.31 (no re-entry)  zstat= 2
  Z3: e=  0.5086 BN=  80.09 RPE=  -12.13%  zstat= 2
  Z4: e=  0.4988 BN=  69.03 (no re-entry)  zstat= 0
  Z5: e=  0.4864 BN=  63.87 RPE=   12.53%  zstat= 0
  Z6: e=  0.4826 BN=  42.27 RPE=   -8.81%  zstat= 2
  Z7: e=  0.4614 BN=  55.03 RPE=  112.53%  zstat= 0
  Z8: e=  0.3189 BN=  74.23 RPE=   -4.80%  zstat= 2
  ensemble (5 of 8 zones): mean JD=  2457434.774 std=  203.2 d
  ENSEMBLE RPE =     7.35%
 [PROGRESS]  37% ( 3 of  8 objects done, this chunk)

 ===== 39615 Proton-M Briz-M   
  [INFO] G2 BN floor estimate=   56.38 -> bn_lo=   28.19
  [INFO] Z 1: G3 BSTAR prior narrows BN to [  32.86, 160.00]
  Z 1: exit= 1 pts=  1993 BN=   71.89
  Z 2: exit= 1 pts=  8533 BN=   51.49
  Z 3: exit= 0 pts= 11632 BN=   59.08
  Z 4: exit= 1 pts=  2778 BN=   61.70
  Z 5: exit= 1 pts=  3290 BN=   57.50
  [WARN] Z 6: GA optimum at search boundary -- true value may lie outside the search range
  Z 6: exit= 1 pts=  1708 BN=   54.02
  Z 7: exit= 1 pts=  1630 BN=   53.93
  Z 8: exit= 1 pts=  1834 BN=   53.06
  Z1: e=  0.5477 BN=  71.89 RPE=  -56.35%  zstat= 0
  Z2: e=  0.5261 BN=  51.49 RPE=   61.88%  zstat= 0
  Z3: e=  0.4696 BN=  59.08 (no re-entry)  zstat= 0
  Z4: e=  0.4431 BN=  61.70 RPE=  -26.06%  zstat= 0
  Z5: e=  0.3302 BN=  57.50 RPE=   48.14%  zstat= 0
  Z6: e=  0.3135 BN=  54.02 RPE=  -13.85%  zstat= 2
  Z7: e=  0.3028 BN=  53.93 RPE=  -13.13%  zstat= 0
  Z8: e=  0.2818 BN=  53.06 RPE=    9.43%  zstat= 0
  ensemble (7 of 8 zones): mean JD=  2458007.102 std=  206.9 d
  ENSEMBLE RPE =    -0.74%
 [PROGRESS]  50% ( 4 of  8 objects done, this chunk)

 ===== 27526 Ariane 5 R/B      
  [INFO] G2 BN floor estimate=   42.60 -> bn_lo=   21.30
  Z 1: exit= 0 pts=  8641 BN=   48.97
  Z 2: exit= 0 pts= 10267 BN=   42.41
  Z 3: exit= 1 pts=  7464 BN=   78.43
  Z 4: exit= 1 pts=  1789 BN=   67.11
  [WARN] Z 5: GA optimum at search boundary -- true value may lie outside the search range
  Z 5: exit= 1 pts=  1481 BN=   50.08
  [WARN] Z 6: GA optimum at search boundary -- true value may lie outside the search range
  Z 6: exit= 1 pts=  1365 BN=   72.07
  Z 7: exit= 1 pts=  1914 BN=   88.10
  [WARN] Z 8: GA optimum at search boundary -- true value may lie outside the search range
  Z 8: exit= 1 pts=   170 BN=  107.60
  Z1: e=  0.5637 BN=  48.97 (no re-entry)  zstat= 0
  Z2: e=  0.5107 BN=  42.41 (no re-entry)  zstat= 0
  Z3: e=  0.4951 BN=  78.43 RPE=  155.78%  zstat= 0
  Z4: e=  0.4073 BN=  67.11 RPE=   -2.83%  zstat= 0
  Z5: e=  0.3602 BN=  50.08 RPE=   -0.75%  zstat= 2
  Z6: e=  0.3477 BN=  72.07 RPE=   -3.13%  zstat= 2
  Z7: e=  0.3057 BN=  88.10 RPE=   68.92%  zstat= 0
  Z8: e=  0.1260 BN= 107.60 RPE=   -7.17%  zstat= 2
  ensemble (6 of 8 zones): mean JD=  2456152.206 std=  209.4 d
  ENSEMBLE RPE =    16.48%
 [PROGRESS]  62% ( 5 of  8 objects done, this chunk)

 ===== 32007 GSLV R/B          
  [INFO] G2 BN floor estimate=   53.74 -> bn_lo=   26.87
  Z 1: exit= 0 pts= 17979 BN=   62.73
  Z 2: exit= 1 pts= 15786 BN=   55.42
  [INFO] Z 3: G3 BSTAR prior narrows BN to [  22.52,  88.71]
  Z 3: exit= 1 pts=  9884 BN=   72.75
  [WARN] Z 4: GA optimum at search boundary -- true value may lie outside the search range
  Z 4: exit= 1 pts=  8447 BN=   60.14
  Z 5: exit= 1 pts=  6447 BN=   55.86
  Z 6: exit= 1 pts=  3027 BN=   49.69
  [WARN] Z 7: GA optimum at search boundary -- true value may lie outside the search range
  Z 7: exit= 1 pts=  3232 BN=   45.21
  Z 8: exit= 1 pts=  1959 BN=   45.11
  Z1: e=  0.2869 BN=  62.73 (no re-entry)  zstat= 0
  Z2: e=  0.2527 BN=  55.42 RPE=   62.35%  zstat= 0
  Z3: e=  0.2509 BN=  72.75 RPE=    5.72%  zstat= 0
  Z4: e=  0.2227 BN=  60.14 RPE=   13.90%  zstat= 2
  Z5: e=  0.1811 BN=  55.86 RPE=   28.99%  zstat= 0
  Z6: e=  0.1413 BN=  49.69 RPE=    5.35%  zstat= 0
  Z7: e=  0.1370 BN=  45.21 RPE=   18.43%  zstat= 2
  Z8: e=  0.1083 BN=  45.11 RPE=   24.18%  zstat= 0
  ensemble (7 of 8 zones): mean JD=  2455465.142 std=  165.6 d
  ENSEMBLE RPE =    11.47%
 [PROGRESS]  75% ( 6 of  8 objects done, this chunk)

 ===== 37819 Proton-M R/B      
  [INFO] G2 BN floor estimate=   35.26 -> bn_lo=   17.63
  [INFO] Z 1: G3 BSTAR prior narrows BN to [  22.82, 160.00]
  Z 1: exit= 1 pts=  2664 BN=   61.56
  [INFO] Z 2: G3 BSTAR prior narrows BN to [  31.91,  97.15]
  Z 2: exit= 1 pts=  2872 BN=   62.18
  [WARN] Z 3: GA optimum at search boundary -- true value may lie outside the search range
  Z 3: exit= 1 pts=  1998 BN=   46.15
  [INFO] Z 4: G3 BSTAR prior narrows BN to [  33.34,  72.84]
  Z 4: exit= 1 pts=  1709 BN=   50.27
  Z 5: exit= 1 pts=  1540 BN=   46.11
  [WARN] Z 6: GA optimum at search boundary -- true value may lie outside the search range
  Z 6: exit= 1 pts=  1497 BN=   39.59
  [INFO] Z 7: G3 BSTAR prior narrows BN to [  34.67,  49.60]
  [WARN] Z 7: GA optimum at search boundary -- true value may lie outside the search range
  Z 7: exit= 1 pts=  1422 BN=   48.91
  [INFO] Z 8: G3 BSTAR prior narrows BN to [  34.27,  63.92]
  Z 8: exit= 1 pts=  1254 BN=   40.61
  Z1: e=  0.4458 BN=  61.56 RPE=  -41.63%  zstat= 0
  Z2: e=  0.3413 BN=  62.18 RPE=   -0.37%  zstat= 0
  Z3: e=  0.3169 BN=  46.15 RPE=  -20.84%  zstat= 2
  Z4: e=  0.2955 BN=  50.27 RPE=  -24.20%  zstat= 0
  Z5: e=  0.2767 BN=  46.11 RPE=  -25.10%  zstat= 0
  Z6: e=  0.2661 BN=  39.59 RPE=  -23.66%  zstat= 2
  Z7: e=  0.2344 BN=  48.91 RPE=  -13.98%  zstat= 2
  Z8: e=  0.2235 BN=  40.61 RPE=  -18.55%  zstat= 0
  ensemble (8 of 8 zones): mean JD=  2456493.277 std=   69.0 d
  ENSEMBLE RPE =   -10.24%
 [PROGRESS]  87% ( 7 of  8 objects done, this chunk)

 ===== 11550 Molniya debris    
  [WARN] tle_filter: epoch gap at point   555 (********** -> **********,     35.4 days)
  [WARN] tle_filter: epoch gap at point   738 (********** -> **********,     36.7 days)
  [WARN] tle_filter: epoch gap at point  1414 (********** -> **********,     38.7 days)
  [WARN] tle_filter: epoch gap at point  1956 (********** -> **********,     32.2 days)
  Z 1: exit= 0 pts=  3633 BN=  112.02
  [WARN] Z 2: GA optimum at search boundary -- true value may lie outside the search range
  Z 2: exit= 0 pts=  3633 BN=  153.28
  Z 3: exit= 0 pts=  3633 BN=  126.74
  Z 4: exit= 0 pts=  3633 BN=  117.09
  Z 5: exit= 0 pts=  3633 BN=  115.99
  Z 6: exit= 0 pts=  3633 BN=  144.77
  Z 7: exit= 0 pts=  3633 BN=  103.10
  [WARN] Z 8: GA optimum at search boundary -- true value may lie outside the search range
  Z 8: exit= 1 pts=   476 BN=   87.12
  Z1: e=  0.6199 BN= 112.02 (no re-entry)  zstat= 0
  Z2: e=  0.5964 BN= 153.28 (no re-entry)  zstat= 2
  Z3: e=  0.5925 BN= 126.74 (no re-entry)  zstat= 0
  Z4: e=  0.5882 BN= 117.09 (no re-entry)  zstat= 0
  Z5: e=  0.5846 BN= 115.99 (no re-entry)  zstat= 0
  Z6: e=  0.5818 BN= 144.77 (no re-entry)  zstat= 0
  Z7: e=  0.5813 BN= 103.10 (no re-entry)  zstat= 0
  Z8: e=  0.7524 BN=  87.12 RPE=    0.97%  zstat= 2
  ensemble (1 of 8 zones): mean JD=  2460777.179 std=    0.0 d
  ENSEMBLE RPE =     0.03%
 [PROGRESS] 100% ( 8 of  8 objects done, this chunk)

 campaign complete -> scratch_rpe/rpe_campaign_part_01_08.csv

 ===== 59347 GTO R/B           
  [INFO] Z 1: G3 BSTAR prior narrows BN to [  80.00, 131.77]
  [WARN] Z 1: GA optimum at search boundary -- true value may lie outside the search range
  Z 1: exit= 0 pts=  2244 BN=   80.14
  [INFO] Z 2: G3 BSTAR prior narrows BN to [  80.00, 114.71]
  [WARN] Z 2: GA optimum at search boundary -- true value may lie outside the search range
  Z 2: exit= 0 pts=  2246 BN=   81.55
  [INFO] Z 3: G3 BSTAR prior narrows BN to [  80.00,  98.40]
  [WARN] Z 3: GA optimum at search boundary -- true value may lie outside the search range
  Z 3: exit= 0 pts=  2249 BN=   80.48
  [INFO] Z 4: G3 BSTAR prior narrows BN to [  80.00,  88.42]
  [WARN] Z 4: GA optimum at search boundary -- true value may lie outside the search range
  Z 4: exit= 0 pts=  2253 BN=   80.03
  [INFO] Z 5: G3 BSTAR prior narrows BN to [  80.00,  83.18]
  Z 5: exit= 0 pts=  2256 BN=   82.70
  [INFO] Z 6: G3 BSTAR prior narrows BN to [  80.00,  95.16]
  Z 6: exit= 1 pts=   194 BN=   82.91
  [WARN] Z 7: RSM envelope does not bound   4 of   9 observations -- proceeding anyway
  [WARN] Z 7: GA optimum at search boundary -- true value may lie outside the search range
  Z 7: exit= 1 pts=    89 BN=  102.76
  [WARN] Z 8: GA optimum at search boundary -- true value may lie outside the search range
  Z 8: exit= 1 pts=   113 BN=  132.61
  Z1: e=  0.8196 BN=  80.14 (no re-entry)  zstat= 2
  Z2: e=  0.8195 BN=  81.55 (no re-entry)  zstat= 2
  Z3: e=  0.8194 BN=  80.48 (no re-entry)  zstat= 2
  Z4: e=  0.8191 BN=  80.03 (no re-entry)  zstat= 2
  Z5: e=  0.8189 BN=  82.70 (no re-entry)  zstat= 0
  Z6: e=  0.8177 BN=  82.91 RPE=  -34.39%  zstat= 0
  Z7: e=  0.6550 BN= 102.76 RPE=  -79.97%  zstat= 2
  Z8: e=  0.2358 BN= 132.61 RPE=   -1.53%  zstat= 2
  ensemble (3 of 8 zones): mean JD=  2461160.177 std=   35.1 d
  ENSEMBLE RPE =    -5.91%
 [PROGRESS]  12% ( 9 of 16 objects done, this chunk)

 ===== 40943 GTO debris        
  [INFO] G2 BN floor estimate=    5.00 -> bn_lo=    2.50
  [INFO] Z 1: G3 BSTAR prior narrows BN to [   7.24,  86.16]
  [WARN] Z 1: GA optimum at search boundary -- true value may lie outside the search range
  Z 1: exit= 0 pts=  5340 BN=    7.45
  [INFO] Z 2: G3 BSTAR prior narrows BN to [   9.49, 112.93]
  [WARN] Z 2: GA optimum at search boundary -- true value may lie outside the search range
  Z 2: exit= 0 pts=  6296 BN=   14.13
  [INFO] Z 3: G3 BSTAR prior narrows BN to [  10.78, 128.30]
  [WARN] Z 3: GA optimum at search boundary -- true value may lie outside the search range
  Z 3: exit= 0 pts=  7675 BN=   15.20
  [INFO] Z 4: G3 BSTAR prior narrows BN to [  10.04, 119.47]
  [WARN] Z 4: GA optimum at search boundary -- true value may lie outside the search range
  Z 4: exit= 1 pts=  3693 BN=   10.28
  [INFO] Z 5: G3 BSTAR prior narrows BN to [  10.00, 113.30]
  [WARN] Z 5: GA optimum at search boundary -- true value may lie outside the search range
  Z 5: exit= 1 pts=  1650 BN=   10.74
  [INFO] Z 6: G3 BSTAR prior narrows BN to [  11.98,  99.55]
  Z 6: exit= 1 pts=  1877 BN=   33.81
  [INFO] Z 7: G3 BSTAR prior narrows BN to [  12.67,  56.19]
  Z 7: exit= 1 pts=   790 BN=   30.58
  [WARN] Z 8: GA optimum at search boundary -- true value may lie outside the search range
  Z 8: exit= 1 pts=   487 BN=   19.82
  Z1: e=  0.6826 BN=   7.45 (no re-entry)  zstat= 2
  Z2: e=  0.6438 BN=  14.13 (no re-entry)  zstat= 2
  Z3: e=  0.5961 BN=  15.20 (no re-entry)  zstat= 2
  Z4: e=  0.5835 BN=  10.28 RPE=  204.40%  zstat= 2
  Z5: e=  0.5613 BN=  10.74 RPE=   61.84%  zstat= 2
  Z6: e=  0.4995 BN=  33.81 RPE=  137.12%  zstat= 0
  Z7: e=  0.4538 BN=  30.58 RPE=   27.23%  zstat= 0
  Z8: e=  0.3921 BN=  19.82 RPE=    6.53%  zstat= 2
  ensemble (5 of 8 zones): mean JD=  2459007.023 std=  128.8 d
  ENSEMBLE RPE =     8.04%
 [PROGRESS]  25% (10 of 16 objects done, this chunk)

 ===== 66587 CZ-3B R/B         
  [INFO] G2 BN floor estimate=  115.44 -> bn_lo=   57.72
  [WARN] Z 1: GA optimum at search boundary -- true value may lie outside the search range
  Z 1: exit= 1 pts=    91 BN=  159.48
  [WARN] Z 2: RSM envelope does not bound   1 of   8 observations -- proceeding anyway
  [WARN] Z 2: GA optimum at search boundary -- true value may lie outside the search range
  Z 2: exit= 1 pts=    65 BN=  234.91
  Z1: e=  0.7497 BN= 159.48 RPE=  -22.46%  zstat= 2
  Z2: e=  0.7465 BN= 234.91 RPE=  -31.27%  zstat= 2
  ensemble (2 of 2 zones): mean JD=  2461073.633 std=    0.1 d
  ENSEMBLE RPE =   -22.25%
 [PROGRESS]  37% (11 of 16 objects done, this chunk)

 ===== 60328 CZ-3B R/B         
  [WARN] tle_filter: epoch gap at point    76 (********** -> **********,     82.6 days)
  [INFO] G2 BN floor estimate=   26.22 -> bn_lo=   13.11
  [INFO] Z 1: G3 BSTAR prior narrows BN to [  13.11, 153.65]
  Z 1: exit= 0 pts=  4459 BN=   46.01
  [INFO] Z 2: G3 BSTAR prior narrows BN to [  13.11, 153.42]
  Z 2: exit= 0 pts=  4556 BN=   47.88
  [INFO] Z 3: G3 BSTAR prior narrows BN to [  13.89, 160.00]
  Z 3: exit= 1 pts=  3376 BN=   36.00
  [INFO] Z 4: G3 BSTAR prior narrows BN to [  13.11,  72.72]
  [WARN] Z 4: GA optimum at search boundary -- true value may lie outside the search range
  Z 4: exit= 1 pts=  1782 BN=   20.88
  [INFO] Z 5: G3 BSTAR prior narrows BN to [  14.80,  67.92]
  Z 5: exit= 1 pts=   729 BN=   35.05
  Z 6: exit= 1 pts=   491 BN=   26.82
  [INFO] Z 7: G3 BSTAR prior narrows BN to [  25.68,  34.06]
  [WARN] Z 7: RSM envelope does not bound   7 of  10 observations -- proceeding anyway
  [WARN] Z 7: GA optimum at search boundary -- true value may lie outside the search range
  Z 7: exit= 1 pts=   209 BN=   34.00
  [WARN] Z 8: RSM envelope does not bound   4 of  12 observations -- proceeding anyway
  [WARN] Z 8: GA optimum at search boundary -- true value may lie outside the search range
  Z 8: exit= 1 pts=   212 BN=   44.84
  Z1: e=  0.7198 BN=  46.01 (no re-entry)  zstat= 0
  Z2: e=  0.7154 BN=  47.88 (no re-entry)  zstat= 0
  Z3: e=  0.7133 BN=  36.00 RPE=  266.48%  zstat= 0
  Z4: e=  0.7114 BN=  20.88 RPE=   91.15%  zstat= 2
  Z5: e=  0.7092 BN=  35.05 RPE=   -0.11%  zstat= 0
  Z6: e=  0.7077 BN=  26.82 RPE=  -22.27%  zstat= 0
  Z7: e=  0.6942 BN=  34.00 RPE=  -40.04%  zstat= 2
  Z8: e=  0.6885 BN=  44.84 RPE=  -31.90%  zstat= 2
  ensemble (6 of 8 zones): mean JD=  2460887.388 std=  232.8 d
  ENSEMBLE RPE =    45.69%
 [PROGRESS]  50% (12 of 16 objects done, this chunk)

 ===== 61734 H-3 R/B           
  [WARN] tle_filter: epoch gap at point    64 (********** -> **********,     44.9 days)
  [INFO] G2 BN floor estimate=   32.64 -> bn_lo=   16.32
  Z 1: exit= 1 pts=  1544 BN=   59.35
  Z 2: exit= 1 pts=   432 BN=   47.86
  Z 3: exit= 1 pts=   343 BN=   45.17
  [WARN] Z 4: GA optimum at search boundary -- true value may lie outside the search range
  Z 4: exit= 1 pts=   282 BN=   52.54
  [WARN] Z 5: RSM envelope does not bound   6 of  10 observations -- proceeding anyway
  [WARN] Z 5: GA optimum at search boundary -- true value may lie outside the search range
  Z 5: exit= 1 pts=   157 BN=   65.54
  Z1: e=  0.7279 BN=  59.35 RPE=  155.61%  zstat= 0
  Z2: e=  0.7261 BN=  47.86 RPE=    8.72%  zstat= 0
  Z3: e=  0.7247 BN=  45.17 RPE=   -4.87%  zstat= 0
  Z4: e=  0.7236 BN=  52.54 RPE=  -14.49%  zstat= 2
  Z5: e=  0.7210 BN=  65.54 RPE=  -40.81%  zstat= 2
  ensemble (5 of 5 zones): mean JD=  2460790.331 std=   98.0 d
  ENSEMBLE RPE =    25.40%
 [PROGRESS]  62% (13 of 16 objects done, this chunk)

 ===== 57804 H-2A R/B          
  [WARN] tle_filter: epoch gap at point    35 (********** -> **********,    363.8 days)
  pipeline error ierr=  2
 [PROGRESS]  75% (14 of 16 objects done, this chunk)

 ===== 56758 Falcon9 R/B       
  Z 1: exit= 0 pts=  2201 BN=  120.32
  Z 2: exit= 0 pts=  2200 BN=  131.26
  Z1: e=  0.8181 BN= 120.32 (no re-entry)  zstat= 0
  Z2: e=  0.8178 BN= 131.26 (no re-entry)  zstat= 0
  no re-entry in any zone (weak-signal fits; lifetime beyond 5-yr cap)
 [PROGRESS]  87% (15 of 16 objects done, this chunk)

 ===== 30799 Delta2 R/B        
  [WARN] tle_filter: epoch gap at point   330 (********** -> **********,     56.4 days)
  [WARN] tle_filter: epoch gap at point   974 (********** -> **********,    232.2 days)
  [WARN] tle_filter: epoch gap at point  1079 (********** -> **********,     88.7 days)
  [WARN] tle_filter: epoch gap at point  1080 (********** -> **********,    110.2 days)
  [WARN] tle_filter: epoch gap at point  1207 (********** -> **********,    104.3 days)
  [WARN] tle_filter: epoch gap at point  1367 (********** -> **********,     68.0 days)
  [WARN] tle_filter: epoch gap at point  1446 (********** -> **********,     49.1 days)
  [WARN] tle_filter: epoch gap at point  1473 (********** -> **********,     54.1 days)
  [WARN] tle_filter: epoch gap at point  1533 (********** -> **********,     60.4 days)
  [WARN] tle_filter: epoch gap at point  1560 (********** -> **********,     39.0 days)
  [WARN] tle_filter: epoch gap at point  1565 (********** -> **********,     31.4 days)
  [WARN] tle_filter: epoch gap at point  1566 (********** -> **********,    179.5 days)
  [WARN] tle_filter: epoch gap at point  1570 (********** -> **********,     36.3 days)
  [WARN] tle_filter: epoch gap at point  1574 (********** -> **********,     31.1 days)
  [WARN] tle_filter: epoch gap at point  1611 (********** -> **********,     34.9 days)
  [WARN] tle_filter: epoch gap at point  1612 (********** -> **********,     68.7 days)
  [WARN] tle_filter: epoch gap at point  1647 (********** -> **********,     30.0 days)
  [WARN] tle_filter: epoch gap at point  1705 (********** -> **********,    196.5 days)
  [WARN] Z 1: GA optimum at search boundary -- true value may lie outside the search range
  Z 1: exit= 0 pts=  1434 BN=   88.43
  Z 2: exit= 2 pts=   363 BN=  114.72
  Z 3: exit= 0 pts=  1463 BN=  133.95
  Z1: e=  0.8581 BN=  88.43 (no re-entry)  zstat= 2
  Z2: e=  0.8584 BN= 114.72 (no re-entry)  zstat= 0
  Z3: e=  0.8588 BN= 133.95 (no re-entry)  zstat= 0
  no re-entry in any zone (weak-signal fits; lifetime beyond 5-yr cap)
 [PROGRESS] 100% (16 of 16 objects done, this chunk)

 campaign complete -> scratch_rpe/rpe_campaign_part_09_16.csv

 ===== 44187 Falcon9 R/B       
  [WARN] tle_filter: epoch gap at point     5 (********** -> **********,     48.0 days)
  [WARN] tle_filter: epoch gap at point    24 (********** -> **********,    142.2 days)
  [WARN] tle_filter: epoch gap at point    25 (********** -> **********,    457.1 days)
  pipeline error ierr=  2
 [PROGRESS]  14% (17 of 23 objects done, this chunk)

 ===== 35009 Fregat R/B        
  [INFO] G2 BN floor estimate=   10.15 -> bn_lo=    5.07
  [INFO] Z 1: G3 BSTAR prior narrows BN to [  21.50, 160.00]
  [WARN] Z 1: GA optimum at search boundary -- true value may lie outside the search range
  Z 1: exit= 0 pts=  4152 BN=   32.06
  [INFO] Z 2: G3 BSTAR prior narrows BN to [  23.20, 160.00]
  [WARN] Z 2: GA optimum at search boundary -- true value may lie outside the search range
  Z 2: exit= 0 pts=  4199 BN=   38.35
  [INFO] Z 3: G3 BSTAR prior narrows BN to [  30.35, 160.00]
  Z 3: exit= 0 pts=  4210 BN=   71.72
  [INFO] Z 4: G3 BSTAR prior narrows BN to [  30.50, 160.00]
  Z 4: exit= 0 pts=  4213 BN=   54.03
  [INFO] Z 5: G3 BSTAR prior narrows BN to [  33.29, 160.00]
  Z 5: exit= 0 pts=  4219 BN=   77.61
  [INFO] Z 6: G3 BSTAR prior narrows BN to [  15.63, 160.00]
  [WARN] Z 6: GA optimum at search boundary -- true value may lie outside the search range
  Z 6: exit= 0 pts=  4268 BN=   18.95
  [INFO] Z 7: G3 BSTAR prior narrows BN to [  20.17, 160.00]
  [WARN] Z 7: GA optimum at search boundary -- true value may lie outside the search range
  Z 7: exit= 0 pts=  4279 BN=   27.82
  [INFO] Z 8: G3 BSTAR prior narrows BN to [  28.06, 160.00]
  [WARN] Z 8: GA optimum at search boundary -- true value may lie outside the search range
  Z 8: exit= 0 pts=  4279 BN=  151.65
  Z1: e=  0.7311 BN=  32.06 (no re-entry)  zstat= 2
  Z2: e=  0.7291 BN=  38.35 (no re-entry)  zstat= 2
  Z3: e=  0.7287 BN=  71.72 (no re-entry)  zstat= 0
  Z4: e=  0.7286 BN=  54.03 (no re-entry)  zstat= 0
  Z5: e=  0.7283 BN=  77.61 (no re-entry)  zstat= 0
  Z6: e=  0.7234 BN=  18.95 (no re-entry)  zstat= 2
  Z7: e=  0.7138 BN=  27.82 (no re-entry)  zstat= 2
  Z8: e=  0.7133 BN= 151.65 (no re-entry)  zstat= 2
  no re-entry in any zone (weak-signal fits; lifetime beyond 5-yr cap)
 [PROGRESS]  28% (18 of 23 objects done, this chunk)

 ===== 41553 Falcon9 R/B       
  [WARN] tle_filter: epoch gap at point     3 (********** -> **********,     51.8 days)
  [WARN] tle_filter: epoch gap at point   117 (********** -> **********,    305.6 days)
  [WARN] tle_filter: epoch gap at point   120 (********** -> **********,     94.7 days)
  pipeline error ierr=  2
 [PROGRESS]  42% (19 of 23 objects done, this chunk)

 ===== 48259 Cosmos1124 deb    
  [WARN] tle_filter: epoch gap at point   978 (********** -> **********,    175.6 days)
  [WARN] tle_filter: epoch gap at point   979 (********** -> **********,     48.6 days)
  pipeline error ierr=  2
 [PROGRESS]  57% (20 of 23 objects done, this chunk)

 ===== 27906 Cosmos1481 deb    
  [WARN] tle_filter: epoch gap at point     2 (********** -> **********,     67.8 days)
  [WARN] tle_filter: epoch gap at point  2036 (********** -> **********,     42.9 days)
  Z 1: exit= 0 pts=  3743 BN=  128.95
  Z 2: exit= 0 pts=  3740 BN=   99.55
  [INFO] Z 3: G3 BSTAR prior narrows BN to [  80.00, 110.84]
  [WARN] Z 3: GA optimum at search boundary -- true value may lie outside the search range
  Z 3: exit= 1 pts=   598 BN=   81.08
  [INFO] Z 4: G3 BSTAR prior narrows BN to [  21.08,  99.08]
  [WARN] Z 4: GA optimum at search boundary -- true value may lie outside the search range
  Z 4: exit= 1 pts=   763 BN=   22.81
  Z1: e=  0.6580 BN= 128.95 (no re-entry)  zstat= 0
  Z2: e=  0.6596 BN=  99.55 (no re-entry)  zstat= 0
  Z3: e=  0.7450 BN=  81.08 RPE=   38.04%  zstat= 2
  Z4: e=  0.7454 BN=  22.81 RPE=   93.69%  zstat= 2
  ensemble (2 of 4 zones): mean JD=  2458537.179 std=   40.6 d
  ENSEMBLE RPE =     2.19%
 [PROGRESS]  71% (21 of 23 objects done, this chunk)

 ===== 27882 Cosmos903 deb     
  [WARN] tle_filter: epoch gap at point     2 (********** -> **********,     32.9 days)
  [WARN] tle_filter: epoch gap at point  1804 (********** -> **********,     31.9 days)
  [INFO] G2 BN floor estimate=    5.00 -> bn_lo=    2.50
  [INFO] Z 1: G3 BSTAR prior narrows BN to [   4.80,  57.10]
  [WARN] Z 1: GA optimum at search boundary -- true value may lie outside the search range
  Z 1: exit= 1 pts=   892 BN=    5.18
  [INFO] Z 2: G3 BSTAR prior narrows BN to [  10.00,  81.55]
  [WARN] Z 2: GA optimum at search boundary -- true value may lie outside the search range
  Z 2: exit= 1 pts=   712 BN=   15.18
  [INFO] Z 3: G3 BSTAR prior narrows BN to [  10.00,  92.93]
  [WARN] Z 3: GA optimum at search boundary -- true value may lie outside the search range
  Z 3: exit= 1 pts=   822 BN=   11.33
  [INFO] Z 4: G3 BSTAR prior narrows BN to [  10.00,  62.67]
  [WARN] Z 4: GA optimum at search boundary -- true value may lie outside the search range
  Z 4: exit= 1 pts=   579 BN=   15.80
  [INFO] Z 5: G3 BSTAR prior narrows BN to [  10.00,  60.75]
  [WARN] Z 5: GA optimum at search boundary -- true value may lie outside the search range
  Z 5: exit= 1 pts=   846 BN=   10.55
  [WARN] Z 6: GA optimum at search boundary -- true value may lie outside the search range
  Z 6: exit= 1 pts=   688 BN=   11.76
  [WARN] Z 7: GA optimum at search boundary -- true value may lie outside the search range
  Z 7: exit= 1 pts=   258 BN=   10.12
  [WARN] Z 8: GA optimum at search boundary -- true value may lie outside the search range
  Z 8: exit= 1 pts=   237 BN=   10.68
  Z1: e=  0.7496 BN=   5.18 RPE=   12.38%  zstat= 2
  Z2: e=  0.7491 BN=  15.18 RPE=    5.48%  zstat= 2
  Z3: e=  0.7491 BN=  11.33 RPE=    5.61%  zstat= 2
  Z4: e=  0.7468 BN=  15.80 RPE=   33.98%  zstat= 2
  Z5: e=  0.7437 BN=  10.55 RPE=   84.79%  zstat= 2
  Z6: e=  0.7426 BN=  11.76 RPE=   71.06%  zstat= 2
  Z7: e=  0.7318 BN=  10.12 RPE=    8.58%  zstat= 2
  Z8: e=  0.7247 BN=  10.68 RPE=    6.45%  zstat= 2
  ensemble (8 of 8 zones): mean JD=  2458622.654 std=   41.1 d
  ENSEMBLE RPE =    13.37%
 [PROGRESS]  85% (22 of 23 objects done, this chunk)

 ===== 39802 SL-12 deb         
  [INFO] G2 BN floor estimate=    5.00 -> bn_lo=    2.50
  [INFO] Z 1: G3 BSTAR prior narrows BN to [   9.40, 111.85]
  [WARN] Z 1: GA optimum at search boundary -- true value may lie outside the search range
  Z 1: exit= 1 pts=  6552 BN=   16.26
  [INFO] Z 2: G3 BSTAR prior narrows BN to [  10.00, 108.21]
  [WARN] Z 2: GA optimum at search boundary -- true value may lie outside the search range
  Z 2: exit= 1 pts=  7097 BN=   12.67
  [INFO] Z 3: G3 BSTAR prior narrows BN to [  10.84, 105.96]
  [WARN] Z 3: GA optimum at search boundary -- true value may lie outside the search range
  Z 3: exit= 1 pts=  7814 BN=   14.14
  [INFO] Z 4: G3 BSTAR prior narrows BN to [  10.67,  86.11]
  [WARN] Z 4: GA optimum at search boundary -- true value may lie outside the search range
  Z 4: exit= 1 pts=  7316 BN=   17.91
  [INFO] Z 5: G3 BSTAR prior narrows BN to [  10.73,  74.99]
  [WARN] Z 5: GA optimum at search boundary -- true value may lie outside the search range
  Z 5: exit= 1 pts=  6656 BN=   14.30
  [INFO] Z 6: G3 BSTAR prior narrows BN to [  10.45,  63.04]
  [WARN] Z 6: GA optimum at search boundary -- true value may lie outside the search range
  Z 6: exit= 1 pts=  5896 BN=   13.06
  [WARN] Z 7: GA optimum at search boundary -- true value may lie outside the search range
  Z 7: exit= 1 pts=  5043 BN=   10.18
  [WARN] Z 8: GA optimum at search boundary -- true value may lie outside the search range
  Z 8: exit= 1 pts=  3706 BN=   10.73
  Z1: e=  0.5760 BN=  16.26 RPE=   36.04%  zstat= 2
  Z2: e=  0.5759 BN=  12.67 RPE=   46.15%  zstat= 2
  Z3: e=  0.5723 BN=  14.14 RPE=   96.25%  zstat= 2
  Z4: e=  0.5722 BN=  17.91 RPE=   88.93%  zstat= 2
  Z5: e=  0.5722 BN=  14.30 RPE=   71.39%  zstat= 2
  Z6: e=  0.5721 BN=  13.06 RPE=   53.88%  zstat= 2
  Z7: e=  0.5717 BN=  10.18 RPE=   36.33%  zstat= 2
  Z8: e=  0.5691 BN=  10.73 RPE=   10.81%  zstat= 2
  ensemble (8 of 8 zones): mean JD=  2459185.176 std=  199.8 d
  ENSEMBLE RPE =    44.47%
 [PROGRESS] 100% (23 of 23 objects done, this chunk)

 campaign complete -> scratch_rpe/rpe_campaign_part_17_23.csv

 ===== 28572 SL-12 deb         
  [WARN] tle_filter: epoch gap at point     2 (********** -> **********,     31.9 days)
  [WARN] tle_filter: epoch gap at point    43 (********** -> **********,    462.3 days)
  [WARN] tle_filter: epoch gap at point   230 (********** -> **********,    108.7 days)
  [WARN] tle_filter: epoch gap at point   231 (********** -> **********,     65.6 days)
  [WARN] tle_filter: epoch gap at point   232 (********** -> **********,    304.0 days)
  [WARN] tle_filter: epoch gap at point   454 (********** -> **********,     40.8 days)
  [WARN] tle_filter: epoch gap at point   461 (********** -> **********,    414.4 days)
  [WARN] tle_filter: epoch gap at point   491 (********** -> **********,     50.4 days)
  [WARN] tle_filter: epoch gap at point   501 (********** -> **********,    137.8 days)
  [WARN] tle_filter: epoch gap at point   517 (********** -> **********,     71.9 days)
  [WARN] tle_filter: epoch gap at point   526 (********** -> **********,     41.5 days)
  [WARN] tle_filter: epoch gap at point   527 (********** -> **********,     55.7 days)
  [WARN] tle_filter: epoch gap at point   528 (********** -> **********,    522.2 days)
  pipeline error ierr=  2
 [PROGRESS]  14% (24 of 30 objects done, this chunk)

 ===== 46429 SL-12 deb         
  pipeline error ierr=  2
 [PROGRESS]  28% (25 of 30 objects done, this chunk)

 ===== 44591 CZ-3A deb         
  [WARN] tle_filter: epoch gap at point    40 (********** -> **********,     52.7 days)
  [WARN] tle_filter: epoch gap at point    69 (********** -> **********,     55.9 days)
  pipeline error ierr=  2
 [PROGRESS]  42% (26 of 30 objects done, this chunk)

 ===== 41695 SL-12 deb         
  [WARN] tle_filter: epoch gap at point    20 (********** -> **********,    134.5 days)
  [WARN] tle_filter: epoch gap at point    97 (********** -> **********,    410.3 days)
  [WARN] tle_filter: epoch gap at point   122 (********** -> **********,     46.6 days)
  [WARN] tle_filter: epoch gap at point   129 (********** -> **********,    390.5 days)
  [WARN] tle_filter: epoch gap at point   139 (********** -> **********,     93.6 days)
  [WARN] tle_filter: epoch gap at point   182 (********** -> **********,     41.8 days)
  [WARN] tle_filter: epoch gap at point   215 (********** -> **********,     40.8 days)
  [WARN] tle_filter: epoch gap at point   237 (********** -> **********,     30.7 days)
  [WARN] tle_filter: epoch gap at point   311 (********** -> **********,    121.6 days)
  [INFO] G2 BN floor estimate=    5.00 -> bn_lo=    2.50
  [INFO] Z 1: G3 BSTAR prior narrows BN to [   3.44,  40.98]
  [WARN] Z 1: GA optimum at search boundary -- true value may lie outside the search range
  Z 1: exit= 0 pts=  8125 BN=    3.72
  [INFO] Z 2: G3 BSTAR prior narrows BN to [   4.50,  53.53]
  Z 2: exit= 1 pts=  7999 BN=   35.17
  [INFO] Z 3: G3 BSTAR prior narrows BN to [  10.00,  39.77]
  [WARN] Z 3: GA optimum at search boundary -- true value may lie outside the search range
  Z 3: exit= 1 pts=  3717 BN=   10.96
  [INFO] Z 4: G3 BSTAR prior narrows BN to [  10.00,  59.32]
  [WARN] Z 4: GA optimum at search boundary -- true value may lie outside the search range
  Z 4: exit= 1 pts=  4302 BN=   10.05
  [INFO] Z 5: G3 BSTAR prior narrows BN to [  10.00,  41.42]
  Z 5: exit= 0 pts=  8465 BN=   31.03
  [INFO] Z 6: G3 BSTAR prior narrows BN to [  10.00,  39.18]
  [WARN] Z 6: GA optimum at search boundary -- true value may lie outside the search range
  Z 6: exit= 0 pts=  8481 BN=   35.81
  Z1: e=  0.5610 BN=   3.72 (no re-entry)  zstat= 2
  Z2: e=  0.5461 BN=  35.17 RPE=   30.04%  zstat= 0
  Z3: e=  0.5593 BN=  10.96 RPE=   38.32%  zstat= 2
  Z4: e=  0.5551 BN=  10.05 RPE=   65.88%  zstat= 2
  Z5: e=  0.5471 BN=  31.03 (no re-entry)  zstat= 0
  Z6: e=  0.5474 BN=  35.81 (no re-entry)  zstat= 2
  ensemble (3 of 6 zones): mean JD=  2460016.836 std=   96.3 d
  ENSEMBLE RPE =    14.28%
 [PROGRESS]  57% (27 of 30 objects done, this chunk)

 ===== 52205 Cosmos917 deb     
  [INFO] G2 BN floor estimate=   27.83 -> bn_lo=   13.91
  [INFO] Z 1: G3 BSTAR prior narrows BN to [  17.95, 160.00]
  Z 1: exit= 1 pts=   183 BN=   69.68
  Z 2: exit= 1 pts=   158 BN=   57.77
  Z 3: exit= 1 pts=   143 BN=   57.32
  [WARN] Z 4: GA optimum at search boundary -- true value may lie outside the search range
  Z 4: exit= 1 pts=   126 BN=   66.31
  [WARN] Z 5: GA optimum at search boundary -- true value may lie outside the search range
  Z 5: exit= 1 pts=   111 BN=   54.92
  [WARN] Z 6: GA optimum at search boundary -- true value may lie outside the search range
  Z 6: exit= 1 pts=   147 BN=   34.40
  Z1: e=  0.7514 BN=  69.68 RPE=  -15.63%  zstat= 0
  Z2: e=  0.7509 BN=  57.77 RPE=  -20.09%  zstat= 0
  Z3: e=  0.7498 BN=  57.32 RPE=  -20.43%  zstat= 0
  Z4: e=  0.7480 BN=  66.31 RPE=  -20.74%  zstat= 2
  Z5: e=  0.7427 BN=  54.92 RPE=  -10.45%  zstat= 2
  Z6: e=  0.7187 BN=  34.40 RPE=   48.45%  zstat= 2
  ensemble (6 of 6 zones): mean JD=  2459750.268 std=    8.7 d
  ENSEMBLE RPE =    -8.32%
 [PROGRESS]  71% (28 of 30 objects done, this chunk)

 ===== 45349 SL-12 deb         
  [INFO] G2 BN floor estimate=    5.00 -> bn_lo=    2.50
  [INFO] Z 1: G3 BSTAR prior narrows BN to [   4.31,  51.35]
  [WARN] Z 1: GA optimum at search boundary -- true value may lie outside the search range
  Z 1: exit= 0 pts=  7912 BN=    8.69
  [INFO] Z 2: G3 BSTAR prior narrows BN to [   4.46,  53.05]
  [WARN] Z 2: GA optimum at search boundary -- true value may lie outside the search range
  Z 2: exit= 0 pts=  7962 BN=    9.25
  [INFO] Z 3: G3 BSTAR prior narrows BN to [   4.90,  58.27]
  [WARN] Z 3: GA optimum at search boundary -- true value may lie outside the search range
  Z 3: exit= 1 pts=  7411 BN=    6.49
  [INFO] Z 4: G3 BSTAR prior narrows BN to [  10.00,  68.32]
  [WARN] Z 4: GA optimum at search boundary -- true value may lie outside the search range
  Z 4: exit= 1 pts=  7539 BN=   14.88
  [INFO] Z 5: G3 BSTAR prior narrows BN to [  10.00,  57.87]
  [WARN] Z 5: GA optimum at search boundary -- true value may lie outside the search range
  Z 5: exit= 1 pts=  5337 BN=   10.29
  [INFO] Z 6: G3 BSTAR prior narrows BN to [  10.00,  39.94]
  [WARN] Z 6: GA optimum at search boundary -- true value may lie outside the search range
  Z 6: exit= 1 pts=  4486 BN=   10.35
  [INFO] Z 7: G3 BSTAR prior narrows BN to [  10.00,  39.74]
  [WARN] Z 7: GA optimum at search boundary -- true value may lie outside the search range
  Z 7: exit= 1 pts=  4668 BN=   12.07
  [INFO] Z 8: G3 BSTAR prior narrows BN to [  10.00,  38.35]
  [WARN] Z 8: GA optimum at search boundary -- true value may lie outside the search range
  Z 8: exit= 1 pts=  6020 BN=   10.06
  Z1: e=  0.5792 BN=   8.69 (no re-entry)  zstat= 2
  Z2: e=  0.5778 BN=   9.25 (no re-entry)  zstat= 2
  Z3: e=  0.5731 BN=   6.49 RPE=  164.82%  zstat= 2
  Z4: e=  0.5643 BN=  14.88 RPE=  259.56%  zstat= 2
  Z5: e=  0.5601 BN=  10.29 RPE=  197.77%  zstat= 2
  Z6: e=  0.5045 BN=  10.35 RPE=  166.73%  zstat= 2
  Z7: e=  0.4886 BN=  12.07 RPE=  179.97%  zstat= 2
  Z8: e=  0.4288 BN=  10.06 RPE=  266.76%  zstat= 2
  ensemble (6 of 8 zones): mean JD=  2460473.921 std=  233.6 d
  ENSEMBLE RPE =   118.97%
 [PROGRESS]  85% (29 of 30 objects done, this chunk)

 ===== 23647 Titan34B deb      
  pipeline error ierr=  2
 [PROGRESS] 100% (30 of 30 objects done, this chunk)

 campaign complete -> scratch_rpe/rpe_campaign_part_24_30.csv
