
 ===== 27901 Cosmos1261 deb    
  [WARN] tle_filter: epoch gap at point     2 (********** -> **********,    121.8 days)
  [WARN] tle_filter: epoch gap at point   266 (********** -> **********,     48.2 days)
  [REFINE] Z 1: e= 0.616436 bn=  97.96  =>  e= 0.616439 bn=  97.96  nevals= 25
  Z 1: exit= 0 pts=  3675 BN=   97.96
  [REFINE] Z 2: e= 0.587903 bn= 118.97  =>  e= 0.587908 bn= 118.97  nevals= 25
  Z 2: exit= 0 pts=  3676 BN=  118.97
  [REFINE] Z 3: e= 0.585113 bn= 110.77  =>  e= 0.585118 bn= 110.77  nevals= 25
  Z 3: exit= 0 pts=  3676 BN=  110.77
  [REFINE] Z 4: e= 0.583859 bn= 127.99  =>  e= 0.583859 bn= 127.99  nevals= 25
  Z 4: exit= 0 pts=  3675 BN=  127.99
  [REFINE] Z 5: e= 0.573237 bn= 116.86  =>  e= 0.573237 bn= 116.86  nevals= 25
  Z 5: exit= 0 pts=  3676 BN=  116.86
  [REFINE] Z 6: e= 0.566885 bn=  97.03  =>  e= 0.566885 bn=  97.03  nevals= 25
  Z 6: exit= 0 pts=  3675 BN=   97.03
  [INFO] Z 7: G3 BSTAR prior narrows BN to [  80.00, 139.60]
  [WARN] Z 7: RSM envelope does not bound   5 of  17 observations -- proceeding anyway
  [REFINE] Z 7: e= 0.749484 bn=  80.78  =>  e= 0.749486 bn=  80.00  nevals= 25
  [WARN] Z 7: GA optimum at search boundary -- true value may lie outside the search range
  Z 7: exit= 1 pts=   336 BN=   80.00
  [INFO] Z 8: G3 BSTAR prior narrows BN to [  60.00, 157.71]
  [REFINE] Z 8: e= 0.743643 bn=  60.57  =>  e= 0.743939 bn=  60.00  nevals= 25
  [WARN] Z 8: GA optimum at search boundary -- true value may lie outside the search range
  Z 8: exit= 1 pts=   163 BN=   60.00
  Z1: e=  0.6164 BN=  97.96 (no re-entry)  zstat= 0
  Z2: e=  0.5879 BN= 118.97 (no re-entry)  zstat= 0
  Z3: e=  0.5851 BN= 110.77 (no re-entry)  zstat= 0
  Z4: e=  0.5839 BN= 127.99 (no re-entry)  zstat= 0
  Z5: e=  0.5732 BN= 116.86 (no re-entry)  zstat= 0
  Z6: e=  0.5669 BN=  97.03 (no re-entry)  zstat= 0
  Z7: e=  0.7495 BN=  80.00 RPE=    0.98%  zstat= 2
  Z8: e=  0.7439 BN=  60.00 RPE=  -14.50%  zstat= 2
  ensemble (2 of 8 zones): mean JD=  2460871.265 std=    6.5 d
  ENSEMBLE RPE =    -0.05%
 [PROGRESS]  20% (46 of 50 objects done, this chunk)

 ===== 41679 SL-12 deb         
  [INFO] G2 BN floor estimate=    5.00 -> bn_lo=    2.50
  [INFO] Z 1: G3 BSTAR prior narrows BN to [   8.09,  96.22]
  [REFINE] Z 1: e= 0.578186 bn=  10.43  =>  e= 0.578191 bn=   8.09  nevals= 25
  [WARN] Z 1: GA optimum at search boundary -- true value may lie outside the search range
  Z 1: exit= 0 pts=  7850 BN=    8.09
  [INFO] Z 2: G3 BSTAR prior narrows BN to [   7.95,  94.59]
  [WARN] Z 2: RSM envelope does not bound   1 of  10 observations -- proceeding anyway
  [REFINE] Z 2: e= 0.577501 bn=   9.35  =>  e= 0.577495 bn=   7.95  nevals= 25
  [WARN] Z 2: GA optimum at search boundary -- true value may lie outside the search range
  Z 2: exit= 0 pts=  7873 BN=    7.95
  [INFO] Z 3: G3 BSTAR prior narrows BN to [   8.31,  98.85]
  [REFINE] Z 3: e= 0.577143 bn=  19.81  =>  e= 0.577153 bn=   8.31  nevals= 25
  [WARN] Z 3: GA optimum at search boundary -- true value may lie outside the search range
  Z 3: exit= 0 pts=  7883 BN=    8.31
  [INFO] Z 4: G3 BSTAR prior narrows BN to [   9.34, 111.16]
  [REFINE] Z 4: e= 0.576644 bn=  38.05  =>  e= 0.576644 bn=   9.34  nevals= 25
  Z 4: exit= 0 pts=  7893 BN=    9.34
  [INFO] Z 5: G3 BSTAR prior narrows BN to [   7.14,  84.93]
  [WARN] Z 5: RSM envelope does not bound  10 of  16 observations -- proceeding anyway
  [REFINE] Z 5: e= 0.575030 bn=  11.44  =>  e= 0.574987 bn=   7.14  nevals= 25
  [WARN] Z 5: GA optimum at search boundary -- true value may lie outside the search range
  Z 5: exit= 0 pts=  7933 BN=    7.14
  [INFO] Z 6: G3 BSTAR prior narrows BN to [   6.62,  78.84]
  [WARN] Z 6: RSM envelope does not bound   3 of  14 observations -- proceeding anyway
  [REFINE] Z 6: e= 0.574320 bn=   7.16  =>  e= 0.574313 bn=   6.62  nevals= 25
  [WARN] Z 6: GA optimum at search boundary -- true value may lie outside the search range
  Z 6: exit= 0 pts=  7987 BN=    6.62
  [INFO] Z 7: G3 BSTAR prior narrows BN to [   7.20,  85.75]
  [WARN] Z 7: RSM envelope does not bound   1 of  10 observations -- proceeding anyway
  [REFINE] Z 7: e= 0.573722 bn=   9.29  =>  e= 0.573725 bn=   7.20  nevals= 25
  [WARN] Z 7: GA optimum at search boundary -- true value may lie outside the search range
  Z 7: exit= 1 pts=  6829 BN=    7.20
  [INFO] Z 8: G3 BSTAR prior narrows BN to [  10.00,  74.80]
  [WARN] Z 8: RSM envelope does not bound   4 of  14 observations -- proceeding anyway
  [REFINE] Z 8: e= 0.571660 bn=  10.47  =>  e= 0.571690 bn=  10.00  nevals= 25
  [WARN] Z 8: GA optimum at search boundary -- true value may lie outside the search range
  Z 8: exit= 1 pts=  3083 BN=   10.00
  Z1: e=  0.5782 BN=   8.09 (no re-entry)  zstat= 2
  Z2: e=  0.5775 BN=   7.95 (no re-entry)  zstat= 2
  Z3: e=  0.5772 BN=   8.31 (no re-entry)  zstat= 2
  Z4: e=  0.5766 BN=   9.34 (no re-entry)  zstat= 0
  Z5: e=  0.5750 BN=   7.14 (no re-entry)  zstat= 2
  Z6: e=  0.5743 BN=   6.62 (no re-entry)  zstat= 2
  Z7: e=  0.5737 BN=   7.20 RPE=  -33.46%  zstat= 2
  Z8: e=  0.5717 BN=  10.00 RPE=  -65.93%  zstat= 2
  ensemble (2 of 8 zones): mean JD=  2459939.482 std=  344.1 d
  ENSEMBLE RPE =   -38.70%
 [PROGRESS]  40% (47 of 50 objects done, this chunk)

 ===== 44892 SL-12 deb         
  [INFO] G2 BN floor estimate=    5.00 -> bn_lo=    2.50
  [INFO] Z 1: G3 BSTAR prior narrows BN to [   7.19,  85.58]
  [WARN] Z 1: RSM envelope does not bound   6 of  10 observations -- proceeding anyway
  [REFINE] Z 1: e= 0.597040 bn=  14.80  =>  e= 0.597012 bn=   7.19  nevals= 25
  [WARN] Z 1: GA optimum at search boundary -- true value may lie outside the search range
  Z 1: exit= 1 pts=  4061 BN=    7.19
  Z1: e=  0.5970 BN=   7.19 RPE=  -57.55%  zstat= 2
  ensemble (1 of 1 zones): mean JD=  2459694.380 std=    0.0 d
  ENSEMBLE RPE =   -57.55%
 [PROGRESS]  60% (48 of 50 objects done, this chunk)

 ===== 45036 SL-12 deb         
  [WARN] tle_filter: epoch gap at point   308 (********** -> **********,     41.4 days)
  [WARN] tle_filter: epoch gap at point   309 (********** -> **********,     31.3 days)
  [INFO] G2 BN floor estimate=    5.00 -> bn_lo=    2.50
  [INFO] Z 1: G3 BSTAR prior narrows BN to [   4.13,  49.20]
  [WARN] Z 1: RSM envelope does not bound   2 of  16 observations -- proceeding anyway
  [REFINE] Z 1: e= 0.580169 bn=   5.27  =>  e= 0.580183 bn=   4.13  nevals= 25
  [WARN] Z 1: GA optimum at search boundary -- true value may lie outside the search range
  Z 1: exit= 1 pts=  7411 BN=    4.13
  [INFO] Z 2: G3 BSTAR prior narrows BN to [  10.00,  68.71]
  [REFINE] Z 2: e= 0.576820 bn=  11.05  =>  e= 0.576811 bn=  10.00  nevals= 25
  [WARN] Z 2: GA optimum at search boundary -- true value may lie outside the search range
  Z 2: exit= 1 pts=  6045 BN=   10.00
  [INFO] Z 3: G3 BSTAR prior narrows BN to [  55.34, 246.72]
  [REFINE] Z 3: e= 0.572401 bn= 229.72  =>  e= 0.572401 bn= 172.30  nevals= 25
  [WARN] Z 3: GA optimum at search boundary -- true value may lie outside the search range
  Z 3: exit= 1 pts=  5613 BN=  172.30
  [INFO] Z 4: G3 BSTAR prior narrows BN to [  18.85, 224.34]
  [REFINE] Z 4: e= 0.570875 bn=  23.25  =>  e= 0.570881 bn=  18.85  nevals= 25
  [WARN] Z 4: GA optimum at search boundary -- true value may lie outside the search range
  Z 4: exit= 1 pts=  5924 BN=   18.85
  [INFO] Z 5: G3 BSTAR prior narrows BN to [  10.00,  36.24]
  [WARN] Z 5: RSM envelope does not bound   4 of  11 observations -- proceeding anyway
  [REFINE] Z 5: e= 0.568863 bn=  10.05  =>  e= 0.568888 bn=  10.00  nevals= 25
  [WARN] Z 5: GA optimum at search boundary -- true value may lie outside the search range
  Z 5: exit= 1 pts=  3095 BN=   10.00
  [INFO] Z 6: G3 BSTAR prior narrows BN to [  10.00,  43.52]
  [WARN] Z 6: RSM envelope does not bound   5 of  15 observations -- proceeding anyway
  [REFINE] Z 6: e= 0.557473 bn=  10.34  =>  e= 0.557499 bn=  10.00  nevals= 25
  [WARN] Z 6: GA optimum at search boundary -- true value may lie outside the search range
  Z 6: exit= 1 pts=  2879 BN=   10.00
  [INFO] Z 7: G3 BSTAR prior narrows BN to [  10.00,  49.43]
  [REFINE] Z 7: e= 0.510515 bn=  10.42  =>  e= 0.510471 bn=  10.00  nevals= 25
  [WARN] Z 7: GA optimum at search boundary -- true value may lie outside the search range
  Z 7: exit= 1 pts=  5240 BN=   10.00
  [INFO] Z 8: G3 BSTAR prior narrows BN to [  10.00,  49.96]
  [REFINE] Z 8: e= 0.497011 bn=  11.80  =>  e= 0.497062 bn=  10.00  nevals= 25
  [WARN] Z 8: GA optimum at search boundary -- true value may lie outside the search range
  Z 8: exit= 1 pts=  8800 BN=   10.00
  Z1: e=  0.5802 BN=   4.13 RPE=  -28.81%  zstat= 2
  Z2: e=  0.5768 BN=  10.00 RPE=  -38.76%  zstat= 2
  Z3: e=  0.5724 BN= 172.30 RPE=  -33.12%  zstat= 2
  Z4: e=  0.5709 BN=  18.85 RPE=  -33.50%  zstat= 2
  Z5: e=  0.5689 BN=  10.00 RPE=  -64.65%  zstat= 2
  Z6: e=  0.5575 BN=  10.00 RPE=  -68.73%  zstat= 2
  Z7: e=  0.5105 BN=  10.00 RPE=  -48.53%  zstat= 2
  Z8: e=  0.4971 BN=  10.00 RPE=  -14.49%  zstat= 2
  ensemble (8 of 8 zones): mean JD=  2460154.790 std=  287.5 d
  ENSEMBLE RPE =   -34.75%
 [PROGRESS]  80% (49 of 50 objects done, this chunk)

 ===== 44563 SL-12 deb         
  pipeline error ierr=  2
 [PROGRESS] 100% (50 of 50 objects done, this chunk)

 campaign complete -> scratch_rpe/rpe_campaign_part_46_50_irefine2.csv
