
 ===== run  42: NORAD  19881  lead  180 d
  [WARN] tle_filter: epoch gap at point     2 (********** -> **********,     35.9 days)
  [WARN] tle_filter: epoch gap at point     3 (********** -> **********,     34.9 days)
  [WARN] tle_filter: epoch gap at point     4 (********** -> **********,     33.9 days)
  [WARN] tle_filter: epoch gap at point     6 (********** -> **********,   1078.5 days)
  [WARN] tle_filter: epoch gap at point    54 (********** -> **********,    855.3 days)
  [WARN] tle_filter: epoch gap at point   110 (********** -> **********,    161.0 days)
  [WARN] tle_filter: epoch gap at point   149 (********** -> **********,     94.8 days)
  [WARN] tle_filter: epoch gap at point   203 (********** -> **********,     64.8 days)
  [WARN] tle_filter: epoch gap at point   250 (********** -> **********,     50.0 days)
  [WARN] tle_filter: epoch gap at point   258 (********** -> **********,     41.9 days)
  [WARN] tle_filter: epoch gap at point   259 (********** -> **********,     31.0 days)
  [WARN] tle_filter: epoch gap at point   260 (********** -> **********,     41.9 days)
  [WARN] tle_filter: epoch gap at point   263 (********** -> **********,     51.0 days)
  [WARN] tle_filter: epoch gap at point   265 (********** -> **********,     31.9 days)
  [WARN] tle_filter: epoch gap at point   266 (********** -> **********,    129.6 days)
  [WARN] tle_filter: epoch gap at point   267 (********** -> **********,     30.0 days)
  [WARN] tle_filter: epoch gap at point   311 (********** -> **********,     62.9 days)
  [WARN] tle_filter: epoch gap at point   312 (********** -> **********,     75.7 days)
  [WARN] tle_filter: epoch gap at point   319 (********** -> **********,     53.8 days)
  [WARN] tle_filter: epoch gap at point   321 (********** -> **********,     35.7 days)
  [WARN] tle_filter: epoch gap at point   322 (********** -> **********,     30.9 days)
  [WARN] tle_filter: epoch gap at point   370 (********** -> **********,     30.9 days)
  [WARN] tle_filter: epoch gap at point   371 (********** -> **********,     30.9 days)
  [WARN] tle_filter: epoch gap at point   373 (********** -> **********,     68.8 days)
  [WARN] tle_filter: epoch gap at point   383 (********** -> **********,     44.3 days)
  Z 1: exit= 0 pts=  3837 BN=  123.19
  no zone predicted a re-entry
 [PROGRESS] run  42 done (chunk  42- 61

 ===== run  43: NORAD  19881  lead  365 d
  [WARN] tle_filter: epoch gap at point     2 (********** -> **********,     35.9 days)
  [WARN] tle_filter: epoch gap at point     3 (********** -> **********,     34.9 days)
  [WARN] tle_filter: epoch gap at point     4 (********** -> **********,     33.9 days)
  [WARN] tle_filter: epoch gap at point     6 (********** -> **********,   1078.5 days)
  [WARN] tle_filter: epoch gap at point    54 (********** -> **********,    855.3 days)
  [WARN] tle_filter: epoch gap at point   110 (********** -> **********,    161.0 days)
  [WARN] tle_filter: epoch gap at point   149 (********** -> **********,     94.8 days)
  [WARN] tle_filter: epoch gap at point   203 (********** -> **********,     64.8 days)
  [WARN] tle_filter: epoch gap at point   250 (********** -> **********,     50.0 days)
  [WARN] tle_filter: epoch gap at point   258 (********** -> **********,     41.9 days)
  [WARN] tle_filter: epoch gap at point   259 (********** -> **********,     31.0 days)
  [WARN] tle_filter: epoch gap at point   260 (********** -> **********,     41.9 days)
  [WARN] tle_filter: epoch gap at point   263 (********** -> **********,     51.0 days)
  [WARN] tle_filter: epoch gap at point   265 (********** -> **********,     31.9 days)
  [WARN] tle_filter: epoch gap at point   266 (********** -> **********,    129.6 days)
  [WARN] tle_filter: epoch gap at point   267 (********** -> **********,     30.0 days)
  [WARN] tle_filter: epoch gap at point   311 (********** -> **********,     62.9 days)
  [WARN] tle_filter: epoch gap at point   312 (********** -> **********,     75.7 days)
  [WARN] tle_filter: epoch gap at point   319 (********** -> **********,     53.8 days)
  [WARN] tle_filter: epoch gap at point   321 (********** -> **********,     35.7 days)
  [WARN] tle_filter: epoch gap at point   322 (********** -> **********,     30.9 days)
  [WARN] tle_filter: epoch gap at point   370 (********** -> **********,     30.9 days)
  [WARN] tle_filter: epoch gap at point   371 (********** -> **********,     30.9 days)
  [WARN] tle_filter: epoch gap at point   373 (********** -> **********,     68.8 days)
  [WARN] tle_filter: epoch gap at point   383 (********** -> **********,     44.3 days)
  Z 1: exit= 0 pts=  3837 BN=  123.19
  no zone predicted a re-entry
 [PROGRESS] run  43 done (chunk  42- 61

 ===== run  44: NORAD   5980  lead   30 d
  [WARN] tle_filter: epoch gap at point     8 (********** -> **********,     40.5 days)
  [WARN] tle_filter: epoch gap at point    32 (********** -> **********,     60.1 days)
  [WARN] tle_filter: epoch gap at point    33 (********** -> **********,     31.0 days)
  [WARN] tle_filter: epoch gap at point    54 (********** -> **********,     63.2 days)
  [WARN] tle_filter: epoch gap at point   109 (********** -> **********,     50.1 days)
  [WARN] tle_filter: epoch gap at point   111 (********** -> **********,     31.8 days)
  [WARN] tle_filter: epoch gap at point   122 (********** -> **********,     30.6 days)
  [WARN] tle_filter: epoch gap at point   192 (********** -> **********,     34.8 days)
  [WARN] tle_filter: epoch gap at point   200 (********** -> **********,     31.5 days)
  [WARN] tle_filter: epoch gap at point   272 (********** -> **********,    110.5 days)
  [INFO] G2 BN floor estimate=   10.08 -> bn_lo=    5.04
  Z 1: exit= 0 pts= 15924 BN=   30.10
  [WARN] Z 2: GA optimum at search boundary -- true value may lie outside the search range
  Z 2: exit= 0 pts= 16834 BN=   14.72
  [WARN] Z 3: GA optimum at search boundary -- true value may lie outside the search range
  Z 3: exit= 1 pts= 13672 BN=    6.54
  [WARN] Z 4: GA optimum at search boundary -- true value may lie outside the search range
  Z 4: exit= 0 pts= 18286 BN=   18.39
  [WARN] Z 5: GA optimum at search boundary -- true value may lie outside the search range
  Z 5: exit= 0 pts= 18400 BN=   16.77
  [WARN] Z 6: GA optimum at search boundary -- true value may lie outside the search range
  Z 6: exit= 1 pts= 16496 BN=   10.21
  [WARN] Z 7: GA optimum at search boundary -- true value may lie outside the search range
  Z 7: exit= 1 pts= 10351 BN=   10.74
  [INFO] Z 8: G3 BSTAR prior narrows BN to [  57.55, 304.91]
  [WARN] Z 8: GA optimum at search boundary -- true value may lie outside the search range
  Z 8: exit= 0 pts= 20001 BN=   58.36
  PRIMARY Z 7 RPE=   -16.53%   ENSEMBLE RPE=    -8.39%
 [PROGRESS] run  44 done (chunk  42- 61

 ===== run  45: NORAD   5980  lead   90 d
  [WARN] tle_filter: epoch gap at point     8 (********** -> **********,     40.5 days)
  [WARN] tle_filter: epoch gap at point    32 (********** -> **********,     60.1 days)
  [WARN] tle_filter: epoch gap at point    33 (********** -> **********,     31.0 days)
  [WARN] tle_filter: epoch gap at point    54 (********** -> **********,     63.2 days)
  [WARN] tle_filter: epoch gap at point   109 (********** -> **********,     50.1 days)
  [WARN] tle_filter: epoch gap at point   111 (********** -> **********,     31.8 days)
  [WARN] tle_filter: epoch gap at point   122 (********** -> **********,     30.6 days)
  [WARN] tle_filter: epoch gap at point   192 (********** -> **********,     34.8 days)
  [WARN] tle_filter: epoch gap at point   200 (********** -> **********,     31.5 days)
  [WARN] tle_filter: epoch gap at point   272 (********** -> **********,    110.5 days)
  [INFO] G2 BN floor estimate=   10.08 -> bn_lo=    5.04
  Z 1: exit= 0 pts= 15924 BN=   30.10
  [WARN] Z 2: GA optimum at search boundary -- true value may lie outside the search range
  Z 2: exit= 0 pts= 16834 BN=   14.72
  [WARN] Z 3: GA optimum at search boundary -- true value may lie outside the search range
  Z 3: exit= 1 pts= 13672 BN=    6.54
  [WARN] Z 4: GA optimum at search boundary -- true value may lie outside the search range
  Z 4: exit= 0 pts= 18286 BN=   18.39
  [WARN] Z 5: GA optimum at search boundary -- true value may lie outside the search range
  Z 5: exit= 0 pts= 18400 BN=   16.77
  [WARN] Z 6: GA optimum at search boundary -- true value may lie outside the search range
  Z 6: exit= 1 pts= 16496 BN=   10.21
  [WARN] Z 7: GA optimum at search boundary -- true value may lie outside the search range
  Z 7: exit= 1 pts= 10351 BN=   10.74
  [INFO] Z 8: G3 BSTAR prior narrows BN to [  57.55, 304.91]
  [WARN] Z 8: GA optimum at search boundary -- true value may lie outside the search range
  Z 8: exit= 0 pts= 20001 BN=   58.36
  PRIMARY Z 7 RPE=   -16.53%   ENSEMBLE RPE=    -8.39%
 [PROGRESS] run  45 done (chunk  42- 61

 ===== run  46: NORAD   5980  lead  180 d
  [WARN] tle_filter: epoch gap at point     8 (********** -> **********,     40.5 days)
  [WARN] tle_filter: epoch gap at point    32 (********** -> **********,     60.1 days)
  [WARN] tle_filter: epoch gap at point    33 (********** -> **********,     31.0 days)
  [WARN] tle_filter: epoch gap at point    54 (********** -> **********,     63.2 days)
  [WARN] tle_filter: epoch gap at point   109 (********** -> **********,     50.1 days)
  [WARN] tle_filter: epoch gap at point   111 (********** -> **********,     31.8 days)
  [WARN] tle_filter: epoch gap at point   122 (********** -> **********,     30.6 days)
  [WARN] tle_filter: epoch gap at point   192 (********** -> **********,     34.8 days)
  [WARN] tle_filter: epoch gap at point   200 (********** -> **********,     31.5 days)
  [WARN] tle_filter: epoch gap at point   272 (********** -> **********,    110.5 days)
  [INFO] G2 BN floor estimate=   10.08 -> bn_lo=    5.04
  Z 1: exit= 0 pts= 15924 BN=   30.10
  [WARN] Z 2: GA optimum at search boundary -- true value may lie outside the search range
  Z 2: exit= 0 pts= 16834 BN=   14.72
  [WARN] Z 3: GA optimum at search boundary -- true value may lie outside the search range
  Z 3: exit= 1 pts= 13672 BN=    6.54
  [WARN] Z 4: GA optimum at search boundary -- true value may lie outside the search range
  Z 4: exit= 0 pts= 18286 BN=   18.39
  [WARN] Z 5: GA optimum at search boundary -- true value may lie outside the search range
  Z 5: exit= 0 pts= 18400 BN=   16.77
  [WARN] Z 6: GA optimum at search boundary -- true value may lie outside the search range
  Z 6: exit= 1 pts= 16496 BN=   10.21
  [WARN] Z 7: GA optimum at search boundary -- true value may lie outside the search range
  Z 7: exit= 1 pts= 10351 BN=   10.74
  [INFO] Z 8: G3 BSTAR prior narrows BN to [  57.55, 304.91]
  [WARN] Z 8: GA optimum at search boundary -- true value may lie outside the search range
  Z 8: exit= 0 pts= 20001 BN=   58.36
  PRIMARY Z 7 RPE=   -16.53%   ENSEMBLE RPE=    -8.39%
 [PROGRESS] run  46 done (chunk  42- 61

 ===== run  47: NORAD   5980  lead  365 d
  [WARN] tle_filter: epoch gap at point     8 (********** -> **********,     40.5 days)
  [WARN] tle_filter: epoch gap at point    32 (********** -> **********,     60.1 days)
  [WARN] tle_filter: epoch gap at point    33 (********** -> **********,     31.0 days)
  [WARN] tle_filter: epoch gap at point    54 (********** -> **********,     63.2 days)
  [WARN] tle_filter: epoch gap at point   109 (********** -> **********,     50.1 days)
  [WARN] tle_filter: epoch gap at point   111 (********** -> **********,     31.8 days)
  [WARN] tle_filter: epoch gap at point   122 (********** -> **********,     30.6 days)
  [WARN] tle_filter: epoch gap at point   192 (********** -> **********,     34.8 days)
  [WARN] tle_filter: epoch gap at point   200 (********** -> **********,     31.5 days)
  [WARN] tle_filter: epoch gap at point   272 (********** -> **********,    110.5 days)
  [INFO] G2 BN floor estimate=   10.08 -> bn_lo=    5.04
  Z 1: exit= 0 pts= 15924 BN=   30.10
  [WARN] Z 2: GA optimum at search boundary -- true value may lie outside the search range
  Z 2: exit= 0 pts= 16834 BN=   14.72
  [WARN] Z 3: GA optimum at search boundary -- true value may lie outside the search range
  Z 3: exit= 1 pts= 13672 BN=    6.54
  [WARN] Z 4: GA optimum at search boundary -- true value may lie outside the search range
  Z 4: exit= 0 pts= 18286 BN=   18.39
  [WARN] Z 5: GA optimum at search boundary -- true value may lie outside the search range
  Z 5: exit= 0 pts= 18400 BN=   16.77
  [WARN] Z 6: GA optimum at search boundary -- true value may lie outside the search range
  Z 6: exit= 1 pts= 16496 BN=   10.21
  [WARN] Z 7: GA optimum at search boundary -- true value may lie outside the search range
  Z 7: exit= 1 pts= 10351 BN=   10.74
  [INFO] Z 8: G3 BSTAR prior narrows BN to [  57.55, 304.91]
  [WARN] Z 8: GA optimum at search boundary -- true value may lie outside the search range
  Z 8: exit= 0 pts= 20001 BN=   58.36
  PRIMARY Z 7 RPE=   -16.53%   ENSEMBLE RPE=    -8.39%
 [PROGRESS] run  47 done (chunk  42- 61

 ===== run  48: NORAD   4570  lead   30 d
  [WARN] tle_filter: epoch gap at point   135 (********** -> **********,     38.7 days)
  [INFO] G2 BN floor estimate=   16.04 -> bn_lo=    8.02
  Z 1: exit= 1 pts=   391 BN=   61.08
  [WARN] Z 2: GA optimum at search boundary -- true value may lie outside the search range
  Z 2: exit= 1 pts=   692 BN=   27.13
  PRIMARY Z 2 RPE=    -6.14%   ENSEMBLE RPE=   -21.94%
 [PROGRESS] run  48 done (chunk  42- 61

 ===== run  49: NORAD   4570  lead   90 d
  [INFO] G2 BN floor estimate=   16.04 -> bn_lo=    8.02
  Z 1: exit= 1 pts=   391 BN=   61.08
  [WARN] Z 2: GA optimum at search boundary -- true value may lie outside the search range
  Z 2: exit= 1 pts=   692 BN=   27.13
  PRIMARY Z 2 RPE=    -6.14%   ENSEMBLE RPE=   -21.94%
 [PROGRESS] run  49 done (chunk  42- 61

 ===== run  50: NORAD   4570  lead  180 d
  [INFO] G2 BN floor estimate=   16.04 -> bn_lo=    8.02
  Z 1: exit= 1 pts=   391 BN=   61.08
  PRIMARY Z 1 RPE=   -38.37%   ENSEMBLE RPE=   -38.37%
 [PROGRESS] run  50 done (chunk  42- 61

 ===== run  51: NORAD   4570  lead  365 d
  pipeline error ierr=  2
 [PROGRESS] run  51 done (chunk  42- 61

 ===== run  52: NORAD  10724  lead   30 d
  [WARN] tle_filter: epoch gap at point     3 (********** -> **********,     94.3 days)
  [WARN] tle_filter: epoch gap at point    27 (********** -> **********,    113.2 days)
  [WARN] tle_filter: epoch gap at point    28 (********** -> **********,    238.8 days)
  [WARN] tle_filter: epoch gap at point    45 (********** -> **********,    186.3 days)
  [WARN] tle_filter: epoch gap at point   132 (********** -> **********,     32.5 days)
  [WARN] tle_filter: epoch gap at point   137 (********** -> **********,     32.0 days)
  [WARN] tle_filter: epoch gap at point   167 (********** -> **********,     42.4 days)
  [WARN] tle_filter: epoch gap at point   169 (********** -> **********,     35.0 days)
  [INFO] G2 BN floor estimate=   15.92 -> bn_lo=    7.96
  [INFO] Z 1: G3 BSTAR prior narrows BN to [  25.63, 160.00]
  [WARN] Z 1: GA optimum at search boundary -- true value may lie outside the search range
  Z 1: exit= 0 pts= 11145 BN=   27.36
  [INFO] Z 2: G3 BSTAR prior narrows BN to [  26.70, 160.00]
  [WARN] Z 2: GA optimum at search boundary -- true value may lie outside the search range
  Z 2: exit= 2 pts=  9433 BN=   28.68
  [INFO] Z 3: G3 BSTAR prior narrows BN to [  27.27, 160.00]
  [WARN] Z 3: GA optimum at search boundary -- true value may lie outside the search range
  Z 3: exit= 1 pts=  8411 BN=   30.03
  [INFO] Z 4: G3 BSTAR prior narrows BN to [  28.29, 198.01]
  [WARN] Z 4: GA optimum at search boundary -- true value may lie outside the search range
  Z 4: exit= 0 pts= 12454 BN=   39.95
  [INFO] Z 5: G3 BSTAR prior narrows BN to [  28.67, 198.01]
  [WARN] Z 5: GA optimum at search boundary -- true value may lie outside the search range
  Z 5: exit= 0 pts= 12726 BN=   31.58
  [INFO] Z 6: G3 BSTAR prior narrows BN to [  28.68, 198.01]
  [WARN] Z 6: GA optimum at search boundary -- true value may lie outside the search range
  Z 6: exit= 1 pts= 13443 BN=   34.20
  [INFO] Z 7: G3 BSTAR prior narrows BN to [  25.32, 245.01]
  [WARN] Z 7: GA optimum at search boundary -- true value may lie outside the search range
  Z 7: exit= 0 pts= 14240 BN=   26.04
  PRIMARY Z 6 RPE=   143.58%   ENSEMBLE RPE=    62.78%
 [PROGRESS] run  52 done (chunk  42- 61

 ===== run  53: NORAD  10724  lead   90 d
  [WARN] tle_filter: epoch gap at point     3 (********** -> **********,     94.3 days)
  [WARN] tle_filter: epoch gap at point    27 (********** -> **********,    113.2 days)
  [WARN] tle_filter: epoch gap at point    28 (********** -> **********,    238.8 days)
  [WARN] tle_filter: epoch gap at point    45 (********** -> **********,    186.3 days)
  [WARN] tle_filter: epoch gap at point   132 (********** -> **********,     32.5 days)
  [WARN] tle_filter: epoch gap at point   137 (********** -> **********,     32.0 days)
  [WARN] tle_filter: epoch gap at point   167 (********** -> **********,     42.4 days)
  [WARN] tle_filter: epoch gap at point   169 (********** -> **********,     35.0 days)
  [INFO] G2 BN floor estimate=   15.92 -> bn_lo=    7.96
  [INFO] Z 1: G3 BSTAR prior narrows BN to [  25.63, 160.00]
  [WARN] Z 1: GA optimum at search boundary -- true value may lie outside the search range
  Z 1: exit= 0 pts= 11145 BN=   27.36
  [INFO] Z 2: G3 BSTAR prior narrows BN to [  26.70, 160.00]
  [WARN] Z 2: GA optimum at search boundary -- true value may lie outside the search range
  Z 2: exit= 2 pts=  9433 BN=   28.68
  [INFO] Z 3: G3 BSTAR prior narrows BN to [  27.27, 160.00]
  [WARN] Z 3: GA optimum at search boundary -- true value may lie outside the search range
  Z 3: exit= 1 pts=  8411 BN=   30.03
  [INFO] Z 4: G3 BSTAR prior narrows BN to [  28.29, 198.01]
  [WARN] Z 4: GA optimum at search boundary -- true value may lie outside the search range
  Z 4: exit= 0 pts= 12454 BN=   39.95
  [INFO] Z 5: G3 BSTAR prior narrows BN to [  28.67, 198.01]
  [WARN] Z 5: GA optimum at search boundary -- true value may lie outside the search range
  Z 5: exit= 0 pts= 12726 BN=   31.58
  [INFO] Z 6: G3 BSTAR prior narrows BN to [  28.68, 198.01]
  [WARN] Z 6: GA optimum at search boundary -- true value may lie outside the search range
  Z 6: exit= 1 pts= 13443 BN=   34.20
  [INFO] Z 7: G3 BSTAR prior narrows BN to [  25.32, 245.01]
  [WARN] Z 7: GA optimum at search boundary -- true value may lie outside the search range
  Z 7: exit= 0 pts= 14240 BN=   26.04
  PRIMARY Z 6 RPE=   143.58%   ENSEMBLE RPE=    62.78%
 [PROGRESS] run  53 done (chunk  42- 61

 ===== run  54: NORAD  10724  lead  180 d
  [WARN] tle_filter: epoch gap at point     3 (********** -> **********,     94.3 days)
  [WARN] tle_filter: epoch gap at point    27 (********** -> **********,    113.2 days)
  [WARN] tle_filter: epoch gap at point    28 (********** -> **********,    238.8 days)
  [WARN] tle_filter: epoch gap at point    45 (********** -> **********,    186.3 days)
  [WARN] tle_filter: epoch gap at point   132 (********** -> **********,     32.5 days)
  [WARN] tle_filter: epoch gap at point   137 (********** -> **********,     32.0 days)
  [WARN] tle_filter: epoch gap at point   167 (********** -> **********,     42.4 days)
  [WARN] tle_filter: epoch gap at point   169 (********** -> **********,     35.0 days)
  [INFO] G2 BN floor estimate=   15.92 -> bn_lo=    7.96
  [INFO] Z 1: G3 BSTAR prior narrows BN to [  25.63, 160.00]
  [WARN] Z 1: GA optimum at search boundary -- true value may lie outside the search range
  Z 1: exit= 0 pts= 11145 BN=   27.36
  [INFO] Z 2: G3 BSTAR prior narrows BN to [  26.70, 160.00]
  [WARN] Z 2: GA optimum at search boundary -- true value may lie outside the search range
  Z 2: exit= 2 pts=  9433 BN=   28.68
  [INFO] Z 3: G3 BSTAR prior narrows BN to [  27.27, 160.00]
  [WARN] Z 3: GA optimum at search boundary -- true value may lie outside the search range
  Z 3: exit= 1 pts=  8411 BN=   30.03
  [INFO] Z 4: G3 BSTAR prior narrows BN to [  28.29, 198.01]
  [WARN] Z 4: GA optimum at search boundary -- true value may lie outside the search range
  Z 4: exit= 0 pts= 12454 BN=   39.95
  [INFO] Z 5: G3 BSTAR prior narrows BN to [  28.67, 198.01]
  [WARN] Z 5: GA optimum at search boundary -- true value may lie outside the search range
  Z 5: exit= 0 pts= 12726 BN=   31.58
  [INFO] Z 6: G3 BSTAR prior narrows BN to [  28.68, 198.01]
  [WARN] Z 6: GA optimum at search boundary -- true value may lie outside the search range
  Z 6: exit= 1 pts= 13443 BN=   34.20
  [INFO] Z 7: G3 BSTAR prior narrows BN to [  25.32, 245.01]
  [WARN] Z 7: GA optimum at search boundary -- true value may lie outside the search range
  Z 7: exit= 0 pts= 14240 BN=   26.04
  PRIMARY Z 6 RPE=   143.58%   ENSEMBLE RPE=    62.78%
 [PROGRESS] run  54 done (chunk  42- 61

 ===== run  55: NORAD  10724  lead  365 d
  [WARN] tle_filter: epoch gap at point     3 (********** -> **********,     94.3 days)
  [WARN] tle_filter: epoch gap at point    27 (********** -> **********,    113.2 days)
  [WARN] tle_filter: epoch gap at point    28 (********** -> **********,    238.8 days)
  [WARN] tle_filter: epoch gap at point    45 (********** -> **********,    186.3 days)
  [WARN] tle_filter: epoch gap at point   132 (********** -> **********,     32.5 days)
  [WARN] tle_filter: epoch gap at point   137 (********** -> **********,     32.0 days)
  [WARN] tle_filter: epoch gap at point   167 (********** -> **********,     42.4 days)
  [WARN] tle_filter: epoch gap at point   169 (********** -> **********,     35.0 days)
  [INFO] G2 BN floor estimate=   15.92 -> bn_lo=    7.96
  [INFO] Z 1: G3 BSTAR prior narrows BN to [  25.63, 160.00]
  [WARN] Z 1: GA optimum at search boundary -- true value may lie outside the search range
  Z 1: exit= 0 pts= 11145 BN=   27.36
  [INFO] Z 2: G3 BSTAR prior narrows BN to [  26.70, 160.00]
  [WARN] Z 2: GA optimum at search boundary -- true value may lie outside the search range
  Z 2: exit= 2 pts=  9433 BN=   28.68
  [INFO] Z 3: G3 BSTAR prior narrows BN to [  27.27, 160.00]
  [WARN] Z 3: GA optimum at search boundary -- true value may lie outside the search range
  Z 3: exit= 1 pts=  8411 BN=   30.03
  [INFO] Z 4: G3 BSTAR prior narrows BN to [  28.29, 198.01]
  [WARN] Z 4: GA optimum at search boundary -- true value may lie outside the search range
  Z 4: exit= 0 pts= 12454 BN=   39.95
  [INFO] Z 5: G3 BSTAR prior narrows BN to [  28.67, 198.01]
  [WARN] Z 5: GA optimum at search boundary -- true value may lie outside the search range
  Z 5: exit= 0 pts= 12726 BN=   31.58
  [INFO] Z 6: G3 BSTAR prior narrows BN to [  28.68, 198.01]
  [WARN] Z 6: GA optimum at search boundary -- true value may lie outside the search range
  Z 6: exit= 1 pts= 13443 BN=   34.20
  [INFO] Z 7: G3 BSTAR prior narrows BN to [  25.32, 245.01]
  [WARN] Z 7: GA optimum at search boundary -- true value may lie outside the search range
  Z 7: exit= 0 pts= 14240 BN=   26.04
  PRIMARY Z 6 RPE=   143.58%   ENSEMBLE RPE=    62.78%
 [PROGRESS] run  55 done (chunk  42- 61

 ===== run  56: NORAD  28140  lead   30 d
  Z 1: exit= 0 pts=  1603 BN=  136.60
  [WARN] Z 2: GA optimum at search boundary -- true value may lie outside the search range
  Z 2: exit= 0 pts=  1603 BN=  107.83
  Z 3: exit= 0 pts=  1603 BN=  114.49
  Z 4: exit= 0 pts=  1603 BN=   98.16
  [WARN] Z 5: GA optimum at search boundary -- true value may lie outside the search range
  Z 5: exit= 0 pts=  1603 BN=   86.66
  Z 6: exit= 0 pts=  1602 BN=  103.41
  Z 7: exit= 0 pts=  1603 BN=  139.79
  Z 8: exit= 2 pts=  1355 BN=  116.05
  no zone predicted a re-entry
 [PROGRESS] run  56 done (chunk  42- 61

 ===== run  57: NORAD  28140  lead   90 d
  Z 1: exit= 0 pts=  1603 BN=  136.60
  [WARN] Z 2: GA optimum at search boundary -- true value may lie outside the search range
  Z 2: exit= 0 pts=  1603 BN=  107.83
  Z 3: exit= 0 pts=  1603 BN=  114.49
  Z 4: exit= 0 pts=  1603 BN=   98.16
  [WARN] Z 5: GA optimum at search boundary -- true value may lie outside the search range
  Z 5: exit= 0 pts=  1603 BN=   86.66
  Z 6: exit= 0 pts=  1602 BN=  103.41
  Z 7: exit= 0 pts=  1603 BN=  139.79
  Z 8: exit= 2 pts=  1355 BN=  116.05
  no zone predicted a re-entry
 [PROGRESS] run  57 done (chunk  42- 61

 ===== run  58: NORAD  28140  lead  180 d
  Z 1: exit= 0 pts=  1603 BN=  136.60
  [WARN] Z 2: GA optimum at search boundary -- true value may lie outside the search range
  Z 2: exit= 0 pts=  1603 BN=  107.83
  Z 3: exit= 0 pts=  1603 BN=  114.49
  Z 4: exit= 0 pts=  1603 BN=   98.16
  [WARN] Z 5: GA optimum at search boundary -- true value may lie outside the search range
  Z 5: exit= 0 pts=  1603 BN=   86.66
  Z 6: exit= 0 pts=  1602 BN=  103.41
  Z 7: exit= 0 pts=  1603 BN=  139.79
  Z 8: exit= 2 pts=  1355 BN=  116.05
  no zone predicted a re-entry
 [PROGRESS] run  58 done (chunk  42- 61

 ===== run  59: NORAD  28140  lead  365 d
  Z 1: exit= 0 pts=  1603 BN=  136.60
  [WARN] Z 2: GA optimum at search boundary -- true value may lie outside the search range
  Z 2: exit= 0 pts=  1603 BN=  107.83
  Z 3: exit= 0 pts=  1603 BN=  114.49
  Z 4: exit= 0 pts=  1603 BN=   98.16
  [WARN] Z 5: GA optimum at search boundary -- true value may lie outside the search range
  Z 5: exit= 0 pts=  1603 BN=   86.66
  Z 6: exit= 0 pts=  1602 BN=  103.41
  Z 7: exit= 0 pts=  1603 BN=  139.79
  Z 8: exit= 2 pts=  1355 BN=  116.05
  no zone predicted a re-entry
 [PROGRESS] run  59 done (chunk  42- 61

 ===== run  60: NORAD  44911  lead   30 d
  Z 1: exit= 0 pts=  1759 BN=  140.02
  [WARN] Z 2: GA optimum at search boundary -- true value may lie outside the search range
  Z 2: exit= 0 pts=  1760 BN=   87.62
  [WARN] Z 3: GA optimum at search boundary -- true value may lie outside the search range
  Z 3: exit= 0 pts=  1760 BN=   84.81
  [WARN] Z 4: RSM envelope does not bound   5 of  17 observations -- proceeding anyway
  [WARN] Z 4: GA optimum at search boundary -- true value may lie outside the search range
  Z 4: exit= 0 pts=  1759 BN=   89.71
  [WARN] Z 5: RSM envelope does not bound   5 of  16 observations -- proceeding anyway
  [WARN] Z 5: GA optimum at search boundary -- true value may lie outside the search range
  Z 5: exit= 0 pts=  1759 BN=  131.49
  [WARN] Z 6: RSM envelope does not bound  10 of  13 observations -- proceeding anyway
  [WARN] Z 6: GA optimum at search boundary -- true value may lie outside the search range
  Z 6: exit= 0 pts=  1759 BN=  133.93
  [WARN] Z 7: RSM envelope does not bound  13 of  14 observations -- proceeding anyway
  [WARN] Z 7: GA optimum at search boundary -- true value may lie outside the search range
  Z 7: exit= 0 pts=  1760 BN=   83.70
  [WARN] Z 8: RSM envelope does not bound  12 of  19 observations -- proceeding anyway
  [WARN] Z 8: GA optimum at search boundary -- true value may lie outside the search range
  Z 8: exit= 0 pts=  1759 BN=   88.88
  no zone predicted a re-entry
 [PROGRESS] run  60 done (chunk  42- 61

 ===== run  61: NORAD  44911  lead   90 d
  Z 1: exit= 0 pts=  1759 BN=  140.02
  [WARN] Z 2: GA optimum at search boundary -- true value may lie outside the search range
  Z 2: exit= 0 pts=  1760 BN=   87.62
  [WARN] Z 3: GA optimum at search boundary -- true value may lie outside the search range
  Z 3: exit= 0 pts=  1760 BN=   84.81
  [WARN] Z 4: RSM envelope does not bound   5 of  17 observations -- proceeding anyway
  [WARN] Z 4: GA optimum at search boundary -- true value may lie outside the search range
  Z 4: exit= 0 pts=  1759 BN=   89.71
  [WARN] Z 5: RSM envelope does not bound   5 of  16 observations -- proceeding anyway
  [WARN] Z 5: GA optimum at search boundary -- true value may lie outside the search range
  Z 5: exit= 0 pts=  1759 BN=  131.49
  [WARN] Z 6: RSM envelope does not bound  10 of  13 observations -- proceeding anyway
  [WARN] Z 6: GA optimum at search boundary -- true value may lie outside the search range
  Z 6: exit= 0 pts=  1759 BN=  133.93
  [WARN] Z 7: RSM envelope does not bound  13 of  14 observations -- proceeding anyway
  [WARN] Z 7: GA optimum at search boundary -- true value may lie outside the search range
  Z 7: exit= 0 pts=  1760 BN=   83.70
  [WARN] Z 8: RSM envelope does not bound  12 of  19 observations -- proceeding anyway
  [WARN] Z 8: GA optimum at search boundary -- true value may lie outside the search range
  Z 8: exit= 0 pts=  1759 BN=   88.88
  no zone predicted a re-entry
 [PROGRESS] run  61 done (chunk  42- 61

 campaign complete -> scratch_rpe/manuscript23/results_summary_part_042_061.csv
